=== BENCHMARK COMPLETO | INICIO: 08/09/2026 22:03:31 ===

--- MÉTRICAS DE INFRAESTRUCTURA ---
  [OK] T_deploy total: 184.56 segundos
  [OK] Nodo node-a - CPU Reposo (Global): 1% | RAM Reposo (Global): 823 MB
  [OK] Nodo node-a - Tiempo Real Arranque: 1592.41 ms
  [OK] Nodo node-b - CPU Reposo (Global): 0% | RAM Reposo (Global): 838 MB
  [OK] Nodo node-b - Tiempo Real Arranque: 1218.33 ms


==================================================
 TEST RUN 1 (Prueba de Estrés)
==================================================

==================================================
1. EVALUACIÓN Y ENTRENAMIENTO DEL MODELO IA
==================================================
-> Archivo 'best_model.pth' encontrado en caché.

==================================================
2. DISTRIBUYENDO EL MODELO VÍA ZEROMQ + MSGPACK
==================================================
Worker [tcp://192.168.98.143:30000] respondió: Modelo cargado
Worker [tcp://192.168.98.144:30000] respondió: Modelo cargado

==================================================
3. INICIANDO BENCHMARK DE INFERENCIA (RED ZEROMQ + MSGPACK)
==================================================

==================================================
 RESULTADOS DE LA COMPARATIVA TÉCNICA (ZeroMQ + MessagePack) 
==================================================
Protocolo de Comunicación:     ZeroMQ (MessagePack)
Tiempo Total (s):              0.26 s
Throughput (img/s):            7613.00
Tasa de Éxito (%):             100.0 %
Latencia RTT Promedio (ms):    260.23 ms
Tiempo T_proc Promedio (ms):   234.55 ms
Pico Máx. RAM Worker (MB):     284.27 MB
CPU Promedio (%):              187.55 %
Payload Promedio por Nodo (MB): 2.99 MB
==================================================


==================================================
 TEST RUN 2 (Prueba de Estrés)
==================================================

==================================================
1. EVALUACIÓN Y ENTRENAMIENTO DEL MODELO IA
==================================================
-> Archivo 'best_model.pth' encontrado en caché.

==================================================
2. DISTRIBUYENDO EL MODELO VÍA ZEROMQ + MSGPACK
==================================================
Worker [tcp://192.168.98.143:30000] respondió: Modelo cargado
Worker [tcp://192.168.98.144:30000] respondió: Modelo cargado

==================================================
3. INICIANDO BENCHMARK DE INFERENCIA (RED ZEROMQ + MSGPACK)
==================================================

==================================================
 RESULTADOS DE LA COMPARATIVA TÉCNICA (ZeroMQ + MessagePack) 
==================================================
Protocolo de Comunicación:     ZeroMQ (MessagePack)
Tiempo Total (s):              0.40 s
Throughput (img/s):            4968.89
Tasa de Éxito (%):             100.0 %
Latencia RTT Promedio (ms):    305.61 ms
Tiempo T_proc Promedio (ms):   191.47 ms
Pico Máx. RAM Worker (MB):     266.26 MB
CPU Promedio (%):              195.65 %
Payload Promedio por Nodo (MB): 2.99 MB
==================================================
