=== BENCHMARK COMPLETO | INICIO: 30/08/2026 04:31:30 ===

--- MÉTRICAS DE INFRAESTRUCTURA ---
  [OK] T_deploy total: 222.53 segundos
  [OK] Nodo node-a - CPU Reposo (Global): 1% | RAM Reposo (Global): 794 MB
  [OK] Nodo node-a - Tiempo Real Arranque: 1827.85 ms
  [OK] Nodo node-b - CPU Reposo (Global): 0% | RAM Reposo (Global): 838 MB
  [OK] Nodo node-b - Tiempo Real Arranque: 2181.63 ms


==================================================
 TEST RUN 1 (Prueba de Estrés)
==================================================

==================================================
1. EVALUACIÓN Y ENTRENAMIENTO DEL MODELO IA
==================================================
-> Archivo 'best_model.pth' encontrado en caché.

==================================================
2. DISTRIBUYENDO EL MODELO VÍA ZEROMQ + MSGPACK
==================================================
Worker [tcp://192.168.98.143:30000] respondió: Modelo cargado
Worker [tcp://192.168.98.144:30000] respondió: Modelo cargado

==================================================
3. INICIANDO BENCHMARK DE INFERENCIA (RED ZEROMQ + MSGPACK)
==================================================

==================================================
 RESULTADOS DE LA COMPARATIVA TÉCNICA (ZeroMQ + MessagePack) 
==================================================
Protocolo de Comunicación:     ZeroMQ (MessagePack)
Tiempo Total (s):              0.42 s
Throughput (img/s):            4741.67
Tasa de Éxito (%):             100.0 %
Latencia RTT Promedio (ms):    326.05 ms
Tiempo T_proc Promedio (ms):   203.49 ms
Pico Máx. RAM Worker (MB):     284.94 MB
CPU Promedio (%):              191.70 %
Payload Promedio por Nodo (MB): 2.99 MB
==================================================


==================================================
 TEST RUN 2 (Prueba de Estrés)
==================================================

==================================================
1. EVALUACIÓN Y ENTRENAMIENTO DEL MODELO IA
==================================================
-> Archivo 'best_model.pth' encontrado en caché.

==================================================
2. DISTRIBUYENDO EL MODELO VÍA ZEROMQ + MSGPACK
==================================================
Worker [tcp://192.168.98.143:30000] respondió: Modelo cargado
Worker [tcp://192.168.98.144:30000] respondió: Modelo cargado

==================================================
3. INICIANDO BENCHMARK DE INFERENCIA (RED ZEROMQ + MSGPACK)
==================================================

==================================================
 RESULTADOS DE LA COMPARATIVA TÉCNICA (ZeroMQ + MessagePack) 
==================================================
Protocolo de Comunicación:     ZeroMQ (MessagePack)
Tiempo Total (s):              0.29 s
Throughput (img/s):            6930.85
Tasa de Éxito (%):             100.0 %
Latencia RTT Promedio (ms):    258.49 ms
Tiempo T_proc Promedio (ms):   216.52 ms
Pico Máx. RAM Worker (MB):     283.38 MB
CPU Promedio (%):              189.45 %
Payload Promedio por Nodo (MB): 2.99 MB
==================================================
