=== BENCHMARK COMPLETO | INICIO: 08/09/2026 22:30:12 ===

--- MÉTRICAS DE INFRAESTRUCTURA ---
  [OK] T_deploy total: 83.39 segundos
  [OK] Nodo node-a - CPU Reposo (Global): 1% | RAM Reposo (Global): 807 MB
  [OK] Nodo node-a - Tiempo Real Arranque: 846.61 ms
  [OK] Nodo node-b - CPU Reposo (Global): 1% | RAM Reposo (Global): 819 MB
  [OK] Nodo node-b - Tiempo Real Arranque: 1042.33 ms


==================================================
 TEST RUN 1 (Prueba de Estrés)
==================================================

==================================================
1. EVALUACIÓN Y ENTRENAMIENTO DEL MODELO IA
==================================================
-> Archivo 'best_model.pth' encontrado en caché.

==================================================
2. DISTRIBUYENDO EL MODELO VÍA ZEROMQ + MSGPACK
==================================================
Worker [tcp://192.168.98.143:30000] respondió: Modelo cargado
Worker [tcp://192.168.98.144:30000] respondió: Modelo cargado

==================================================
3. INICIANDO BENCHMARK DE INFERENCIA (RED ZEROMQ + MSGPACK)
==================================================

==================================================
 RESULTADOS DE LA COMPARATIVA TÉCNICA (ZeroMQ + MessagePack) 
==================================================
Protocolo de Comunicación:     ZeroMQ (MessagePack)
Tiempo Total (s):              0.26 s
Throughput (img/s):            7821.94
Tasa de Éxito (%):             100.0 %
Latencia RTT Promedio (ms):    249.50 ms
Tiempo T_proc Promedio (ms):   231.63 ms
Pico Máx. RAM Worker (MB):     284.21 MB
CPU Promedio (%):              185.65 %
Payload Promedio por Nodo (MB): 2.99 MB
==================================================


==================================================
 TEST RUN 2 (Prueba de Estrés)
==================================================

==================================================
1. EVALUACIÓN Y ENTRENAMIENTO DEL MODELO IA
==================================================
-> Archivo 'best_model.pth' encontrado en caché.

==================================================
2. DISTRIBUYENDO EL MODELO VÍA ZEROMQ + MSGPACK
==================================================
Worker [tcp://192.168.98.143:30000] respondió: Modelo cargado
Worker [tcp://192.168.98.144:30000] respondió: Modelo cargado

==================================================
3. INICIANDO BENCHMARK DE INFERENCIA (RED ZEROMQ + MSGPACK)
==================================================

==================================================
 RESULTADOS DE LA COMPARATIVA TÉCNICA (ZeroMQ + MessagePack) 
==================================================
Protocolo de Comunicación:     ZeroMQ (MessagePack)
Tiempo Total (s):              0.24 s
Throughput (img/s):            8481.53
Tasa de Éxito (%):             100.0 %
Latencia RTT Promedio (ms):    229.43 ms
Tiempo T_proc Promedio (ms):   199.18 ms
Pico Máx. RAM Worker (MB):     263.20 MB
CPU Promedio (%):              198.30 %
Payload Promedio por Nodo (MB): 2.99 MB
==================================================
