=== BENCHMARK COMPLETO | INICIO: 08/09/2026 22:17:25 ===

--- MÉTRICAS DE INFRAESTRUCTURA ---
  [OK] T_deploy total: 90.87 segundos
  [OK] Nodo node-a - CPU Reposo (Global): 0% | RAM Reposo (Global): 806 MB
  [OK] Nodo node-a - Tiempo Real Arranque: 1001.53 ms
  [OK] Nodo node-b - CPU Reposo (Global): 1% | RAM Reposo (Global): 795 MB
  [OK] Nodo node-b - Tiempo Real Arranque: 1503.57 ms


==================================================
 TEST RUN 1 (Prueba de Estrés)
==================================================

==================================================
1. EVALUACIÓN Y ENTRENAMIENTO DEL MODELO IA
==================================================
-> Archivo 'best_model.pth' encontrado en caché.

==================================================
2. DISTRIBUYENDO EL MODELO VÍA ZEROMQ + MSGPACK
==================================================
Worker [tcp://192.168.98.143:30000] respondió: Modelo cargado
Worker [tcp://192.168.98.144:30000] respondió: Modelo cargado

==================================================
3. INICIANDO BENCHMARK DE INFERENCIA (RED ZEROMQ + MSGPACK)
==================================================

==================================================
 RESULTADOS DE LA COMPARATIVA TÉCNICA (ZeroMQ + MessagePack) 
==================================================
Protocolo de Comunicación:     ZeroMQ (MessagePack)
Tiempo Total (s):              0.45 s
Throughput (img/s):            4428.09
Tasa de Éxito (%):             100.0 %
Latencia RTT Promedio (ms):    349.19 ms
Tiempo T_proc Promedio (ms):   217.38 ms
Pico Máx. RAM Worker (MB):     287.14 MB
CPU Promedio (%):              191.25 %
Payload Promedio por Nodo (MB): 2.99 MB
==================================================


==================================================
 TEST RUN 2 (Prueba de Estrés)
==================================================

==================================================
1. EVALUACIÓN Y ENTRENAMIENTO DEL MODELO IA
==================================================
-> Archivo 'best_model.pth' encontrado en caché.

==================================================
2. DISTRIBUYENDO EL MODELO VÍA ZEROMQ + MSGPACK
==================================================
Worker [tcp://192.168.98.143:30000] respondió: Modelo cargado
Worker [tcp://192.168.98.144:30000] respondió: Modelo cargado

==================================================
3. INICIANDO BENCHMARK DE INFERENCIA (RED ZEROMQ + MSGPACK)
==================================================

==================================================
 RESULTADOS DE LA COMPARATIVA TÉCNICA (ZeroMQ + MessagePack) 
==================================================
Protocolo de Comunicación:     ZeroMQ (MessagePack)
Tiempo Total (s):              0.25 s
Throughput (img/s):            7947.50
Tasa de Éxito (%):             100.0 %
Latencia RTT Promedio (ms):    231.00 ms
Tiempo T_proc Promedio (ms):   216.82 ms
Pico Máx. RAM Worker (MB):     282.38 MB
CPU Promedio (%):              189.70 %
Payload Promedio por Nodo (MB): 2.99 MB
==================================================
