=== BENCHMARK COMPLETO | INICIO: 16/09/2026 15:00:01 ===

--- MÉTRICAS DE INFRAESTRUCTURA ---
  [OK] T_deploy total: 138.28 segundos
  [OK] Nodo node-a - CPU Reposo (Global): 1% | RAM Reposo (Global): 816 MB
  [OK] Nodo node-a - Tiempo Real Arranque: 1966.26 ms
  [OK] Nodo node-b - CPU Reposo (Global): 1% | RAM Reposo (Global): 792 MB
  [OK] Nodo node-b - Tiempo Real Arranque: 1523.07 ms


==================================================
 TEST RUN 1 (Prueba de Estrés)
==================================================

==================================================
1. EVALUACIÓN Y ENTRENAMIENTO DEL MODELO IA
==================================================
-> Archivo 'best_model.pth' encontrado en caché.

==================================================
2. DISTRIBUYENDO EL MODELO VÍA ZEROMQ + MSGPACK
==================================================
Worker [tcp://192.168.98.143:30000] respondió: Modelo cargado
Worker [tcp://192.168.98.144:30000] respondió: Modelo cargado

==================================================
3. INICIANDO BENCHMARK DE INFERENCIA (RED ZEROMQ + MSGPACK)
==================================================

==================================================
 RESULTADOS DE LA COMPARATIVA TÉCNICA (ZeroMQ + MessagePack) 
==================================================
Protocolo de Comunicación:     ZeroMQ (MessagePack)
Tiempo Total (s):              0.42 s
Throughput (img/s):            4764.80
Tasa de Éxito (%):             100.0 %
Latencia RTT Promedio (ms):    327.39 ms
Tiempo T_proc Promedio (ms):   198.29 ms
Pico Máx. RAM Worker (MB):     285.50 MB
CPU Promedio (%):              189.30 %
Payload Promedio por Nodo (MB): 2.99 MB
==================================================


==================================================
 TEST RUN 2 (Prueba de Estrés)
==================================================

==================================================
1. EVALUACIÓN Y ENTRENAMIENTO DEL MODELO IA
==================================================
-> Archivo 'best_model.pth' encontrado en caché.

==================================================
2. DISTRIBUYENDO EL MODELO VÍA ZEROMQ + MSGPACK
==================================================
Worker [tcp://192.168.98.143:30000] respondió: Modelo cargado
Worker [tcp://192.168.98.144:30000] respondió: Modelo cargado

==================================================
3. INICIANDO BENCHMARK DE INFERENCIA (RED ZEROMQ + MSGPACK)
==================================================

==================================================
 RESULTADOS DE LA COMPARATIVA TÉCNICA (ZeroMQ + MessagePack) 
==================================================
Protocolo de Comunicación:     ZeroMQ (MessagePack)
Tiempo Total (s):              0.24 s
Throughput (img/s):            8178.05
Tasa de Éxito (%):             100.0 %
Latencia RTT Promedio (ms):    224.91 ms
Tiempo T_proc Promedio (ms):   207.63 ms
Pico Máx. RAM Worker (MB):     284.49 MB
CPU Promedio (%):              188.95 %
Payload Promedio por Nodo (MB): 2.99 MB
==================================================
