=== BENCHMARK COMPLETO | INICIO: 16/09/2026 14:45:01 ===

--- MÉTRICAS DE INFRAESTRUCTURA ---
  [OK] T_deploy total: 180.43 segundos
  [OK] Nodo node-a - CPU Reposo (Global): 0% | RAM Reposo (Global): 823 MB
  [OK] Nodo node-a - Tiempo Real Arranque: 1385.82 ms
  [OK] Nodo node-b - CPU Reposo (Global): 1% | RAM Reposo (Global): 824 MB
  [OK] Nodo node-b - Tiempo Real Arranque: 1581.74 ms


==================================================
 TEST RUN 1 (Prueba de Estrés)
==================================================

==================================================
1. EVALUACIÓN Y ENTRENAMIENTO DEL MODELO IA
==================================================
-> Archivo 'best_model.pth' encontrado en caché.

==================================================
2. DISTRIBUYENDO EL MODELO VÍA ZEROMQ + MSGPACK
==================================================
Worker [tcp://192.168.98.143:30000] respondió: Modelo cargado
Worker [tcp://192.168.98.144:30000] respondió: Modelo cargado

==================================================
3. INICIANDO BENCHMARK DE INFERENCIA (RED ZEROMQ + MSGPACK)
==================================================

==================================================
 RESULTADOS DE LA COMPARATIVA TÉCNICA (ZeroMQ + MessagePack) 
==================================================
Protocolo de Comunicación:     ZeroMQ (MessagePack)
Tiempo Total (s):              0.43 s
Throughput (img/s):            4699.05
Tasa de Éxito (%):             100.0 %
Latencia RTT Promedio (ms):    330.10 ms
Tiempo T_proc Promedio (ms):   205.68 ms
Pico Máx. RAM Worker (MB):     287.56 MB
CPU Promedio (%):              196.95 %
Payload Promedio por Nodo (MB): 2.99 MB
==================================================


==================================================
 TEST RUN 2 (Prueba de Estrés)
==================================================

==================================================
1. EVALUACIÓN Y ENTRENAMIENTO DEL MODELO IA
==================================================
-> Archivo 'best_model.pth' encontrado en caché.

==================================================
2. DISTRIBUYENDO EL MODELO VÍA ZEROMQ + MSGPACK
==================================================
Worker [tcp://192.168.98.143:30000] respondió: Modelo cargado
Worker [tcp://192.168.98.144:30000] respondió: Modelo cargado

==================================================
3. INICIANDO BENCHMARK DE INFERENCIA (RED ZEROMQ + MSGPACK)
==================================================

==================================================
 RESULTADOS DE LA COMPARATIVA TÉCNICA (ZeroMQ + MessagePack) 
==================================================
Protocolo de Comunicación:     ZeroMQ (MessagePack)
Tiempo Total (s):              0.42 s
Throughput (img/s):            4763.47
Tasa de Éxito (%):             100.0 %
Latencia RTT Promedio (ms):    327.95 ms
Tiempo T_proc Promedio (ms):   201.53 ms
Pico Máx. RAM Worker (MB):     286.31 MB
CPU Promedio (%):              195.90 %
Payload Promedio por Nodo (MB): 2.99 MB
==================================================
