=== BENCHMARK COMPLETO | INICIO: 16/09/2026 16:23:45 ===

--- MÉTRICAS DE INFRAESTRUCTURA ---
  [OK] T_deploy total: 67.64 segundos
  [OK] Nodo node-a - CPU Reposo (Global): 1% | RAM Reposo (Global): 802 MB
  [OK] Nodo node-a - Tiempo Real Arranque: 861.74 ms
  [OK] Nodo node-b - CPU Reposo (Global): 1% | RAM Reposo (Global): 830 MB
  [OK] Nodo node-b - Tiempo Real Arranque: 1085.65 ms


==================================================
 TEST RUN 1 (Prueba de Estrés)
==================================================

==================================================
1. EVALUACIÓN Y ENTRENAMIENTO DEL MODELO IA
==================================================
-> Archivo 'best_model.pth' encontrado en caché.

==================================================
2. DISTRIBUYENDO EL MODELO VÍA ZEROMQ + MSGPACK
==================================================
Worker [tcp://192.168.98.143:30000] respondió: Modelo cargado
Worker [tcp://192.168.98.144:30000] respondió: Modelo cargado

==================================================
3. INICIANDO BENCHMARK DE INFERENCIA (RED ZEROMQ + MSGPACK)
==================================================

==================================================
 RESULTADOS DE LA COMPARATIVA TÉCNICA (ZeroMQ + MessagePack) 
==================================================
Protocolo de Comunicación:     ZeroMQ (MessagePack)
Tiempo Total (s):              0.27 s
Throughput (img/s):            7497.43
Tasa de Éxito (%):             100.0 %
Latencia RTT Promedio (ms):    260.30 ms
Tiempo T_proc Promedio (ms):   243.57 ms
Pico Máx. RAM Worker (MB):     284.52 MB
CPU Promedio (%):              180.60 %
Payload Promedio por Nodo (MB): 2.99 MB
==================================================


==================================================
 TEST RUN 2 (Prueba de Estrés)
==================================================

==================================================
1. EVALUACIÓN Y ENTRENAMIENTO DEL MODELO IA
==================================================
-> Archivo 'best_model.pth' encontrado en caché.

==================================================
2. DISTRIBUYENDO EL MODELO VÍA ZEROMQ + MSGPACK
==================================================
Worker [tcp://192.168.98.143:30000] respondió: Modelo cargado
Worker [tcp://192.168.98.144:30000] respondió: Modelo cargado

==================================================
3. INICIANDO BENCHMARK DE INFERENCIA (RED ZEROMQ + MSGPACK)
==================================================

==================================================
 RESULTADOS DE LA COMPARATIVA TÉCNICA (ZeroMQ + MessagePack) 
==================================================
Protocolo de Comunicación:     ZeroMQ (MessagePack)
Tiempo Total (s):              0.23 s
Throughput (img/s):            8671.71
Tasa de Éxito (%):             100.0 %
Latencia RTT Promedio (ms):    226.40 ms
Tiempo T_proc Promedio (ms):   202.38 ms
Pico Máx. RAM Worker (MB):     263.51 MB
CPU Promedio (%):              195.15 %
Payload Promedio por Nodo (MB): 2.99 MB
==================================================
