=== BENCHMARK COMPLETO | INICIO: 10/06/2026 02:23:30 ===

--- MÉTRICAS DE INFRAESTRUCTURA ---
  [OK] T_deploy total: 29.45 segundos
  [OK] Nodo 192.168.98.143 - CPU Reposo: 3.94% | RAM Reposo: 16.14MB / 4.056GB
  [OK] Nodo 192.168.98.143 - Tiempo Real Arranque: 810.84 ms
  [OK] Nodo 192.168.98.144 - CPU Reposo: 2.38% | RAM Reposo: 16.14MB / 4.056GB
  [OK] Nodo 192.168.98.144 - Tiempo Real Arranque: 937.31 ms


==================================================
 TEST RUN 1 (Prueba de Estrés)
==================================================
WARNING: All log messages before absl::InitializeLog() is called are written to STDERR
I0000 00:00:1781051077.518216  240770 port.cc:153] oneDNN custom operations are on. You may see slightly different numerical results due to floating-point round-off errors from different computation orders. To turn them off, set the environment variable `TF_ENABLE_ONEDNN_OPTS=0`.
I0000 00:00:1781051077.518718  240770 cudart_stub.cc:31] Could not find cuda drivers on your machine, GPU will not be used.
I0000 00:00:1781051077.546878  240770 cpu_feature_guard.cc:227] This TensorFlow binary is optimized to use available CPU instructions in performance-critical operations.
To enable the following instructions: AVX2 AVX_VNNI FMA, in other operations, rebuild TensorFlow with the appropriate compiler flags.
WARNING: All log messages before absl::InitializeLog() is called are written to STDERR
I0000 00:00:1781051078.198797  240770 port.cc:153] oneDNN custom operations are on. You may see slightly different numerical results due to floating-point round-off errors from different computation orders. To turn them off, set the environment variable `TF_ENABLE_ONEDNN_OPTS=0`.
I0000 00:00:1781051078.199246  240770 cudart_stub.cc:31] Could not find cuda drivers on your machine, GPU will not be used.
E0000 00:00:1781051079.947451  240770 cuda_executor.cc:1737] INTERNAL: CUDA Runtime error: Failed call to cudaGetRuntimeVersion: Error loading CUDA libraries. GPU will not be used.: Error loading CUDA libraries. GPU will not be used.
W0000 00:00:1781051079.947726  240823 cuda_executor.cc:1755] Failed to determine cuDNN version (Note that this is expected if the application doesn't link the cuDNN plugin): INTERNAL: cuDNN error: CUDNN_STATUS_INTERNAL_ERROR
W0000 00:00:1781051079.961675  240770 gpu_device.cc:2365] Cannot dlopen some GPU libraries. Please make sure the missing libraries mentioned above are installed properly if you would like to use GPU. Follow the guide at https://www.tensorflow.org/install/gpu for how to download and setup the required libraries for your platform.
Skipping registering GPU devices...
I0000 00:00:1781051080.029205  240919 tf_record_dataset_op.cc:396] The default buffer size is 262144, which is overridden by the user specified `buffer_size` of 8388608
Cargando MNIST...
Lanzando proceso ZeroMQ (MessagePack) en 2 nodos...

==================================================
 RESULTADOS DE LA COMPARATIVA TÉCNICA 
==================================================
Protocolo de Comunicación:     ZeroMQ (MessagePack)
Tiempo Total (s):              0.51 s
Throughput (img/s):            118231.61 img/s
Latencia RTT Promedio (ms):    498.33 ms
Tiempo T_proc Promedio (ms):   122.62 ms
Pico Máx. RAM Worker (MB):     209.05 MB
CPU Promedio (%):              93.75 %
Payload Promedio por Nodo (MB): 89.72 MB
Datos Totales Red (MB):        179.44 MB
Tasa Éxito (%):                100.00 %
==================================================


==================================================
 TEST RUN 2 (Prueba de Estrés)
==================================================
WARNING: All log messages before absl::InitializeLog() is called are written to STDERR
I0000 00:00:1781051091.443688  241055 port.cc:153] oneDNN custom operations are on. You may see slightly different numerical results due to floating-point round-off errors from different computation orders. To turn them off, set the environment variable `TF_ENABLE_ONEDNN_OPTS=0`.
I0000 00:00:1781051091.444181  241055 cudart_stub.cc:31] Could not find cuda drivers on your machine, GPU will not be used.
I0000 00:00:1781051091.470718  241055 cpu_feature_guard.cc:227] This TensorFlow binary is optimized to use available CPU instructions in performance-critical operations.
To enable the following instructions: AVX2 AVX_VNNI FMA, in other operations, rebuild TensorFlow with the appropriate compiler flags.
WARNING: All log messages before absl::InitializeLog() is called are written to STDERR
I0000 00:00:1781051092.144682  241055 port.cc:153] oneDNN custom operations are on. You may see slightly different numerical results due to floating-point round-off errors from different computation orders. To turn them off, set the environment variable `TF_ENABLE_ONEDNN_OPTS=0`.
I0000 00:00:1781051092.144976  241055 cudart_stub.cc:31] Could not find cuda drivers on your machine, GPU will not be used.
E0000 00:00:1781051092.741699  241055 cuda_executor.cc:1737] INTERNAL: CUDA Runtime error: Failed call to cudaGetRuntimeVersion: Error loading CUDA libraries. GPU will not be used.: Error loading CUDA libraries. GPU will not be used.
W0000 00:00:1781051092.742586  241097 cuda_executor.cc:1755] Failed to determine cuDNN version (Note that this is expected if the application doesn't link the cuDNN plugin): INTERNAL: cuDNN error: CUDNN_STATUS_INTERNAL_ERROR
W0000 00:00:1781051092.756163  241055 gpu_device.cc:2365] Cannot dlopen some GPU libraries. Please make sure the missing libraries mentioned above are installed properly if you would like to use GPU. Follow the guide at https://www.tensorflow.org/install/gpu for how to download and setup the required libraries for your platform.
Skipping registering GPU devices...
I0000 00:00:1781051092.820983  241198 tf_record_dataset_op.cc:396] The default buffer size is 262144, which is overridden by the user specified `buffer_size` of 8388608
Cargando MNIST...
Lanzando proceso ZeroMQ (MessagePack) en 2 nodos...

==================================================
 RESULTADOS DE LA COMPARATIVA TÉCNICA 
==================================================
Protocolo de Comunicación:     ZeroMQ (MessagePack)
Tiempo Total (s):              0.53 s
Throughput (img/s):            113038.45 img/s
Latencia RTT Promedio (ms):    508.30 ms
Tiempo T_proc Promedio (ms):   122.96 ms
Pico Máx. RAM Worker (MB):     209.06 MB
CPU Promedio (%):              97.65 %
Payload Promedio por Nodo (MB): 89.72 MB
Datos Totales Red (MB):        179.44 MB
Tasa Éxito (%):                100.00 %
==================================================


==================================================
 TEST RUN 3 (Prueba de Estrés)
==================================================
WARNING: All log messages before absl::InitializeLog() is called are written to STDERR
I0000 00:00:1781051104.189494  241321 port.cc:153] oneDNN custom operations are on. You may see slightly different numerical results due to floating-point round-off errors from different computation orders. To turn them off, set the environment variable `TF_ENABLE_ONEDNN_OPTS=0`.
I0000 00:00:1781051104.189990  241321 cudart_stub.cc:31] Could not find cuda drivers on your machine, GPU will not be used.
I0000 00:00:1781051104.219261  241321 cpu_feature_guard.cc:227] This TensorFlow binary is optimized to use available CPU instructions in performance-critical operations.
To enable the following instructions: AVX2 AVX_VNNI FMA, in other operations, rebuild TensorFlow with the appropriate compiler flags.
WARNING: All log messages before absl::InitializeLog() is called are written to STDERR
I0000 00:00:1781051104.891131  241321 port.cc:153] oneDNN custom operations are on. You may see slightly different numerical results due to floating-point round-off errors from different computation orders. To turn them off, set the environment variable `TF_ENABLE_ONEDNN_OPTS=0`.
I0000 00:00:1781051104.891483  241321 cudart_stub.cc:31] Could not find cuda drivers on your machine, GPU will not be used.
E0000 00:00:1781051105.476869  241321 cuda_executor.cc:1737] INTERNAL: CUDA Runtime error: Failed call to cudaGetRuntimeVersion: Error loading CUDA libraries. GPU will not be used.: Error loading CUDA libraries. GPU will not be used.
W0000 00:00:1781051105.477100  241363 cuda_executor.cc:1755] Failed to determine cuDNN version (Note that this is expected if the application doesn't link the cuDNN plugin): INTERNAL: cuDNN error: CUDNN_STATUS_INTERNAL_ERROR
W0000 00:00:1781051105.490651  241321 gpu_device.cc:2365] Cannot dlopen some GPU libraries. Please make sure the missing libraries mentioned above are installed properly if you would like to use GPU. Follow the guide at https://www.tensorflow.org/install/gpu for how to download and setup the required libraries for your platform.
Skipping registering GPU devices...
I0000 00:00:1781051105.556274  241463 tf_record_dataset_op.cc:396] The default buffer size is 262144, which is overridden by the user specified `buffer_size` of 8388608
Cargando MNIST...
Lanzando proceso ZeroMQ (MessagePack) en 2 nodos...

==================================================
 RESULTADOS DE LA COMPARATIVA TÉCNICA 
==================================================
Protocolo de Comunicación:     ZeroMQ (MessagePack)
Tiempo Total (s):              0.52 s
Throughput (img/s):            114296.92 img/s
Latencia RTT Promedio (ms):    515.96 ms
Tiempo T_proc Promedio (ms):   122.33 ms
Pico Máx. RAM Worker (MB):     209.07 MB
CPU Promedio (%):              98.10 %
Payload Promedio por Nodo (MB): 89.72 MB
Datos Totales Red (MB):        179.44 MB
Tasa Éxito (%):                100.00 %
==================================================


==================================================
 TEST RUN 4 (Prueba de Estrés)
==================================================
WARNING: All log messages before absl::InitializeLog() is called are written to STDERR
I0000 00:00:1781051117.053118  241589 port.cc:153] oneDNN custom operations are on. You may see slightly different numerical results due to floating-point round-off errors from different computation orders. To turn them off, set the environment variable `TF_ENABLE_ONEDNN_OPTS=0`.
I0000 00:00:1781051117.053603  241589 cudart_stub.cc:31] Could not find cuda drivers on your machine, GPU will not be used.
I0000 00:00:1781051117.081097  241589 cpu_feature_guard.cc:227] This TensorFlow binary is optimized to use available CPU instructions in performance-critical operations.
To enable the following instructions: AVX2 AVX_VNNI FMA, in other operations, rebuild TensorFlow with the appropriate compiler flags.
WARNING: All log messages before absl::InitializeLog() is called are written to STDERR
I0000 00:00:1781051117.763452  241589 port.cc:153] oneDNN custom operations are on. You may see slightly different numerical results due to floating-point round-off errors from different computation orders. To turn them off, set the environment variable `TF_ENABLE_ONEDNN_OPTS=0`.
I0000 00:00:1781051117.763756  241589 cudart_stub.cc:31] Could not find cuda drivers on your machine, GPU will not be used.
E0000 00:00:1781051118.356855  241589 cuda_executor.cc:1737] INTERNAL: CUDA Runtime error: Failed call to cudaGetRuntimeVersion: Error loading CUDA libraries. GPU will not be used.: Error loading CUDA libraries. GPU will not be used.
W0000 00:00:1781051118.357119  241631 cuda_executor.cc:1755] Failed to determine cuDNN version (Note that this is expected if the application doesn't link the cuDNN plugin): INTERNAL: cuDNN error: CUDNN_STATUS_INTERNAL_ERROR
W0000 00:00:1781051118.371699  241589 gpu_device.cc:2365] Cannot dlopen some GPU libraries. Please make sure the missing libraries mentioned above are installed properly if you would like to use GPU. Follow the guide at https://www.tensorflow.org/install/gpu for how to download and setup the required libraries for your platform.
Skipping registering GPU devices...
I0000 00:00:1781051118.439143  241729 tf_record_dataset_op.cc:396] The default buffer size is 262144, which is overridden by the user specified `buffer_size` of 8388608
Cargando MNIST...
Lanzando proceso ZeroMQ (MessagePack) en 2 nodos...

==================================================
 RESULTADOS DE LA COMPARATIVA TÉCNICA 
==================================================
Protocolo de Comunicación:     ZeroMQ (MessagePack)
Tiempo Total (s):              0.56 s
Throughput (img/s):            106769.96 img/s
Latencia RTT Promedio (ms):    542.56 ms
Tiempo T_proc Promedio (ms):   123.27 ms
Pico Máx. RAM Worker (MB):     209.07 MB
CPU Promedio (%):              97.35 %
Payload Promedio por Nodo (MB): 89.72 MB
Datos Totales Red (MB):        179.44 MB
Tasa Éxito (%):                100.00 %
==================================================


==================================================
 TEST RUN 5 (Prueba de Estrés)
==================================================
WARNING: All log messages before absl::InitializeLog() is called are written to STDERR
I0000 00:00:1781051130.064632  241849 port.cc:153] oneDNN custom operations are on. You may see slightly different numerical results due to floating-point round-off errors from different computation orders. To turn them off, set the environment variable `TF_ENABLE_ONEDNN_OPTS=0`.
I0000 00:00:1781051130.065110  241849 cudart_stub.cc:31] Could not find cuda drivers on your machine, GPU will not be used.
I0000 00:00:1781051130.092139  241849 cpu_feature_guard.cc:227] This TensorFlow binary is optimized to use available CPU instructions in performance-critical operations.
To enable the following instructions: AVX2 AVX_VNNI FMA, in other operations, rebuild TensorFlow with the appropriate compiler flags.
WARNING: All log messages before absl::InitializeLog() is called are written to STDERR
I0000 00:00:1781051130.764750  241849 port.cc:153] oneDNN custom operations are on. You may see slightly different numerical results due to floating-point round-off errors from different computation orders. To turn them off, set the environment variable `TF_ENABLE_ONEDNN_OPTS=0`.
I0000 00:00:1781051130.765113  241849 cudart_stub.cc:31] Could not find cuda drivers on your machine, GPU will not be used.
E0000 00:00:1781051131.369813  241849 cuda_executor.cc:1737] INTERNAL: CUDA Runtime error: Failed call to cudaGetRuntimeVersion: Error loading CUDA libraries. GPU will not be used.: Error loading CUDA libraries. GPU will not be used.
W0000 00:00:1781051131.370032  241891 cuda_executor.cc:1755] Failed to determine cuDNN version (Note that this is expected if the application doesn't link the cuDNN plugin): INTERNAL: cuDNN error: CUDNN_STATUS_INTERNAL_ERROR
W0000 00:00:1781051131.384585  241849 gpu_device.cc:2365] Cannot dlopen some GPU libraries. Please make sure the missing libraries mentioned above are installed properly if you would like to use GPU. Follow the guide at https://www.tensorflow.org/install/gpu for how to download and setup the required libraries for your platform.
Skipping registering GPU devices...
I0000 00:00:1781051131.451476  241991 tf_record_dataset_op.cc:396] The default buffer size is 262144, which is overridden by the user specified `buffer_size` of 8388608
Cargando MNIST...
Lanzando proceso ZeroMQ (MessagePack) en 2 nodos...

==================================================
 RESULTADOS DE LA COMPARATIVA TÉCNICA 
==================================================
Protocolo de Comunicación:     ZeroMQ (MessagePack)
Tiempo Total (s):              0.54 s
Throughput (img/s):            111549.12 img/s
Latencia RTT Promedio (ms):    534.29 ms
Tiempo T_proc Promedio (ms):   126.78 ms
Pico Máx. RAM Worker (MB):     209.07 MB
CPU Promedio (%):              98.60 %
Payload Promedio por Nodo (MB): 89.72 MB
Datos Totales Red (MB):        179.44 MB
Tasa Éxito (%):                100.00 %
==================================================
