WARNING: All log messages before absl::InitializeLog() is called are written to STDERR
I0000 00:00:1781030498.326460   73405 port.cc:153] oneDNN custom operations are on. You may see slightly different numerical results due to floating-point round-off errors from different computation orders. To turn them off, set the environment variable `TF_ENABLE_ONEDNN_OPTS=0`.
I0000 00:00:1781030498.326948   73405 cudart_stub.cc:31] Could not find cuda drivers on your machine, GPU will not be used.
I0000 00:00:1781030498.351588   73405 cpu_feature_guard.cc:227] This TensorFlow binary is optimized to use available CPU instructions in performance-critical operations.
To enable the following instructions: AVX2 AVX_VNNI FMA, in other operations, rebuild TensorFlow with the appropriate compiler flags.
WARNING: All log messages before absl::InitializeLog() is called are written to STDERR
I0000 00:00:1781030499.015739   73405 port.cc:153] oneDNN custom operations are on. You may see slightly different numerical results due to floating-point round-off errors from different computation orders. To turn them off, set the environment variable `TF_ENABLE_ONEDNN_OPTS=0`.
I0000 00:00:1781030499.016059   73405 cudart_stub.cc:31] Could not find cuda drivers on your machine, GPU will not be used.
E0000 00:00:1781030499.608868   73405 cuda_executor.cc:1737] INTERNAL: CUDA Runtime error: Failed call to cudaGetRuntimeVersion: Error loading CUDA libraries. GPU will not be used.: Error loading CUDA libraries. GPU will not be used.
W0000 00:00:1781030499.609068   73482 cuda_executor.cc:1755] Failed to determine cuDNN version (Note that this is expected if the application doesn't link the cuDNN plugin): INTERNAL: cuDNN error: CUDNN_STATUS_INTERNAL_ERROR
W0000 00:00:1781030499.623197   73405 gpu_device.cc:2365] Cannot dlopen some GPU libraries. Please make sure the missing libraries mentioned above are installed properly if you would like to use GPU. Follow the guide at https://www.tensorflow.org/install/gpu for how to download and setup the required libraries for your platform.
Skipping registering GPU devices...
I0000 00:00:1781030499.686333   73583 tf_record_dataset_op.cc:396] The default buffer size is 262144, which is overridden by the user specified `buffer_size` of 8388608
Cargando MNIST...
Lanzando proceso ZeroMQ (MessagePack) en 2 nodos...

==================================================
 RESULTADOS DE LA COMPARATIVA TÉCNICA 
==================================================
Protocolo de Comunicación:     ZeroMQ (MessagePack)
Tiempo Total (s):              0.55 s
Throughput (img/s):            109914.59 img/s
Latencia RTT Promedio (ms):    537.47 ms
Tiempo T_proc Promedio (ms):   127.81 ms
Pico Máx. RAM Worker (MB):     209.43 MB
CPU Promedio (%):              97.75 %
Payload Promedio por Nodo (MB): 89.72 MB
Datos Totales Red (MB):        179.44 MB
Tasa Éxito (%):                100.00 %
==================================================


==================================================
 NUEVA EJECUCIÓN DEL TEST (Prueba de Estrés - sleep 3s)
==================================================
WARNING: All log messages before absl::InitializeLog() is called are written to STDERR
I0000 00:00:1781033973.225821  107250 port.cc:153] oneDNN custom operations are on. You may see slightly different numerical results due to floating-point round-off errors from different computation orders. To turn them off, set the environment variable `TF_ENABLE_ONEDNN_OPTS=0`.
I0000 00:00:1781033973.226258  107250 cudart_stub.cc:31] Could not find cuda drivers on your machine, GPU will not be used.
I0000 00:00:1781033973.250002  107250 cpu_feature_guard.cc:227] This TensorFlow binary is optimized to use available CPU instructions in performance-critical operations.
To enable the following instructions: AVX2 AVX_VNNI FMA, in other operations, rebuild TensorFlow with the appropriate compiler flags.
WARNING: All log messages before absl::InitializeLog() is called are written to STDERR
I0000 00:00:1781033973.873249  107250 port.cc:153] oneDNN custom operations are on. You may see slightly different numerical results due to floating-point round-off errors from different computation orders. To turn them off, set the environment variable `TF_ENABLE_ONEDNN_OPTS=0`.
I0000 00:00:1781033973.873617  107250 cudart_stub.cc:31] Could not find cuda drivers on your machine, GPU will not be used.
E0000 00:00:1781033974.465566  107250 cuda_executor.cc:1737] INTERNAL: CUDA Runtime error: Failed call to cudaGetRuntimeVersion: Error loading CUDA libraries. GPU will not be used.: Error loading CUDA libraries. GPU will not be used.
W0000 00:00:1781033974.465860  107292 cuda_executor.cc:1755] Failed to determine cuDNN version (Note that this is expected if the application doesn't link the cuDNN plugin): INTERNAL: cuDNN error: CUDNN_STATUS_INTERNAL_ERROR
W0000 00:00:1781033974.480471  107250 gpu_device.cc:2365] Cannot dlopen some GPU libraries. Please make sure the missing libraries mentioned above are installed properly if you would like to use GPU. Follow the guide at https://www.tensorflow.org/install/gpu for how to download and setup the required libraries for your platform.
Skipping registering GPU devices...
I0000 00:00:1781033974.541018  107392 tf_record_dataset_op.cc:396] The default buffer size is 262144, which is overridden by the user specified `buffer_size` of 8388608
Cargando MNIST...
Lanzando proceso ZeroMQ (MessagePack) en 2 nodos...

==================================================
 RESULTADOS DE LA COMPARATIVA TÉCNICA 
==================================================
Protocolo de Comunicación:     ZeroMQ (MessagePack)
Tiempo Total (s):              0.51 s
Throughput (img/s):            117538.37 img/s
Latencia RTT Promedio (ms):    504.31 ms
Tiempo T_proc Promedio (ms):   124.60 ms
Pico Máx. RAM Worker (MB):     209.27 MB
CPU Promedio (%):              96.30 %
Payload Promedio por Nodo (MB): 89.72 MB
Datos Totales Red (MB):        179.44 MB
Tasa Éxito (%):                100.00 %
==================================================


==================================================
 NUEVA EJECUCIÓN DEL TEST 
==================================================
WARNING: All log messages before absl::InitializeLog() is called are written to STDERR
I0000 00:00:1781035131.778664  122696 port.cc:153] oneDNN custom operations are on. You may see slightly different numerical results due to floating-point round-off errors from different computation orders. To turn them off, set the environment variable `TF_ENABLE_ONEDNN_OPTS=0`.
I0000 00:00:1781035131.779144  122696 cudart_stub.cc:31] Could not find cuda drivers on your machine, GPU will not be used.
I0000 00:00:1781035131.805887  122696 cpu_feature_guard.cc:227] This TensorFlow binary is optimized to use available CPU instructions in performance-critical operations.
To enable the following instructions: AVX2 AVX_VNNI FMA, in other operations, rebuild TensorFlow with the appropriate compiler flags.
WARNING: All log messages before absl::InitializeLog() is called are written to STDERR
I0000 00:00:1781035132.465952  122696 port.cc:153] oneDNN custom operations are on. You may see slightly different numerical results due to floating-point round-off errors from different computation orders. To turn them off, set the environment variable `TF_ENABLE_ONEDNN_OPTS=0`.
I0000 00:00:1781035132.466295  122696 cudart_stub.cc:31] Could not find cuda drivers on your machine, GPU will not be used.
E0000 00:00:1781035133.355152  122696 cuda_executor.cc:1737] INTERNAL: CUDA Runtime error: Failed call to cudaGetRuntimeVersion: Error loading CUDA libraries. GPU will not be used.: Error loading CUDA libraries. GPU will not be used.
W0000 00:00:1781035133.355427  122738 cuda_executor.cc:1755] Failed to determine cuDNN version (Note that this is expected if the application doesn't link the cuDNN plugin): INTERNAL: cuDNN error: CUDNN_STATUS_INTERNAL_ERROR
W0000 00:00:1781035133.370335  122696 gpu_device.cc:2365] Cannot dlopen some GPU libraries. Please make sure the missing libraries mentioned above are installed properly if you would like to use GPU. Follow the guide at https://www.tensorflow.org/install/gpu for how to download and setup the required libraries for your platform.
Skipping registering GPU devices...
I0000 00:00:1781035133.439016  122839 tf_record_dataset_op.cc:396] The default buffer size is 262144, which is overridden by the user specified `buffer_size` of 8388608
Cargando MNIST...
Lanzando proceso ZeroMQ (MessagePack) en 2 nodos...

==================================================
 RESULTADOS DE LA COMPARATIVA TÉCNICA 
==================================================
Protocolo de Comunicación:     ZeroMQ (MessagePack)
Tiempo Total (s):              0.57 s
Throughput (img/s):            106116.64 img/s
Latencia RTT Promedio (ms):    548.75 ms
Tiempo T_proc Promedio (ms):   126.72 ms
Pico Máx. RAM Worker (MB):     209.43 MB
CPU Promedio (%):              98.60 %
Payload Promedio por Nodo (MB): 89.72 MB
Datos Totales Red (MB):        179.44 MB
Tasa Éxito (%):                100.00 %
==================================================


==================================================
 NUEVA EJECUCIÓN DEL TEST 
==================================================
WARNING: All log messages before absl::InitializeLog() is called are written to STDERR
I0000 00:00:1781036967.540669  140756 port.cc:153] oneDNN custom operations are on. You may see slightly different numerical results due to floating-point round-off errors from different computation orders. To turn them off, set the environment variable `TF_ENABLE_ONEDNN_OPTS=0`.
I0000 00:00:1781036967.541199  140756 cudart_stub.cc:31] Could not find cuda drivers on your machine, GPU will not be used.
I0000 00:00:1781036967.565248  140756 cpu_feature_guard.cc:227] This TensorFlow binary is optimized to use available CPU instructions in performance-critical operations.
To enable the following instructions: AVX2 AVX_VNNI FMA, in other operations, rebuild TensorFlow with the appropriate compiler flags.
WARNING: All log messages before absl::InitializeLog() is called are written to STDERR
I0000 00:00:1781036968.178474  140756 port.cc:153] oneDNN custom operations are on. You may see slightly different numerical results due to floating-point round-off errors from different computation orders. To turn them off, set the environment variable `TF_ENABLE_ONEDNN_OPTS=0`.
I0000 00:00:1781036968.178922  140756 cudart_stub.cc:31] Could not find cuda drivers on your machine, GPU will not be used.
E0000 00:00:1781036968.851090  140756 cuda_executor.cc:1737] INTERNAL: CUDA Runtime error: Failed call to cudaGetRuntimeVersion: Error loading CUDA libraries. GPU will not be used.: Error loading CUDA libraries. GPU will not be used.
W0000 00:00:1781036968.851516  140798 cuda_executor.cc:1755] Failed to determine cuDNN version (Note that this is expected if the application doesn't link the cuDNN plugin): INTERNAL: cuDNN error: CUDNN_STATUS_INTERNAL_ERROR
W0000 00:00:1781036968.868730  140756 gpu_device.cc:2365] Cannot dlopen some GPU libraries. Please make sure the missing libraries mentioned above are installed properly if you would like to use GPU. Follow the guide at https://www.tensorflow.org/install/gpu for how to download and setup the required libraries for your platform.
Skipping registering GPU devices...
I0000 00:00:1781036968.942145  140898 tf_record_dataset_op.cc:396] The default buffer size is 262144, which is overridden by the user specified `buffer_size` of 8388608
Cargando MNIST...
Lanzando proceso ZeroMQ (MessagePack) en 2 nodos...

==================================================
 RESULTADOS DE LA COMPARATIVA TÉCNICA 
==================================================
Protocolo de Comunicación:     ZeroMQ (MessagePack)
Tiempo Total (s):              0.50 s
Throughput (img/s):            119074.21 img/s
Latencia RTT Promedio (ms):    485.72 ms
Tiempo T_proc Promedio (ms):   125.43 ms
Pico Máx. RAM Worker (MB):     209.50 MB
CPU Promedio (%):              95.80 %
Payload Promedio por Nodo (MB): 89.72 MB
Datos Totales Red (MB):        179.44 MB
Tasa Éxito (%):                100.00 %
==================================================
