WARNING: All log messages before absl::InitializeLog() is called are written to STDERR
I0000 00:00:1781030471.405505   72875 port.cc:153] oneDNN custom operations are on. You may see slightly different numerical results due to floating-point round-off errors from different computation orders. To turn them off, set the environment variable `TF_ENABLE_ONEDNN_OPTS=0`.
I0000 00:00:1781030471.406010   72875 cudart_stub.cc:31] Could not find cuda drivers on your machine, GPU will not be used.
I0000 00:00:1781030471.432193   72875 cpu_feature_guard.cc:227] This TensorFlow binary is optimized to use available CPU instructions in performance-critical operations.
To enable the following instructions: AVX2 AVX_VNNI FMA, in other operations, rebuild TensorFlow with the appropriate compiler flags.
WARNING: All log messages before absl::InitializeLog() is called are written to STDERR
I0000 00:00:1781030472.124036   72875 port.cc:153] oneDNN custom operations are on. You may see slightly different numerical results due to floating-point round-off errors from different computation orders. To turn them off, set the environment variable `TF_ENABLE_ONEDNN_OPTS=0`.
I0000 00:00:1781030472.124449   72875 cudart_stub.cc:31] Could not find cuda drivers on your machine, GPU will not be used.
E0000 00:00:1781030472.768537   72875 cuda_executor.cc:1737] INTERNAL: CUDA Runtime error: Failed call to cudaGetRuntimeVersion: Error loading CUDA libraries. GPU will not be used.: Error loading CUDA libraries. GPU will not be used.
W0000 00:00:1781030472.768764   72917 cuda_executor.cc:1755] Failed to determine cuDNN version (Note that this is expected if the application doesn't link the cuDNN plugin): INTERNAL: cuDNN error: CUDNN_STATUS_INTERNAL_ERROR
W0000 00:00:1781030472.782367   72875 gpu_device.cc:2365] Cannot dlopen some GPU libraries. Please make sure the missing libraries mentioned above are installed properly if you would like to use GPU. Follow the guide at https://www.tensorflow.org/install/gpu for how to download and setup the required libraries for your platform.
Skipping registering GPU devices...
I0000 00:00:1781030472.845933   73017 tf_record_dataset_op.cc:396] The default buffer size is 262144, which is overridden by the user specified `buffer_size` of 8388608
Cargando MNIST...
Lanzando proceso ZeroMQ (MessagePack) en 2 nodos...

==================================================
 RESULTADOS DE LA COMPARATIVA TÉCNICA 
==================================================
Protocolo de Comunicación:     ZeroMQ (MessagePack)
Tiempo Total (s):              0.55 s
Throughput (img/s):            109591.68 img/s
Latencia RTT Promedio (ms):    536.87 ms
Tiempo T_proc Promedio (ms):   128.34 ms
Pico Máx. RAM Worker (MB):     209.42 MB
CPU Promedio (%):              97.40 %
Payload Promedio por Nodo (MB): 89.72 MB
Datos Totales Red (MB):        179.44 MB
Tasa Éxito (%):                100.00 %
==================================================
