=== BENCHMARK COMPLETO | INICIO: 04/07/2026 20:50:17 ===

--- MÉTRICAS DE INFRAESTRUCTURA ---
  [OK] T_deploy total: 115.49 segundos
  [OK] Nodo 192.168.98.143 - CPU Reposo (Global): 0% | RAM Reposo (Global): 739 MB
  [OK] Nodo 192.168.98.143 - Tiempo Real Arranque: 477.2 ms
  [OK] Nodo 192.168.98.144 - CPU Reposo (Global): 0% | RAM Reposo (Global): 718 MB
  [OK] Nodo 192.168.98.144 - Tiempo Real Arranque: 493.99 ms


==================================================
 TEST RUN 1 (Prueba de Estrés)
==================================================

==================================================
1. EVALUACIÓN Y ENTRENAMIENTO DEL MODELO IA
==================================================
-> Archivo 'best_model.pth' encontrado en caché.
-> Saltando fase de entrenamiento para aislar métricas de red.

==================================================
2. DISTRIBUYENDO EL MODELO A LOS WORKERS EDGE
==================================================
Worker [192.168.98.143] respondió: Modelo recibido y cargado con éxito
Worker [192.168.98.144] respondió: Modelo recibido y cargado con éxito


==================================================
3. INICIANDO BENCHMARK DE INFERENCIA (RED HTTP)
==================================================
-> Cargando dataset MNIST de pruebas (vía PyTorch)...
-> Lanzando inferencia distribuida en 2 nodos Edge...

-> Mosaico '10_ejemplos_predicciones.png' generado con imágenes aleatorias.

==================================================
 RESULTADOS DE LA COMPARATIVA TÉCNICA (RED/SYS) 
==================================================
Protocolo de Comunicación:     HTTP/REST (JSON)
Tiempo Total (s):              0.78 s
Throughput (img/s):            2564.26
Tasa de Éxito (%):             100.0 %
Latencia RTT Promedio (ms):    407.94 ms
Tiempo T_proc Promedio (ms):   390.02 ms
Pico Máx. RAM Worker (MB):     337.81 MB
CPU Promedio (%):              144.85 %
Payload Promedio por Nodo (MB): 15.59 MB
==================================================


==================================================
 TEST RUN 2 (Prueba de Estrés)
==================================================

==================================================
1. EVALUACIÓN Y ENTRENAMIENTO DEL MODELO IA
==================================================
-> Archivo 'best_model.pth' encontrado en caché.
-> Saltando fase de entrenamiento para aislar métricas de red.

==================================================
2. DISTRIBUYENDO EL MODELO A LOS WORKERS EDGE
==================================================
Worker [192.168.98.143] respondió: Modelo recibido y cargado con éxito
Worker [192.168.98.144] respondió: Modelo recibido y cargado con éxito


==================================================
3. INICIANDO BENCHMARK DE INFERENCIA (RED HTTP)
==================================================
-> Cargando dataset MNIST de pruebas (vía PyTorch)...
-> Lanzando inferencia distribuida en 2 nodos Edge...

-> Mosaico '10_ejemplos_predicciones.png' generado con imágenes aleatorias.

==================================================
 RESULTADOS DE LA COMPARATIVA TÉCNICA (RED/SYS) 
==================================================
Protocolo de Comunicación:     HTTP/REST (JSON)
Tiempo Total (s):              0.80 s
Throughput (img/s):            2494.87
Tasa de Éxito (%):             100.0 %
Latencia RTT Promedio (ms):    433.77 ms
Tiempo T_proc Promedio (ms):   423.04 ms
Pico Máx. RAM Worker (MB):     319.25 MB
CPU Promedio (%):              139.45 %
Payload Promedio por Nodo (MB): 15.59 MB
==================================================


==================================================
 TEST RUN 3 (Prueba de Estrés)
==================================================

==================================================
1. EVALUACIÓN Y ENTRENAMIENTO DEL MODELO IA
==================================================
-> Archivo 'best_model.pth' encontrado en caché.
-> Saltando fase de entrenamiento para aislar métricas de red.

==================================================
2. DISTRIBUYENDO EL MODELO A LOS WORKERS EDGE
==================================================
Worker [192.168.98.143] respondió: Modelo recibido y cargado con éxito
Worker [192.168.98.144] respondió: Modelo recibido y cargado con éxito


==================================================
3. INICIANDO BENCHMARK DE INFERENCIA (RED HTTP)
==================================================
-> Cargando dataset MNIST de pruebas (vía PyTorch)...
-> Lanzando inferencia distribuida en 2 nodos Edge...

-> Mosaico '10_ejemplos_predicciones.png' generado con imágenes aleatorias.

==================================================
 RESULTADOS DE LA COMPARATIVA TÉCNICA (RED/SYS) 
==================================================
Protocolo de Comunicación:     HTTP/REST (JSON)
Tiempo Total (s):              0.75 s
Throughput (img/s):            2660.82
Tasa de Éxito (%):             100.0 %
Latencia RTT Promedio (ms):    381.36 ms
Tiempo T_proc Promedio (ms):   360.02 ms
Pico Máx. RAM Worker (MB):     319.14 MB
CPU Promedio (%):              147.20 %
Payload Promedio por Nodo (MB): 15.59 MB
==================================================


==================================================
 TEST RUN 4 (Prueba de Estrés)
==================================================

==================================================
1. EVALUACIÓN Y ENTRENAMIENTO DEL MODELO IA
==================================================
-> Archivo 'best_model.pth' encontrado en caché.
-> Saltando fase de entrenamiento para aislar métricas de red.

==================================================
2. DISTRIBUYENDO EL MODELO A LOS WORKERS EDGE
==================================================
Worker [192.168.98.143] respondió: Modelo recibido y cargado con éxito
Worker [192.168.98.144] respondió: Modelo recibido y cargado con éxito


==================================================
3. INICIANDO BENCHMARK DE INFERENCIA (RED HTTP)
==================================================
-> Cargando dataset MNIST de pruebas (vía PyTorch)...
-> Lanzando inferencia distribuida en 2 nodos Edge...

-> Mosaico '10_ejemplos_predicciones.png' generado con imágenes aleatorias.

==================================================
 RESULTADOS DE LA COMPARATIVA TÉCNICA (RED/SYS) 
==================================================
Protocolo de Comunicación:     HTTP/REST (JSON)
Tiempo Total (s):              0.80 s
Throughput (img/s):            2504.36
Tasa de Éxito (%):             100.0 %
Latencia RTT Promedio (ms):    392.24 ms
Tiempo T_proc Promedio (ms):   376.76 ms
Pico Máx. RAM Worker (MB):     379.01 MB
CPU Promedio (%):              143.30 %
Payload Promedio por Nodo (MB): 15.59 MB
==================================================


==================================================
 TEST RUN 5 (Prueba de Estrés)
==================================================

==================================================
1. EVALUACIÓN Y ENTRENAMIENTO DEL MODELO IA
==================================================
-> Archivo 'best_model.pth' encontrado en caché.
-> Saltando fase de entrenamiento para aislar métricas de red.

==================================================
2. DISTRIBUYENDO EL MODELO A LOS WORKERS EDGE
==================================================
Worker [192.168.98.143] respondió: Modelo recibido y cargado con éxito
Worker [192.168.98.144] respondió: Modelo recibido y cargado con éxito


==================================================
3. INICIANDO BENCHMARK DE INFERENCIA (RED HTTP)
==================================================
-> Cargando dataset MNIST de pruebas (vía PyTorch)...
-> Lanzando inferencia distribuida en 2 nodos Edge...

-> Mosaico '10_ejemplos_predicciones.png' generado con imágenes aleatorias.

==================================================
 RESULTADOS DE LA COMPARATIVA TÉCNICA (RED/SYS) 
==================================================
Protocolo de Comunicación:     HTTP/REST (JSON)
Tiempo Total (s):              0.82 s
Throughput (img/s):            2424.63
Tasa de Éxito (%):             100.0 %
Latencia RTT Promedio (ms):    436.03 ms
Tiempo T_proc Promedio (ms):   422.88 ms
Pico Máx. RAM Worker (MB):     319.39 MB
CPU Promedio (%):              141.90 %
Payload Promedio por Nodo (MB): 15.59 MB
==================================================
