=== BENCHMARK COMPLETO | INICIO: 08/09/2026 16:03:26 ===

--- MÉTRICAS DE INFRAESTRUCTURA ---
  [OK] T_deploy total: 204.75 segundos
  [OK] Nodo 192.168.98.143 - CPU Reposo (Global): 0% | RAM Reposo (Global): 718 MB
  [OK] Nodo 192.168.98.143 - Tiempo Real Arranque: 447.92 ms
  [OK] Nodo 192.168.98.144 - CPU Reposo (Global): 0% | RAM Reposo (Global): 725 MB
  [OK] Nodo 192.168.98.144 - Tiempo Real Arranque: 458.61 ms


==================================================
 TEST RUN 1 (Prueba de Estrés)
==================================================
Traceback (most recent call last):
  File "/home/xji650/workspace/tfg/tfg-systemd-kubernetes/systemd/2-src-protocols/01-http-json/master.py", line 9, in <module>
    from sklearn.metrics import confusion_matrix
ModuleNotFoundError: No module named 'sklearn'


==================================================
 TEST RUN 2 (Prueba de Estrés)
==================================================
Traceback (most recent call last):
  File "/home/xji650/workspace/tfg/tfg-systemd-kubernetes/systemd/2-src-protocols/01-http-json/master.py", line 9, in <module>
    from sklearn.metrics import confusion_matrix
ModuleNotFoundError: No module named 'sklearn'
