=== BENCHMARK COMPLETO | INICIO: 16/09/2026 14:16:14 ===

--- MÉTRICAS DE INFRAESTRUCTURA ---
  [OK] T_deploy total: 291.25 segundos
  [OK] Nodo 192.168.98.143 - CPU Reposo (Global): 0% | RAM Reposo (Global): 735 MB
  [OK] Nodo 192.168.98.143 - Tiempo Real Arranque: 379.52 ms
  [OK] Nodo 192.168.98.144 - CPU Reposo (Global): 0% | RAM Reposo (Global): 731 MB
  [OK] Nodo 192.168.98.144 - Tiempo Real Arranque: 428.0 ms


==================================================
 TEST RUN 1 (Prueba de Estrés)
==================================================

==================================================
1. EVALUACIÓN Y ENTRENAMIENTO DEL MODELO IA
==================================================
-> Archivo 'best_model.pth' encontrado en caché.
-> Saltando fase de entrenamiento para aislar métricas de red.

==================================================
2. DISTRIBUYENDO EL MODELO A LOS WORKERS EDGE
==================================================
Worker [192.168.98.143] respondió: Modelo recibido y cargado con éxito
Worker [192.168.98.144] respondió: Modelo recibido y cargado con éxito


==================================================
3. INICIANDO BENCHMARK DE INFERENCIA (RED HTTP)
==================================================
-> Cargando dataset MNIST de pruebas (vía PyTorch)...
-> Lanzando inferencia distribuida en 2 nodos Edge...

-> Mosaico '10_ejemplos_predicciones.png' generado con imágenes aleatorias.

==================================================
 RESULTADOS DE LA COMPARATIVA TÉCNICA (RED/SYS) 
==================================================
Protocolo de Comunicación:     HTTP/REST (JSON)
Tiempo Total (s):              0.84 s
Throughput (img/s):            2391.82
Tasa de Éxito (%):             100.0 %
Latencia RTT Promedio (ms):    440.26 ms
Tiempo T_proc Promedio (ms):   425.31 ms
Pico Máx. RAM Worker (MB):     337.88 MB
CPU Promedio (%):              142.25 %
Payload Promedio por Nodo (MB): 15.59 MB
==================================================


==================================================
 TEST RUN 2 (Prueba de Estrés)
==================================================

==================================================
1. EVALUACIÓN Y ENTRENAMIENTO DEL MODELO IA
==================================================
-> Archivo 'best_model.pth' encontrado en caché.
-> Saltando fase de entrenamiento para aislar métricas de red.

==================================================
2. DISTRIBUYENDO EL MODELO A LOS WORKERS EDGE
==================================================
Worker [192.168.98.143] respondió: Modelo recibido y cargado con éxito
Worker [192.168.98.144] respondió: Modelo recibido y cargado con éxito


==================================================
3. INICIANDO BENCHMARK DE INFERENCIA (RED HTTP)
==================================================
-> Cargando dataset MNIST de pruebas (vía PyTorch)...
-> Lanzando inferencia distribuida en 2 nodos Edge...

-> Mosaico '10_ejemplos_predicciones.png' generado con imágenes aleatorias.

==================================================
 RESULTADOS DE LA COMPARATIVA TÉCNICA (RED/SYS) 
==================================================
Protocolo de Comunicación:     HTTP/REST (JSON)
Tiempo Total (s):              0.80 s
Throughput (img/s):            2501.88
Tasa de Éxito (%):             100.0 %
Latencia RTT Promedio (ms):    435.95 ms
Tiempo T_proc Promedio (ms):   424.46 ms
Pico Máx. RAM Worker (MB):     319.14 MB
CPU Promedio (%):              141.40 %
Payload Promedio por Nodo (MB): 15.59 MB
==================================================
