=== BENCHMARK COMPLETO | INICIO: 04/07/2026 22:17:28 ===

--- MÉTRICAS DE INFRAESTRUCTURA ---
  [OK] T_deploy total: 205.7 segundos
  [OK] Nodo node-a - CPU Reposo (Global): 1% | RAM Reposo (Global): 823 MB
  [OK] Nodo node-a - Tiempo Real Arranque: 1029.31 ms
  [OK] Nodo node-b - CPU Reposo (Global): 1% | RAM Reposo (Global): 835 MB
  [OK] Nodo node-b - Tiempo Real Arranque: 1064.47 ms


==================================================
 TEST RUN 1 (Prueba de Estrés)
==================================================

==================================================
1. EVALUACIÓN Y ENTRENAMIENTO DEL MODELO IA
==================================================
-> Archivo 'best_model.pth' encontrado en caché.
-> Saltando fase de entrenamiento para aislar métricas de red.

==================================================
2. DISTRIBUYENDO EL MODELO A LOS WORKERS EDGE
==================================================
Worker [192.168.98.143] respondió: Modelo recibido y cargado con éxito
Worker [192.168.98.144] respondió: Modelo recibido y cargado con éxito


==================================================
3. INICIANDO BENCHMARK DE INFERENCIA (RED HTTP)
==================================================
-> Cargando dataset MNIST de pruebas (vía PyTorch)...
-> Lanzando inferencia distribuida en 2 nodos Edge...

-> Mosaico '10_ejemplos_predicciones.png' generado con imágenes aleatorias.

==================================================
 RESULTADOS DE LA COMPARATIVA TÉCNICA (RED/SYS) 
==================================================
Protocolo de Comunicación:     HTTP/REST (JSON)
Tiempo Total (s):              0.81 s
Throughput (img/s):            2469.72
Tasa de Éxito (%):             100.0 %
Latencia RTT Promedio (ms):    439.33 ms
Tiempo T_proc Promedio (ms):   426.75 ms
Pico Máx. RAM Worker (MB):     337.09 MB
CPU Promedio (%):              141.80 %
Payload Promedio por Nodo (MB): 15.59 MB
==================================================


==================================================
 TEST RUN 2 (Prueba de Estrés)
==================================================

==================================================
1. EVALUACIÓN Y ENTRENAMIENTO DEL MODELO IA
==================================================
-> Archivo 'best_model.pth' encontrado en caché.
-> Saltando fase de entrenamiento para aislar métricas de red.

==================================================
2. DISTRIBUYENDO EL MODELO A LOS WORKERS EDGE
==================================================
Worker [192.168.98.143] respondió: Modelo recibido y cargado con éxito
Worker [192.168.98.144] respondió: Modelo recibido y cargado con éxito


==================================================
3. INICIANDO BENCHMARK DE INFERENCIA (RED HTTP)
==================================================
-> Cargando dataset MNIST de pruebas (vía PyTorch)...
-> Lanzando inferencia distribuida en 2 nodos Edge...

-> Mosaico '10_ejemplos_predicciones.png' generado con imágenes aleatorias.

==================================================
 RESULTADOS DE LA COMPARATIVA TÉCNICA (RED/SYS) 
==================================================
Protocolo de Comunicación:     HTTP/REST (JSON)
Tiempo Total (s):              1.16 s
Throughput (img/s):            1717.98
Tasa de Éxito (%):             100.0 %
Latencia RTT Promedio (ms):    602.81 ms
Tiempo T_proc Promedio (ms):   597.30 ms
Pico Máx. RAM Worker (MB):     326.27 MB
CPU Promedio (%):              145.70 %
Payload Promedio por Nodo (MB): 15.59 MB
==================================================


==================================================
 TEST RUN 3 (Prueba de Estrés)
==================================================

==================================================
1. EVALUACIÓN Y ENTRENAMIENTO DEL MODELO IA
==================================================
-> Archivo 'best_model.pth' encontrado en caché.
-> Saltando fase de entrenamiento para aislar métricas de red.

==================================================
2. DISTRIBUYENDO EL MODELO A LOS WORKERS EDGE
==================================================
Worker [192.168.98.143] respondió: Modelo recibido y cargado con éxito
Worker [192.168.98.144] respondió: Modelo recibido y cargado con éxito


==================================================
3. INICIANDO BENCHMARK DE INFERENCIA (RED HTTP)
==================================================
-> Cargando dataset MNIST de pruebas (vía PyTorch)...
-> Lanzando inferencia distribuida en 2 nodos Edge...

-> Mosaico '10_ejemplos_predicciones.png' generado con imágenes aleatorias.

==================================================
 RESULTADOS DE LA COMPARATIVA TÉCNICA (RED/SYS) 
==================================================
Protocolo de Comunicación:     HTTP/REST (JSON)
Tiempo Total (s):              1.17 s
Throughput (img/s):            1716.71
Tasa de Éxito (%):             100.0 %
Latencia RTT Promedio (ms):    589.17 ms
Tiempo T_proc Promedio (ms):   575.17 ms
Pico Máx. RAM Worker (MB):     325.82 MB
CPU Promedio (%):              142.90 %
Payload Promedio por Nodo (MB): 15.59 MB
==================================================


==================================================
 TEST RUN 4 (Prueba de Estrés)
==================================================

==================================================
1. EVALUACIÓN Y ENTRENAMIENTO DEL MODELO IA
==================================================
-> Archivo 'best_model.pth' encontrado en caché.
-> Saltando fase de entrenamiento para aislar métricas de red.

==================================================
2. DISTRIBUYENDO EL MODELO A LOS WORKERS EDGE
==================================================
Worker [192.168.98.143] respondió: Modelo recibido y cargado con éxito
Worker [192.168.98.144] respondió: Modelo recibido y cargado con éxito


==================================================
3. INICIANDO BENCHMARK DE INFERENCIA (RED HTTP)
==================================================
-> Cargando dataset MNIST de pruebas (vía PyTorch)...
-> Lanzando inferencia distribuida en 2 nodos Edge...

-> Mosaico '10_ejemplos_predicciones.png' generado con imágenes aleatorias.

==================================================
 RESULTADOS DE LA COMPARATIVA TÉCNICA (RED/SYS) 
==================================================
Protocolo de Comunicación:     HTTP/REST (JSON)
Tiempo Total (s):              1.15 s
Throughput (img/s):            1739.31
Tasa de Éxito (%):             100.0 %
Latencia RTT Promedio (ms):    591.26 ms
Tiempo T_proc Promedio (ms):   572.51 ms
Pico Máx. RAM Worker (MB):     329.50 MB
CPU Promedio (%):              146.20 %
Payload Promedio por Nodo (MB): 15.59 MB
==================================================


==================================================
 TEST RUN 5 (Prueba de Estrés)
==================================================

==================================================
1. EVALUACIÓN Y ENTRENAMIENTO DEL MODELO IA
==================================================
-> Archivo 'best_model.pth' encontrado en caché.
-> Saltando fase de entrenamiento para aislar métricas de red.

==================================================
2. DISTRIBUYENDO EL MODELO A LOS WORKERS EDGE
==================================================
Worker [192.168.98.143] respondió: Modelo recibido y cargado con éxito
Worker [192.168.98.144] respondió: Modelo recibido y cargado con éxito


==================================================
3. INICIANDO BENCHMARK DE INFERENCIA (RED HTTP)
==================================================
-> Cargando dataset MNIST de pruebas (vía PyTorch)...
-> Lanzando inferencia distribuida en 2 nodos Edge...

-> Mosaico '10_ejemplos_predicciones.png' generado con imágenes aleatorias.

==================================================
 RESULTADOS DE LA COMPARATIVA TÉCNICA (RED/SYS) 
==================================================
Protocolo de Comunicación:     HTTP/REST (JSON)
Tiempo Total (s):              1.15 s
Throughput (img/s):            1735.66
Tasa de Éxito (%):             100.0 %
Latencia RTT Promedio (ms):    572.89 ms
Tiempo T_proc Promedio (ms):   558.80 ms
Pico Máx. RAM Worker (MB):     329.38 MB
CPU Promedio (%):              148.65 %
Payload Promedio por Nodo (MB): 15.59 MB
==================================================
