=== BENCHMARK COMPLETO | INICIO: 08/09/2026 17:01:18 ===

--- MÉTRICAS DE INFRAESTRUCTURA ---
  [OK] T_deploy total: 99.85 segundos
  [OK] Nodo node-a - CPU Reposo (Global): 0% | RAM Reposo (Global): 806 MB
  [OK] Nodo node-a - Tiempo Real Arranque: 1224.81 ms
  [OK] Nodo node-b - CPU Reposo (Global): 0% | RAM Reposo (Global): 803 MB
  [OK] Nodo node-b - Tiempo Real Arranque: 1565.8 ms


==================================================
 TEST RUN 1 (Prueba de Estrés)
==================================================
Traceback (most recent call last):
  File "/home/xji650/workspace/tfg/tfg-systemd-kubernetes/kubernetes/2-src-protocols/02-grpc-protobuf/master.py", line 8, in <module>
    from sklearn.metrics import confusion_matrix
ModuleNotFoundError: No module named 'sklearn'


==================================================
 TEST RUN 2 (Prueba de Estrés)
==================================================
Traceback (most recent call last):
  File "/home/xji650/workspace/tfg/tfg-systemd-kubernetes/kubernetes/2-src-protocols/02-grpc-protobuf/master.py", line 8, in <module>
    from sklearn.metrics import confusion_matrix
ModuleNotFoundError: No module named 'sklearn'
