=== BENCHMARK COMPLETO | INICIO: 08/09/2026 16:43:59 ===

--- MÉTRICAS DE INFRAESTRUCTURA ---
  [OK] T_deploy total: 205.13 segundos
  [OK] Nodo node-a - CPU Reposo (Global): 0% | RAM Reposo (Global): 828 MB
  [OK] Nodo node-a - Tiempo Real Arranque: 2446.91 ms
  [OK] Nodo node-b - CPU Reposo (Global): 1% | RAM Reposo (Global): 823 MB
  [OK] Nodo node-b - Tiempo Real Arranque: 1312.49 ms


==================================================
 TEST RUN 1 (Prueba de Estrés)
==================================================
Traceback (most recent call last):
  File "/home/xji650/workspace/tfg/tfg-systemd-kubernetes/kubernetes/2-src-protocols/02-grpc-protobuf/master.py", line 8, in <module>
    from sklearn.metrics import confusion_matrix
ModuleNotFoundError: No module named 'sklearn'


==================================================
 TEST RUN 2 (Prueba de Estrés)
==================================================
Traceback (most recent call last):
  File "/home/xji650/workspace/tfg/tfg-systemd-kubernetes/kubernetes/2-src-protocols/02-grpc-protobuf/master.py", line 8, in <module>
    from sklearn.metrics import confusion_matrix
ModuleNotFoundError: No module named 'sklearn'
