=== BENCHMARK COMPLETO | INICIO: 16/09/2026 16:04:34 ===

--- MÉTRICAS DE INFRAESTRUCTURA ---
  [OK] T_deploy total: 146.49 segundos
  [OK] Nodo node-a - CPU Reposo (Global): 2% | RAM Reposo (Global): 805 MB
  [OK] Nodo node-a - Tiempo Real Arranque: 1305.52 ms
  [OK] Nodo node-b - CPU Reposo (Global): 1% | RAM Reposo (Global): 823 MB
  [OK] Nodo node-b - Tiempo Real Arranque: 1348.55 ms


==================================================
 TEST RUN 1 (Prueba de Estrés)
==================================================

==================================================
1. EVALUACIÓN Y ENTRENAMIENTO DEL MODELO IA
==================================================
-> Archivo 'best_model.pth' encontrado en caché.

==================================================
2. DISTRIBUYENDO EL MODELO VÍA gRPC
==================================================
Worker [192.168.98.143:30000] respondió: OK
Worker [192.168.98.144:30000] respondió: OK

==================================================
3. INICIANDO BENCHMARK DE INFERENCIA (RED gRPC)
==================================================

==================================================
 RESULTADOS DE LA COMPARATIVA TÉCNICA (gRPC) 
==================================================
Protocolo de Comunicación:     gRPC (Protobuf)
Tiempo Total (s):              0.24 s
Throughput (img/s):            8265.02
Tasa de Éxito (%):             100.0 %
Latencia RTT Promedio (ms):    234.02 ms
Tiempo T_proc Promedio (ms):   211.60 ms
Pico Máx. RAM Worker (MB):     295.24 MB
CPU Promedio (%):              193.70 %
Payload Promedio por Nodo (MB): 2.99 MB
==================================================


==================================================
 TEST RUN 2 (Prueba de Estrés)
==================================================

==================================================
1. EVALUACIÓN Y ENTRENAMIENTO DEL MODELO IA
==================================================
-> Archivo 'best_model.pth' encontrado en caché.

==================================================
2. DISTRIBUYENDO EL MODELO VÍA gRPC
==================================================
Worker [192.168.98.143:30000] respondió: OK
Worker [192.168.98.144:30000] respondió: OK

==================================================
3. INICIANDO BENCHMARK DE INFERENCIA (RED gRPC)
==================================================

==================================================
 RESULTADOS DE LA COMPARATIVA TÉCNICA (gRPC) 
==================================================
Protocolo de Comunicación:     gRPC (Protobuf)
Tiempo Total (s):              0.40 s
Throughput (img/s):            5047.29
Tasa de Éxito (%):             100.0 %
Latencia RTT Promedio (ms):    390.81 ms
Tiempo T_proc Promedio (ms):   369.88 ms
Pico Máx. RAM Worker (MB):     445.68 MB
CPU Promedio (%):              160.80 %
Payload Promedio por Nodo (MB): 2.99 MB
==================================================
