=== BENCHMARK COMPLETO | INICIO: 16/09/2026 14:55:11 ===

--- MÉTRICAS DE INFRAESTRUCTURA ---
  [OK] T_deploy total: 84.52 segundos
  [OK] Nodo node-a - CPU Reposo (Global): 1% | RAM Reposo (Global): 784 MB
  [OK] Nodo node-a - Tiempo Real Arranque: 1134.76 ms
  [OK] Nodo node-b - CPU Reposo (Global): 0% | RAM Reposo (Global): 784 MB
  [OK] Nodo node-b - Tiempo Real Arranque: 1188.55 ms


==================================================
 TEST RUN 1 (Prueba de Estrés)
==================================================

==================================================
1. EVALUACIÓN Y ENTRENAMIENTO DEL MODELO IA
==================================================
-> Archivo 'best_model.pth' encontrado en caché.

==================================================
2. DISTRIBUYENDO EL MODELO VÍA gRPC
==================================================
Worker [192.168.98.143:30000] respondió: OK
Worker [192.168.98.144:30000] respondió: OK

==================================================
3. INICIANDO BENCHMARK DE INFERENCIA (RED gRPC)
==================================================

==================================================
 RESULTADOS DE LA COMPARATIVA TÉCNICA (gRPC) 
==================================================
Protocolo de Comunicación:     gRPC (Protobuf)
Tiempo Total (s):              0.34 s
Throughput (img/s):            5860.20
Tasa de Éxito (%):             100.0 %
Latencia RTT Promedio (ms):    303.52 ms
Tiempo T_proc Promedio (ms):   236.90 ms
Pico Máx. RAM Worker (MB):     294.36 MB
CPU Promedio (%):              179.45 %
Payload Promedio por Nodo (MB): 2.99 MB
==================================================


==================================================
 TEST RUN 2 (Prueba de Estrés)
==================================================

==================================================
1. EVALUACIÓN Y ENTRENAMIENTO DEL MODELO IA
==================================================
-> Archivo 'best_model.pth' encontrado en caché.

==================================================
2. DISTRIBUYENDO EL MODELO VÍA gRPC
==================================================
Worker [192.168.98.143:30000] respondió: OK
Worker [192.168.98.144:30000] respondió: OK

==================================================
3. INICIANDO BENCHMARK DE INFERENCIA (RED gRPC)
==================================================

==================================================
 RESULTADOS DE LA COMPARATIVA TÉCNICA (gRPC) 
==================================================
Protocolo de Comunicación:     gRPC (Protobuf)
Tiempo Total (s):              0.22 s
Throughput (img/s):            9084.57
Tasa de Éxito (%):             100.0 %
Latencia RTT Promedio (ms):    213.49 ms
Tiempo T_proc Promedio (ms):   195.26 ms
Pico Máx. RAM Worker (MB):     313.45 MB
CPU Promedio (%):              197.10 %
Payload Promedio por Nodo (MB): 2.99 MB
==================================================
