=== BENCHMARK COMPLETO | INICIO: 08/09/2026 22:25:56 ===

--- MÉTRICAS DE INFRAESTRUCTURA ---
  [OK] T_deploy total: 81.44 segundos
  [OK] Nodo node-a - CPU Reposo (Global): 0% | RAM Reposo (Global): 793 MB
  [OK] Nodo node-a - Tiempo Real Arranque: 963.24 ms
  [OK] Nodo node-b - CPU Reposo (Global): 0% | RAM Reposo (Global): 799 MB
  [OK] Nodo node-b - Tiempo Real Arranque: 1642.59 ms


==================================================
 TEST RUN 1 (Prueba de Estrés)
==================================================

==================================================
1. EVALUACIÓN Y ENTRENAMIENTO DEL MODELO IA
==================================================
-> Archivo 'best_model.pth' encontrado en caché.

==================================================
2. DISTRIBUYENDO EL MODELO VÍA gRPC
==================================================
Worker [192.168.98.143:30000] respondió: OK
Worker [192.168.98.144:30000] respondió: OK

==================================================
3. INICIANDO BENCHMARK DE INFERENCIA (RED gRPC)
==================================================

==================================================
 RESULTADOS DE LA COMPARATIVA TÉCNICA (gRPC) 
==================================================
Protocolo de Comunicación:     gRPC (Protobuf)
Tiempo Total (s):              0.44 s
Throughput (img/s):            4515.64
Tasa de Éxito (%):             100.0 %
Latencia RTT Promedio (ms):    439.94 ms
Tiempo T_proc Promedio (ms):   412.86 ms
Pico Máx. RAM Worker (MB):     345.78 MB
CPU Promedio (%):              192.40 %
Payload Promedio por Nodo (MB): 2.99 MB
==================================================


==================================================
 TEST RUN 2 (Prueba de Estrés)
==================================================

==================================================
1. EVALUACIÓN Y ENTRENAMIENTO DEL MODELO IA
==================================================
-> Archivo 'best_model.pth' encontrado en caché.

==================================================
2. DISTRIBUYENDO EL MODELO VÍA gRPC
==================================================
Worker [192.168.98.143:30000] respondió: OK
Worker [192.168.98.144:30000] respondió: OK

==================================================
3. INICIANDO BENCHMARK DE INFERENCIA (RED gRPC)
==================================================

==================================================
 RESULTADOS DE LA COMPARATIVA TÉCNICA (gRPC) 
==================================================
Protocolo de Comunicación:     gRPC (Protobuf)
Tiempo Total (s):              0.39 s
Throughput (img/s):            5079.84
Tasa de Éxito (%):             100.0 %
Latencia RTT Promedio (ms):    388.05 ms
Tiempo T_proc Promedio (ms):   361.54 ms
Pico Máx. RAM Worker (MB):     450.46 MB
CPU Promedio (%):              167.70 %
Payload Promedio por Nodo (MB): 2.99 MB
==================================================
