=== BENCHMARK COMPLETO | INICIO: 08/09/2026 21:49:33 ===

--- MÉTRICAS DE INFRAESTRUCTURA ---
  [OK] T_deploy total: 151.48 segundos
  [OK] Nodo node-a - CPU Reposo (Global): 1% | RAM Reposo (Global): 657 MB
  [OK] Nodo node-a - Tiempo Real Arranque: 503988.58 ms
  [OK] Nodo node-b - CPU Reposo (Global): 1% | RAM Reposo (Global): 798 MB
  [OK] Nodo node-b - Tiempo Real Arranque: 1087.58 ms


==================================================
 TEST RUN 1 (Prueba de Estrés)
==================================================

==================================================
1. EVALUACIÓN Y ENTRENAMIENTO DEL MODELO IA
==================================================
-> Archivo 'best_model.pth' encontrado en caché.

==================================================
2. DISTRIBUYENDO EL MODELO VÍA gRPC
==================================================
Worker [192.168.98.143:30000] respondió: OK
Worker [192.168.98.144:30000] respondió: OK

==================================================
3. INICIANDO BENCHMARK DE INFERENCIA (RED gRPC)
==================================================

==================================================
 RESULTADOS DE LA COMPARATIVA TÉCNICA (gRPC) 
==================================================
Protocolo de Comunicación:     gRPC (Protobuf)
Tiempo Total (s):              0.43 s
Throughput (img/s):            4689.82
Tasa de Éxito (%):             100.0 %
Latencia RTT Promedio (ms):    420.84 ms
Tiempo T_proc Promedio (ms):   386.26 ms
Pico Máx. RAM Worker (MB):     348.37 MB
CPU Promedio (%):              191.30 %
Payload Promedio por Nodo (MB): 2.99 MB
==================================================


==================================================
 TEST RUN 2 (Prueba de Estrés)
==================================================

==================================================
1. EVALUACIÓN Y ENTRENAMIENTO DEL MODELO IA
==================================================
-> Archivo 'best_model.pth' encontrado en caché.

==================================================
2. DISTRIBUYENDO EL MODELO VÍA gRPC
==================================================
Worker [192.168.98.143:30000] respondió: OK
Worker [192.168.98.144:30000] respondió: OK

==================================================
3. INICIANDO BENCHMARK DE INFERENCIA (RED gRPC)
==================================================

==================================================
 RESULTADOS DE LA COMPARATIVA TÉCNICA (gRPC) 
==================================================
Protocolo de Comunicación:     gRPC (Protobuf)
Tiempo Total (s):              0.25 s
Throughput (img/s):            7932.99
Tasa de Éxito (%):             100.0 %
Latencia RTT Promedio (ms):    236.66 ms
Tiempo T_proc Promedio (ms):   215.99 ms
Pico Máx. RAM Worker (MB):     364.81 MB
CPU Promedio (%):              187.30 %
Payload Promedio por Nodo (MB): 2.99 MB
==================================================
