=== BENCHMARK COMPLETO | INICIO: 08/09/2026 17:12:21 ===

--- MÉTRICAS DE INFRAESTRUCTURA ---
  [OK] T_deploy total: 87.06 segundos
  [OK] Nodo node-a - CPU Reposo (Global): 0% | RAM Reposo (Global): 804 MB
  [OK] Nodo node-a - Tiempo Real Arranque: 1616.01 ms
  [OK] Nodo node-b - CPU Reposo (Global): 0% | RAM Reposo (Global): 798 MB
  [OK] Nodo node-b - Tiempo Real Arranque: 1245.27 ms


==================================================
 TEST RUN 1 (Prueba de Estrés)
==================================================
Traceback (most recent call last):
  File "/home/xji650/workspace/tfg/tfg-systemd-kubernetes/kubernetes/2-src-protocols/01-http-json/master.py", line 9, in <module>
    from sklearn.metrics import confusion_matrix
ModuleNotFoundError: No module named 'sklearn'


==================================================
 TEST RUN 2 (Prueba de Estrés)
==================================================
Traceback (most recent call last):
  File "/home/xji650/workspace/tfg/tfg-systemd-kubernetes/kubernetes/2-src-protocols/01-http-json/master.py", line 9, in <module>
    from sklearn.metrics import confusion_matrix
ModuleNotFoundError: No module named 'sklearn'
