=== BENCHMARK COMPLETO | INICIO: 08/09/2026 22:23:58 ===

--- MÉTRICAS DE INFRAESTRUCTURA ---
  [OK] T_deploy total: 73.95 segundos
  [OK] Nodo node-a - CPU Reposo (Global): 0% | RAM Reposo (Global): 792 MB
  [OK] Nodo node-a - Tiempo Real Arranque: 1033.8 ms
  [OK] Nodo node-b - CPU Reposo (Global): 1% | RAM Reposo (Global): 803 MB
  [OK] Nodo node-b - Tiempo Real Arranque: 1520.53 ms


==================================================
 TEST RUN 1 (Prueba de Estrés)
==================================================

==================================================
1. EVALUACIÓN Y ENTRENAMIENTO DEL MODELO IA
==================================================
-> Archivo 'best_model.pth' encontrado en caché.
-> Saltando fase de entrenamiento para aislar métricas de red.

==================================================
2. DISTRIBUYENDO EL MODELO A LOS WORKERS EDGE
==================================================
Worker [192.168.98.143] respondió: Modelo recibido y cargado con éxito
Worker [192.168.98.144] respondió: Modelo recibido y cargado con éxito


==================================================
3. INICIANDO BENCHMARK DE INFERENCIA (RED HTTP)
==================================================
-> Cargando dataset MNIST de pruebas (vía PyTorch)...
-> Lanzando inferencia distribuida en 2 nodos Edge...

-> Mosaico '10_ejemplos_predicciones.png' generado con imágenes aleatorias.

==================================================
 RESULTADOS DE LA COMPARATIVA TÉCNICA (RED/SYS) 
==================================================
Protocolo de Comunicación:     HTTP/REST (JSON)
Tiempo Total (s):              0.97 s
Throughput (img/s):            2061.18
Tasa de Éxito (%):             100.0 %
Latencia RTT Promedio (ms):    515.86 ms
Tiempo T_proc Promedio (ms):   502.93 ms
Pico Máx. RAM Worker (MB):     335.51 MB
CPU Promedio (%):              126.75 %
Payload Promedio por Nodo (MB): 15.59 MB
==================================================


==================================================
 TEST RUN 2 (Prueba de Estrés)
==================================================

==================================================
1. EVALUACIÓN Y ENTRENAMIENTO DEL MODELO IA
==================================================
-> Archivo 'best_model.pth' encontrado en caché.
-> Saltando fase de entrenamiento para aislar métricas de red.

==================================================
2. DISTRIBUYENDO EL MODELO A LOS WORKERS EDGE
==================================================
Worker [192.168.98.143] respondió: Modelo recibido y cargado con éxito
Worker [192.168.98.144] respondió: Modelo recibido y cargado con éxito


==================================================
3. INICIANDO BENCHMARK DE INFERENCIA (RED HTTP)
==================================================
-> Cargando dataset MNIST de pruebas (vía PyTorch)...
-> Lanzando inferencia distribuida en 2 nodos Edge...

-> Mosaico '10_ejemplos_predicciones.png' generado con imágenes aleatorias.

==================================================
 RESULTADOS DE LA COMPARATIVA TÉCNICA (RED/SYS) 
==================================================
Protocolo de Comunicación:     HTTP/REST (JSON)
Tiempo Total (s):              1.17 s
Throughput (img/s):            1711.80
Tasa de Éxito (%):             100.0 %
Latencia RTT Promedio (ms):    590.02 ms
Tiempo T_proc Promedio (ms):   583.12 ms
Pico Máx. RAM Worker (MB):     329.00 MB
CPU Promedio (%):              148.55 %
Payload Promedio por Nodo (MB): 15.59 MB
==================================================
