=== BENCHMARK COMPLETO | INICIO: 08/09/2026 21:46:01 ===

--- MÉTRICAS DE INFRAESTRUCTURA ---
  [OK] T_deploy total: 167.72 segundos
  [OK] Nodo node-a - CPU Reposo (Global): 1% | RAM Reposo (Global): 822 MB
  [OK] Nodo node-a - Tiempo Real Arranque: 1575.31 ms
  [OK] Nodo node-b - CPU Reposo (Global): 1% | RAM Reposo (Global): 822 MB
  [OK] Nodo node-b - Tiempo Real Arranque: 1111.58 ms


==================================================
 TEST RUN 1 (Prueba de Estrés)
==================================================

==================================================
1. EVALUACIÓN Y ENTRENAMIENTO DEL MODELO IA
==================================================
-> Archivo 'best_model.pth' encontrado en caché.
-> Saltando fase de entrenamiento para aislar métricas de red.

==================================================
2. DISTRIBUYENDO EL MODELO A LOS WORKERS EDGE
==================================================
Worker [192.168.98.143] respondió: Modelo recibido y cargado con éxito
Worker [192.168.98.144] respondió: Modelo recibido y cargado con éxito


==================================================
3. INICIANDO BENCHMARK DE INFERENCIA (RED HTTP)
==================================================
-> Cargando dataset MNIST de pruebas (vía PyTorch)...
-> Lanzando inferencia distribuida en 2 nodos Edge...

-> Mosaico '10_ejemplos_predicciones.png' generado con imágenes aleatorias.

==================================================
 RESULTADOS DE LA COMPARATIVA TÉCNICA (RED/SYS) 
==================================================
Protocolo de Comunicación:     HTTP/REST (JSON)
Tiempo Total (s):              1.25 s
Throughput (img/s):            1597.34
Tasa de Éxito (%):             100.0 %
Latencia RTT Promedio (ms):    670.12 ms
Tiempo T_proc Promedio (ms):   657.54 ms
Pico Máx. RAM Worker (MB):     365.07 MB
CPU Promedio (%):              143.05 %
Payload Promedio por Nodo (MB): 15.59 MB
==================================================


==================================================
 TEST RUN 2 (Prueba de Estrés)
==================================================

==================================================
1. EVALUACIÓN Y ENTRENAMIENTO DEL MODELO IA
==================================================
-> Archivo 'best_model.pth' encontrado en caché.
-> Saltando fase de entrenamiento para aislar métricas de red.

==================================================
2. DISTRIBUYENDO EL MODELO A LOS WORKERS EDGE
==================================================
Worker [192.168.98.143] respondió: Modelo recibido y cargado con éxito
Worker [192.168.98.144] respondió: Modelo recibido y cargado con éxito


==================================================
3. INICIANDO BENCHMARK DE INFERENCIA (RED HTTP)
==================================================
-> Cargando dataset MNIST de pruebas (vía PyTorch)...
-> Lanzando inferencia distribuida en 2 nodos Edge...

-> Mosaico '10_ejemplos_predicciones.png' generado con imágenes aleatorias.

==================================================
 RESULTADOS DE LA COMPARATIVA TÉCNICA (RED/SYS) 
==================================================
Protocolo de Comunicación:     HTTP/REST (JSON)
Tiempo Total (s):              1.16 s
Throughput (img/s):            1728.48
Tasa de Éxito (%):             100.0 %
Latencia RTT Promedio (ms):    572.99 ms
Tiempo T_proc Promedio (ms):   556.27 ms
Pico Máx. RAM Worker (MB):     345.65 MB
CPU Promedio (%):              149.15 %
Payload Promedio por Nodo (MB): 15.59 MB
==================================================
