=== BENCHMARK COMPLETO | INICIO: 30/08/2026 04:12:50 ===

--- MÉTRICAS DE INFRAESTRUCTURA ---
  [OK] T_deploy total: 203.82 segundos
  [OK] Nodo node-a - CPU Reposo (Global): 2% | RAM Reposo (Global): 816 MB
  [OK] Nodo node-a - Tiempo Real Arranque: 1332.11 ms
  [OK] Nodo node-b - CPU Reposo (Global): 0% | RAM Reposo (Global): 818 MB
  [OK] Nodo node-b - Tiempo Real Arranque: 1170.21 ms


==================================================
 TEST RUN 1 (Prueba de Estrés)
==================================================

==================================================
1. EVALUACIÓN Y ENTRENAMIENTO DEL MODELO IA
==================================================
-> Archivo 'best_model.pth' encontrado en caché.
-> Saltando fase de entrenamiento para aislar métricas de red.

==================================================
2. DISTRIBUYENDO EL MODELO A LOS WORKERS EDGE
==================================================
Worker [192.168.98.143] respondió: Modelo recibido y cargado con éxito
Worker [192.168.98.144] respondió: Modelo recibido y cargado con éxito


==================================================
3. INICIANDO BENCHMARK DE INFERENCIA (RED HTTP)
==================================================
-> Cargando dataset MNIST de pruebas (vía PyTorch)...
-> Lanzando inferencia distribuida en 2 nodos Edge...

-> Mosaico '10_ejemplos_predicciones.png' generado con imágenes aleatorias.

==================================================
 RESULTADOS DE LA COMPARATIVA TÉCNICA (RED/SYS) 
==================================================
Protocolo de Comunicación:     HTTP/REST (JSON)
Tiempo Total (s):              1.25 s
Throughput (img/s):            1603.93
Tasa de Éxito (%):             100.0 %
Latencia RTT Promedio (ms):    642.49 ms
Tiempo T_proc Promedio (ms):   632.82 ms
Pico Máx. RAM Worker (MB):     398.96 MB
CPU Promedio (%):              144.85 %
Payload Promedio por Nodo (MB): 15.59 MB
==================================================


==================================================
 TEST RUN 2 (Prueba de Estrés)
==================================================

==================================================
1. EVALUACIÓN Y ENTRENAMIENTO DEL MODELO IA
==================================================
-> Archivo 'best_model.pth' encontrado en caché.
-> Saltando fase de entrenamiento para aislar métricas de red.

==================================================
2. DISTRIBUYENDO EL MODELO A LOS WORKERS EDGE
==================================================
Worker [192.168.98.143] respondió: Modelo recibido y cargado con éxito
Worker [192.168.98.144] respondió: Modelo recibido y cargado con éxito


==================================================
3. INICIANDO BENCHMARK DE INFERENCIA (RED HTTP)
==================================================
-> Cargando dataset MNIST de pruebas (vía PyTorch)...
-> Lanzando inferencia distribuida en 2 nodos Edge...

-> Mosaico '10_ejemplos_predicciones.png' generado con imágenes aleatorias.

==================================================
 RESULTADOS DE LA COMPARATIVA TÉCNICA (RED/SYS) 
==================================================
Protocolo de Comunicación:     HTTP/REST (JSON)
Tiempo Total (s):              0.84 s
Throughput (img/s):            2368.23
Tasa de Éxito (%):             100.0 %
Latencia RTT Promedio (ms):    466.63 ms
Tiempo T_proc Promedio (ms):   452.07 ms
Pico Máx. RAM Worker (MB):     341.67 MB
CPU Promedio (%):              123.85 %
Payload Promedio por Nodo (MB): 15.59 MB
==================================================
