=== BENCHMARK COMPLETO | INICIO: 16/09/2026 14:35:35 ===

--- MÉTRICAS DE INFRAESTRUCTURA ---
  [OK] T_deploy total: 185.39 segundos
  [OK] Nodo node-a - CPU Reposo (Global): 1% | RAM Reposo (Global): 801 MB
  [OK] Nodo node-a - Tiempo Real Arranque: 2054.86 ms
  [OK] Nodo node-b - CPU Reposo (Global): 0% | RAM Reposo (Global): 818 MB
  [OK] Nodo node-b - Tiempo Real Arranque: 2189.68 ms


==================================================
 TEST RUN 1 (Prueba de Estrés)
==================================================

==================================================
1. EVALUACIÓN Y ENTRENAMIENTO DEL MODELO IA
==================================================
-> Archivo 'best_model.pth' encontrado en caché.
-> Saltando fase de entrenamiento para aislar métricas de red.

==================================================
2. DISTRIBUYENDO EL MODELO A LOS WORKERS EDGE
==================================================
Worker [192.168.98.143] respondió: Modelo recibido y cargado con éxito
Worker [192.168.98.144] respondió: Modelo recibido y cargado con éxito


==================================================
3. INICIANDO BENCHMARK DE INFERENCIA (RED HTTP)
==================================================
-> Cargando dataset MNIST de pruebas (vía PyTorch)...
-> Lanzando inferencia distribuida en 2 nodos Edge...

-> Mosaico '10_ejemplos_predicciones.png' generado con imágenes aleatorias.

==================================================
 RESULTADOS DE LA COMPARATIVA TÉCNICA (RED/SYS) 
==================================================
Protocolo de Comunicación:     HTTP/REST (JSON)
Tiempo Total (s):              1.17 s
Throughput (img/s):            1702.74
Tasa de Éxito (%):             100.0 %
Latencia RTT Promedio (ms):    599.68 ms
Tiempo T_proc Promedio (ms):   591.85 ms
Pico Máx. RAM Worker (MB):     359.69 MB
CPU Promedio (%):              144.05 %
Payload Promedio por Nodo (MB): 15.59 MB
==================================================


==================================================
 TEST RUN 2 (Prueba de Estrés)
==================================================

==================================================
1. EVALUACIÓN Y ENTRENAMIENTO DEL MODELO IA
==================================================
-> Archivo 'best_model.pth' encontrado en caché.
-> Saltando fase de entrenamiento para aislar métricas de red.

==================================================
2. DISTRIBUYENDO EL MODELO A LOS WORKERS EDGE
==================================================
Worker [192.168.98.143] respondió: Modelo recibido y cargado con éxito
Worker [192.168.98.144] respondió: Modelo recibido y cargado con éxito


==================================================
3. INICIANDO BENCHMARK DE INFERENCIA (RED HTTP)
==================================================
-> Cargando dataset MNIST de pruebas (vía PyTorch)...
-> Lanzando inferencia distribuida en 2 nodos Edge...

-> Mosaico '10_ejemplos_predicciones.png' generado con imágenes aleatorias.

==================================================
 RESULTADOS DE LA COMPARATIVA TÉCNICA (RED/SYS) 
==================================================
Protocolo de Comunicación:     HTTP/REST (JSON)
Tiempo Total (s):              1.28 s
Throughput (img/s):            1560.13
Tasa de Éxito (%):             100.0 %
Latencia RTT Promedio (ms):    670.94 ms
Tiempo T_proc Promedio (ms):   658.43 ms
Pico Máx. RAM Worker (MB):     336.80 MB
CPU Promedio (%):              104.95 %
Payload Promedio por Nodo (MB): 15.59 MB
==================================================
