=== BENCHMARK COMPLETO | INICIO: 08/09/2026 22:11:14 ===

--- MÉTRICAS DE INFRAESTRUCTURA ---
  [OK] T_deploy total: 77.45 segundos
  [OK] Nodo node-a - CPU Reposo (Global): 0% | RAM Reposo (Global): 807 MB
  [OK] Nodo node-a - Tiempo Real Arranque: 1828.56 ms
  [OK] Nodo node-b - CPU Reposo (Global): 0% | RAM Reposo (Global): 817 MB
  [OK] Nodo node-b - Tiempo Real Arranque: 852.65 ms


==================================================
 TEST RUN 1 (Prueba de Estrés)
==================================================

==================================================
1. EVALUACIÓN Y ENTRENAMIENTO DEL MODELO IA
==================================================
-> Archivo 'best_model.pth' encontrado en caché.
-> Saltando fase de entrenamiento para aislar métricas de red.

==================================================
2. DISTRIBUYENDO EL MODELO A LOS WORKERS EDGE
==================================================
Worker [192.168.98.143] respondió: Modelo recibido y cargado con éxito
Worker [192.168.98.144] respondió: Modelo recibido y cargado con éxito


==================================================
3. INICIANDO BENCHMARK DE INFERENCIA (RED HTTP)
==================================================
-> Cargando dataset MNIST de pruebas (vía PyTorch)...
-> Lanzando inferencia distribuida en 2 nodos Edge...

-> Mosaico '10_ejemplos_predicciones.png' generado con imágenes aleatorias.

==================================================
 RESULTADOS DE LA COMPARATIVA TÉCNICA (RED/SYS) 
==================================================
Protocolo de Comunicación:     HTTP/REST (JSON)
Tiempo Total (s):              0.89 s
Throughput (img/s):            2255.63
Tasa de Éxito (%):             100.0 %
Latencia RTT Promedio (ms):    483.27 ms
Tiempo T_proc Promedio (ms):   471.47 ms
Pico Máx. RAM Worker (MB):     335.88 MB
CPU Promedio (%):              134.70 %
Payload Promedio por Nodo (MB): 15.59 MB
==================================================


==================================================
 TEST RUN 2 (Prueba de Estrés)
==================================================

==================================================
1. EVALUACIÓN Y ENTRENAMIENTO DEL MODELO IA
==================================================
-> Archivo 'best_model.pth' encontrado en caché.
-> Saltando fase de entrenamiento para aislar métricas de red.

==================================================
2. DISTRIBUYENDO EL MODELO A LOS WORKERS EDGE
==================================================
Worker [192.168.98.143] respondió: Modelo recibido y cargado con éxito
Worker [192.168.98.144] respondió: Modelo recibido y cargado con éxito


==================================================
3. INICIANDO BENCHMARK DE INFERENCIA (RED HTTP)
==================================================
-> Cargando dataset MNIST de pruebas (vía PyTorch)...
-> Lanzando inferencia distribuida en 2 nodos Edge...

-> Mosaico '10_ejemplos_predicciones.png' generado con imágenes aleatorias.

==================================================
 RESULTADOS DE LA COMPARATIVA TÉCNICA (RED/SYS) 
==================================================
Protocolo de Comunicación:     HTTP/REST (JSON)
Tiempo Total (s):              1.30 s
Throughput (img/s):            1538.17
Tasa de Éxito (%):             100.0 %
Latencia RTT Promedio (ms):    671.04 ms
Tiempo T_proc Promedio (ms):   659.03 ms
Pico Máx. RAM Worker (MB):     328.28 MB
CPU Promedio (%):              146.15 %
Payload Promedio por Nodo (MB): 15.59 MB
==================================================
