=== BENCHMARK COMPLETO | INICIO: 16/09/2026 14:53:10 ===

--- MÉTRICAS DE INFRAESTRUCTURA ---
  [OK] T_deploy total: 77.48 segundos
  [OK] Nodo node-a - CPU Reposo (Global): 0% | RAM Reposo (Global): 801 MB
  [OK] Nodo node-a - Tiempo Real Arranque: 1994.08 ms
  [OK] Nodo node-b - CPU Reposo (Global): 1% | RAM Reposo (Global): 798 MB
  [OK] Nodo node-b - Tiempo Real Arranque: 1180.5 ms


==================================================
 TEST RUN 1 (Prueba de Estrés)
==================================================

==================================================
1. EVALUACIÓN Y ENTRENAMIENTO DEL MODELO IA
==================================================
-> Archivo 'best_model.pth' encontrado en caché.
-> Saltando fase de entrenamiento para aislar métricas de red.

==================================================
2. DISTRIBUYENDO EL MODELO A LOS WORKERS EDGE
==================================================
Worker [192.168.98.143] respondió: Modelo recibido y cargado con éxito
Worker [192.168.98.144] respondió: Modelo recibido y cargado con éxito


==================================================
3. INICIANDO BENCHMARK DE INFERENCIA (RED HTTP)
==================================================
-> Cargando dataset MNIST de pruebas (vía PyTorch)...
-> Lanzando inferencia distribuida en 2 nodos Edge...

-> Mosaico '10_ejemplos_predicciones.png' generado con imágenes aleatorias.

==================================================
 RESULTADOS DE LA COMPARATIVA TÉCNICA (RED/SYS) 
==================================================
Protocolo de Comunicación:     HTTP/REST (JSON)
Tiempo Total (s):              1.16 s
Throughput (img/s):            1727.57
Tasa de Éxito (%):             100.0 %
Latencia RTT Promedio (ms):    608.34 ms
Tiempo T_proc Promedio (ms):   594.79 ms
Pico Máx. RAM Worker (MB):     358.80 MB
CPU Promedio (%):              145.20 %
Payload Promedio por Nodo (MB): 15.59 MB
==================================================


==================================================
 TEST RUN 2 (Prueba de Estrés)
==================================================

==================================================
1. EVALUACIÓN Y ENTRENAMIENTO DEL MODELO IA
==================================================
-> Archivo 'best_model.pth' encontrado en caché.
-> Saltando fase de entrenamiento para aislar métricas de red.

==================================================
2. DISTRIBUYENDO EL MODELO A LOS WORKERS EDGE
==================================================
Worker [192.168.98.143] respondió: Modelo recibido y cargado con éxito
Worker [192.168.98.144] respondió: Modelo recibido y cargado con éxito


==================================================
3. INICIANDO BENCHMARK DE INFERENCIA (RED HTTP)
==================================================
-> Cargando dataset MNIST de pruebas (vía PyTorch)...
-> Lanzando inferencia distribuida en 2 nodos Edge...

-> Mosaico '10_ejemplos_predicciones.png' generado con imágenes aleatorias.

==================================================
 RESULTADOS DE LA COMPARATIVA TÉCNICA (RED/SYS) 
==================================================
Protocolo de Comunicación:     HTTP/REST (JSON)
Tiempo Total (s):              1.19 s
Throughput (img/s):            1685.29
Tasa de Éxito (%):             100.0 %
Latencia RTT Promedio (ms):    614.15 ms
Tiempo T_proc Promedio (ms):   601.52 ms
Pico Máx. RAM Worker (MB):     354.82 MB
CPU Promedio (%):              141.15 %
Payload Promedio por Nodo (MB): 15.59 MB
==================================================
