=== BENCHMARK COMPLETO | INICIO: 08/09/2026 21:17:42 ===

--- MÉTRICAS DE INFRAESTRUCTURA ---
  [OK] T_deploy total: 238.42 segundos
  [OK] Nodo 192.168.98.143 - CPU Reposo (Global): 0% | RAM Reposo (Global): 726 MB
  [OK] Nodo 192.168.98.143 - Tiempo Real Arranque: 0 ms
  [OK] Nodo 192.168.98.144 - CPU Reposo (Global): 0% | RAM Reposo (Global): 727 MB
  [OK] Nodo 192.168.98.144 - Tiempo Real Arranque: 0 ms


==================================================
 TEST RUN 1 (Prueba de Estrés)
==================================================

==================================================
1. EVALUACIÓN Y ENTRENAMIENTO DEL MODELO IA
==================================================
-> Archivo 'best_model.pth' encontrado en caché.

==================================================
2. DISTRIBUYENDO EL MODELO VÍA ZEROMQ + MSGPACK
==================================================
Worker [tcp://192.168.98.143:8000] respondió: Modelo cargado
Worker [tcp://192.168.98.144:8000] respondió: Modelo cargado

==================================================
3. INICIANDO BENCHMARK DE INFERENCIA (RED ZEROMQ + MSGPACK)
==================================================

==================================================
 RESULTADOS DE LA COMPARATIVA TÉCNICA (ZeroMQ + MessagePack) 
==================================================
Protocolo de Comunicación:     ZeroMQ (MessagePack)
Tiempo Total (s):              0.23 s
Throughput (img/s):            8539.53
Tasa de Éxito (%):             100.0 %
Latencia RTT Promedio (ms):    225.46 ms
Tiempo T_proc Promedio (ms):   206.77 ms
Pico Máx. RAM Worker (MB):     285.20 MB
CPU Promedio (%):              195.90 %
Payload Promedio por Nodo (MB): 2.99 MB
==================================================


==================================================
 TEST RUN 2 (Prueba de Estrés)
==================================================

==================================================
1. EVALUACIÓN Y ENTRENAMIENTO DEL MODELO IA
==================================================
-> Archivo 'best_model.pth' encontrado en caché.

==================================================
2. DISTRIBUYENDO EL MODELO VÍA ZEROMQ + MSGPACK
==================================================
Worker [tcp://192.168.98.143:8000] respondió: Modelo cargado
Worker [tcp://192.168.98.144:8000] respondió: Modelo cargado

==================================================
3. INICIANDO BENCHMARK DE INFERENCIA (RED ZEROMQ + MSGPACK)
==================================================

==================================================
 RESULTADOS DE LA COMPARATIVA TÉCNICA (ZeroMQ + MessagePack) 
==================================================
Protocolo de Comunicación:     ZeroMQ (MessagePack)
Tiempo Total (s):              0.22 s
Throughput (img/s):            9010.40
Tasa de Éxito (%):             100.0 %
Latencia RTT Promedio (ms):    219.20 ms
Tiempo T_proc Promedio (ms):   207.35 ms
Pico Máx. RAM Worker (MB):     265.79 MB
CPU Promedio (%):              197.70 %
Payload Promedio por Nodo (MB): 2.99 MB
==================================================
