=== BENCHMARK COMPLETO | INICIO: 08/09/2026 20:58:44 ===

--- MÉTRICAS DE INFRAESTRUCTURA ---
  [OK] T_deploy total: 214.81 segundos
  [OK] Nodo 192.168.98.143 - CPU Reposo (Global): 0% | RAM Reposo (Global): 717 MB
  [OK] Nodo 192.168.98.143 - Tiempo Real Arranque: 0 ms
  [OK] Nodo 192.168.98.144 - CPU Reposo (Global): 0% | RAM Reposo (Global): 721 MB
  [OK] Nodo 192.168.98.144 - Tiempo Real Arranque: 0 ms


==================================================
 TEST RUN 1 (Prueba de Estrés)
==================================================

==================================================
1. EVALUACIÓN Y ENTRENAMIENTO DEL MODELO IA
==================================================
-> Archivo 'best_model.pth' encontrado en caché.

==================================================
2. DISTRIBUYENDO EL MODELO VÍA ZEROMQ + MSGPACK
==================================================
Worker [tcp://192.168.98.143:8000] respondió: Modelo cargado
Worker [tcp://192.168.98.144:8000] respondió: Modelo cargado

==================================================
3. INICIANDO BENCHMARK DE INFERENCIA (RED ZEROMQ + MSGPACK)
==================================================

==================================================
 RESULTADOS DE LA COMPARATIVA TÉCNICA (ZeroMQ + MessagePack) 
==================================================
Protocolo de Comunicación:     ZeroMQ (MessagePack)
Tiempo Total (s):              0.25 s
Throughput (img/s):            7944.21
Tasa de Éxito (%):             100.0 %
Latencia RTT Promedio (ms):    244.46 ms
Tiempo T_proc Promedio (ms):   227.05 ms
Pico Máx. RAM Worker (MB):     285.07 MB
CPU Promedio (%):              195.95 %
Payload Promedio por Nodo (MB): 2.99 MB
==================================================


==================================================
 TEST RUN 2 (Prueba de Estrés)
==================================================

==================================================
1. EVALUACIÓN Y ENTRENAMIENTO DEL MODELO IA
==================================================
-> Archivo 'best_model.pth' encontrado en caché.

==================================================
2. DISTRIBUYENDO EL MODELO VÍA ZEROMQ + MSGPACK
==================================================
Worker [tcp://192.168.98.143:8000] respondió: Modelo cargado
Worker [tcp://192.168.98.144:8000] respondió: Modelo cargado

==================================================
3. INICIANDO BENCHMARK DE INFERENCIA (RED ZEROMQ + MSGPACK)
==================================================

==================================================
 RESULTADOS DE LA COMPARATIVA TÉCNICA (ZeroMQ + MessagePack) 
==================================================
Protocolo de Comunicación:     ZeroMQ (MessagePack)
Tiempo Total (s):              0.23 s
Throughput (img/s):            8860.27
Tasa de Éxito (%):             100.0 %
Latencia RTT Promedio (ms):    221.36 ms
Tiempo T_proc Promedio (ms):   209.09 ms
Pico Máx. RAM Worker (MB):     265.67 MB
CPU Promedio (%):              200.85 %
Payload Promedio por Nodo (MB): 2.99 MB
==================================================
