=== BENCHMARK COMPLETO | INICIO: 30/08/2026 04:05:07 ===

--- MÉTRICAS DE INFRAESTRUCTURA ---
  [OK] T_deploy total: 200.5 segundos
  [OK] Nodo 192.168.98.143 - CPU Reposo (Global): 0% | RAM Reposo (Global): 717 MB
  [OK] Nodo 192.168.98.143 - Tiempo Real Arranque: 436.99 ms
  [OK] Nodo 192.168.98.144 - CPU Reposo (Global): 0% | RAM Reposo (Global): 727 MB
  [OK] Nodo 192.168.98.144 - Tiempo Real Arranque: 449.68 ms


==================================================
 TEST RUN 1 (Prueba de Estrés)
==================================================

==================================================
1. EVALUACIÓN Y ENTRENAMIENTO DEL MODELO IA
==================================================
-> Archivo 'best_model.pth' encontrado en caché.

==================================================
2. DISTRIBUYENDO EL MODELO VÍA ZEROMQ + MSGPACK
==================================================
Worker [tcp://192.168.98.143:8000] respondió: Modelo cargado
Worker [tcp://192.168.98.144:8000] respondió: Modelo cargado

==================================================
3. INICIANDO BENCHMARK DE INFERENCIA (RED ZEROMQ + MSGPACK)
==================================================

==================================================
 RESULTADOS DE LA COMPARATIVA TÉCNICA (ZeroMQ + MessagePack) 
==================================================
Protocolo de Comunicación:     ZeroMQ (MessagePack)
Tiempo Total (s):              0.21 s
Throughput (img/s):            9549.84
Tasa de Éxito (%):             100.0 %
Latencia RTT Promedio (ms):    207.50 ms
Tiempo T_proc Promedio (ms):   191.85 ms
Pico Máx. RAM Worker (MB):     284.94 MB
CPU Promedio (%):              198.05 %
Payload Promedio por Nodo (MB): 2.99 MB
==================================================


==================================================
 TEST RUN 2 (Prueba de Estrés)
==================================================

==================================================
1. EVALUACIÓN Y ENTRENAMIENTO DEL MODELO IA
==================================================
-> Archivo 'best_model.pth' encontrado en caché.

==================================================
2. DISTRIBUYENDO EL MODELO VÍA ZEROMQ + MSGPACK
==================================================
Worker [tcp://192.168.98.143:8000] respondió: Modelo cargado
Worker [tcp://192.168.98.144:8000] respondió: Modelo cargado

==================================================
3. INICIANDO BENCHMARK DE INFERENCIA (RED ZEROMQ + MSGPACK)
==================================================

==================================================
 RESULTADOS DE LA COMPARATIVA TÉCNICA (ZeroMQ + MessagePack) 
==================================================
Protocolo de Comunicación:     ZeroMQ (MessagePack)
Tiempo Total (s):              0.23 s
Throughput (img/s):            8519.99
Tasa de Éxito (%):             100.0 %
Latencia RTT Promedio (ms):    220.73 ms
Tiempo T_proc Promedio (ms):   202.05 ms
Pico Máx. RAM Worker (MB):     265.53 MB
CPU Promedio (%):              193.30 %
Payload Promedio por Nodo (MB): 2.99 MB
==================================================
