=== BENCHMARK COMPLETO | INICIO: 04/07/2026 21:47:21 ===

--- MÉTRICAS DE INFRAESTRUCTURA ---
  [OK] T_deploy total: 194.18 segundos
  [OK] Nodo 192.168.98.143 - CPU Reposo (Global): 0% | RAM Reposo (Global): 723 MB
  [OK] Nodo 192.168.98.143 - Tiempo Real Arranque: 532.89 ms
  [OK] Nodo 192.168.98.144 - CPU Reposo (Global): 0% | RAM Reposo (Global): 744 MB
  [OK] Nodo 192.168.98.144 - Tiempo Real Arranque: 474.29 ms


==================================================
 TEST RUN 1 (Prueba de Estrés)
==================================================

==================================================
1. EVALUACIÓN Y ENTRENAMIENTO DEL MODELO IA
==================================================
-> Archivo 'best_model.pth' encontrado en caché.

==================================================
2. DISTRIBUYENDO EL MODELO VÍA ZEROMQ + MSGPACK
==================================================
Worker [tcp://192.168.98.143:8000] respondió: Modelo cargado
Worker [tcp://192.168.98.144:8000] respondió: Modelo cargado

==================================================
3. INICIANDO BENCHMARK DE INFERENCIA (RED ZEROMQ + MSGPACK)
==================================================

==================================================
 RESULTADOS DE LA COMPARATIVA TÉCNICA (ZeroMQ + MessagePack) 
==================================================
Protocolo de Comunicación:     ZeroMQ (MessagePack)
Tiempo Total (s):              0.24 s
Throughput (img/s):            8356.98
Tasa de Éxito (%):             100.0 %
Latencia RTT Promedio (ms):    232.65 ms
Tiempo T_proc Promedio (ms):   211.78 ms
Pico Máx. RAM Worker (MB):     284.81 MB
CPU Promedio (%):              196.30 %
Payload Promedio por Nodo (MB): 2.99 MB
==================================================


==================================================
 TEST RUN 2 (Prueba de Estrés)
==================================================

==================================================
1. EVALUACIÓN Y ENTRENAMIENTO DEL MODELO IA
==================================================
-> Archivo 'best_model.pth' encontrado en caché.

==================================================
2. DISTRIBUYENDO EL MODELO VÍA ZEROMQ + MSGPACK
==================================================
Worker [tcp://192.168.98.143:8000] respondió: Modelo cargado
Worker [tcp://192.168.98.144:8000] respondió: Modelo cargado

==================================================
3. INICIANDO BENCHMARK DE INFERENCIA (RED ZEROMQ + MSGPACK)
==================================================

==================================================
 RESULTADOS DE LA COMPARATIVA TÉCNICA (ZeroMQ + MessagePack) 
==================================================
Protocolo de Comunicación:     ZeroMQ (MessagePack)
Tiempo Total (s):              0.23 s
Throughput (img/s):            8833.88
Tasa de Éxito (%):             100.0 %
Latencia RTT Promedio (ms):    220.31 ms
Tiempo T_proc Promedio (ms):   201.57 ms
Pico Máx. RAM Worker (MB):     265.40 MB
CPU Promedio (%):              200.95 %
Payload Promedio por Nodo (MB): 2.99 MB
==================================================


==================================================
 TEST RUN 3 (Prueba de Estrés)
==================================================

==================================================
1. EVALUACIÓN Y ENTRENAMIENTO DEL MODELO IA
==================================================
-> Archivo 'best_model.pth' encontrado en caché.

==================================================
2. DISTRIBUYENDO EL MODELO VÍA ZEROMQ + MSGPACK
==================================================
Worker [tcp://192.168.98.143:8000] respondió: Modelo cargado
Worker [tcp://192.168.98.144:8000] respondió: Modelo cargado

==================================================
3. INICIANDO BENCHMARK DE INFERENCIA (RED ZEROMQ + MSGPACK)
==================================================

==================================================
 RESULTADOS DE LA COMPARATIVA TÉCNICA (ZeroMQ + MessagePack) 
==================================================
Protocolo de Comunicación:     ZeroMQ (MessagePack)
Tiempo Total (s):              0.24 s
Throughput (img/s):            8505.61
Tasa de Éxito (%):             100.0 %
Latencia RTT Promedio (ms):    221.08 ms
Tiempo T_proc Promedio (ms):   207.75 ms
Pico Máx. RAM Worker (MB):     265.40 MB
CPU Promedio (%):              192.80 %
Payload Promedio por Nodo (MB): 2.99 MB
==================================================


==================================================
 TEST RUN 4 (Prueba de Estrés)
==================================================

==================================================
1. EVALUACIÓN Y ENTRENAMIENTO DEL MODELO IA
==================================================
-> Archivo 'best_model.pth' encontrado en caché.

==================================================
2. DISTRIBUYENDO EL MODELO VÍA ZEROMQ + MSGPACK
==================================================
Worker [tcp://192.168.98.143:8000] respondió: Modelo cargado
Worker [tcp://192.168.98.144:8000] respondió: Modelo cargado

==================================================
3. INICIANDO BENCHMARK DE INFERENCIA (RED ZEROMQ + MSGPACK)
==================================================

==================================================
 RESULTADOS DE LA COMPARATIVA TÉCNICA (ZeroMQ + MessagePack) 
==================================================
Protocolo de Comunicación:     ZeroMQ (MessagePack)
Tiempo Total (s):              0.22 s
Throughput (img/s):            9153.91
Tasa de Éxito (%):             100.0 %
Latencia RTT Promedio (ms):    214.66 ms
Tiempo T_proc Promedio (ms):   204.24 ms
Pico Máx. RAM Worker (MB):     265.40 MB
CPU Promedio (%):              198.25 %
Payload Promedio por Nodo (MB): 2.99 MB
==================================================


==================================================
 TEST RUN 5 (Prueba de Estrés)
==================================================

==================================================
1. EVALUACIÓN Y ENTRENAMIENTO DEL MODELO IA
==================================================
-> Archivo 'best_model.pth' encontrado en caché.

==================================================
2. DISTRIBUYENDO EL MODELO VÍA ZEROMQ + MSGPACK
==================================================
Worker [tcp://192.168.98.143:8000] respondió: Modelo cargado
Worker [tcp://192.168.98.144:8000] respondió: Modelo cargado

==================================================
3. INICIANDO BENCHMARK DE INFERENCIA (RED ZEROMQ + MSGPACK)
==================================================

==================================================
 RESULTADOS DE LA COMPARATIVA TÉCNICA (ZeroMQ + MessagePack) 
==================================================
Protocolo de Comunicación:     ZeroMQ (MessagePack)
Tiempo Total (s):              0.21 s
Throughput (img/s):            9627.09
Tasa de Éxito (%):             100.0 %
Latencia RTT Promedio (ms):    206.52 ms
Tiempo T_proc Promedio (ms):   195.61 ms
Pico Máx. RAM Worker (MB):     328.08 MB
CPU Promedio (%):              196.80 %
Payload Promedio por Nodo (MB): 2.99 MB
==================================================
