=== BENCHMARK COMPLETO | INICIO: 16/09/2026 15:34:21 ===

--- MÉTRICAS DE INFRAESTRUCTURA ---
  [OK] T_deploy total: 288.26 segundos
  [OK] Nodo 192.168.98.143 - CPU Reposo (Global): 0% | RAM Reposo (Global): 689 MB
  [OK] Nodo 192.168.98.143 - Tiempo Real Arranque: 433.64 ms
  [OK] Nodo 192.168.98.144 - CPU Reposo (Global): 0% | RAM Reposo (Global): 724 MB
  [OK] Nodo 192.168.98.144 - Tiempo Real Arranque: 378.92 ms


==================================================
 TEST RUN 1 (Prueba de Estrés)
==================================================

==================================================
1. EVALUACIÓN Y ENTRENAMIENTO DEL MODELO IA
==================================================
-> Archivo 'best_model.pth' encontrado en caché.

==================================================
2. DISTRIBUYENDO EL MODELO VÍA ZEROMQ + MSGPACK
==================================================
Worker [tcp://192.168.98.143:8000] respondió: Modelo cargado
Worker [tcp://192.168.98.144:8000] respondió: Modelo cargado

==================================================
3. INICIANDO BENCHMARK DE INFERENCIA (RED ZEROMQ + MSGPACK)
==================================================

==================================================
 RESULTADOS DE LA COMPARATIVA TÉCNICA (ZeroMQ + MessagePack) 
==================================================
Protocolo de Comunicación:     ZeroMQ (MessagePack)
Tiempo Total (s):              0.23 s
Throughput (img/s):            8674.53
Tasa de Éxito (%):             100.0 %
Latencia RTT Promedio (ms):    226.41 ms
Tiempo T_proc Promedio (ms):   205.99 ms
Pico Máx. RAM Worker (MB):     284.96 MB
CPU Promedio (%):              194.15 %
Payload Promedio por Nodo (MB): 2.99 MB
==================================================


==================================================
 TEST RUN 2 (Prueba de Estrés)
==================================================

==================================================
1. EVALUACIÓN Y ENTRENAMIENTO DEL MODELO IA
==================================================
-> Archivo 'best_model.pth' encontrado en caché.

==================================================
2. DISTRIBUYENDO EL MODELO VÍA ZEROMQ + MSGPACK
==================================================
Worker [tcp://192.168.98.143:8000] respondió: Modelo cargado
Worker [tcp://192.168.98.144:8000] respondió: Modelo cargado

==================================================
3. INICIANDO BENCHMARK DE INFERENCIA (RED ZEROMQ + MSGPACK)
==================================================

==================================================
 RESULTADOS DE LA COMPARATIVA TÉCNICA (ZeroMQ + MessagePack) 
==================================================
Protocolo de Comunicación:     ZeroMQ (MessagePack)
Tiempo Total (s):              0.20 s
Throughput (img/s):            9981.24
Tasa de Éxito (%):             100.0 %
Latencia RTT Promedio (ms):    197.80 ms
Tiempo T_proc Promedio (ms):   185.45 ms
Pico Máx. RAM Worker (MB):     325.24 MB
CPU Promedio (%):              199.45 %
Payload Promedio por Nodo (MB): 2.99 MB
==================================================
