=== BENCHMARK COMPLETO | INICIO: 04/07/2026 21:08:54 ===

--- MÉTRICAS DE INFRAESTRUCTURA ---
  [OK] T_deploy total: 211.92 segundos
  [OK] Nodo 192.168.98.143 - CPU Reposo (Global): 0% | RAM Reposo (Global): 738 MB
  [OK] Nodo 192.168.98.143 - Tiempo Real Arranque: 508.47 ms
  [OK] Nodo 192.168.98.144 - CPU Reposo (Global): 1% | RAM Reposo (Global): 738 MB
  [OK] Nodo 192.168.98.144 - Tiempo Real Arranque: 469.49 ms


==================================================
 TEST RUN 1 (Prueba de Estrés)
==================================================

==================================================
1. EVALUACIÓN Y ENTRENAMIENTO DEL MODELO IA
==================================================
-> Archivo 'best_model.pth' encontrado en caché.

==================================================
2. DISTRIBUYENDO EL MODELO VÍA gRPC
==================================================
Worker [192.168.98.143:8000] respondió: OK
Worker [192.168.98.144:8000] respondió: OK

==================================================
3. INICIANDO BENCHMARK DE INFERENCIA (RED gRPC)
==================================================

==================================================
 RESULTADOS DE LA COMPARATIVA TÉCNICA (gRPC) 
==================================================
Protocolo de Comunicación:     gRPC (Protobuf)
Tiempo Total (s):              0.25 s
Throughput (img/s):            8050.35
Tasa de Éxito (%):             100.0 %
Latencia RTT Promedio (ms):    236.56 ms
Tiempo T_proc Promedio (ms):   206.94 ms
Pico Máx. RAM Worker (MB):     296.32 MB
CPU Promedio (%):              195.85 %
Payload Promedio por Nodo (MB): 2.99 MB
==================================================


==================================================
 TEST RUN 2 (Prueba de Estrés)
==================================================

==================================================
1. EVALUACIÓN Y ENTRENAMIENTO DEL MODELO IA
==================================================
-> Archivo 'best_model.pth' encontrado en caché.

==================================================
2. DISTRIBUYENDO EL MODELO VÍA gRPC
==================================================
Worker [192.168.98.143:8000] respondió: OK
Worker [192.168.98.144:8000] respondió: OK

==================================================
3. INICIANDO BENCHMARK DE INFERENCIA (RED gRPC)
==================================================

==================================================
 RESULTADOS DE LA COMPARATIVA TÉCNICA (gRPC) 
==================================================
Protocolo de Comunicación:     gRPC (Protobuf)
Tiempo Total (s):              0.23 s
Throughput (img/s):            8868.92
Tasa de Éxito (%):             100.0 %
Latencia RTT Promedio (ms):    217.89 ms
Tiempo T_proc Promedio (ms):   190.26 ms
Pico Máx. RAM Worker (MB):     316.18 MB
CPU Promedio (%):              194.45 %
Payload Promedio por Nodo (MB): 2.99 MB
==================================================


==================================================
 TEST RUN 3 (Prueba de Estrés)
==================================================

==================================================
1. EVALUACIÓN Y ENTRENAMIENTO DEL MODELO IA
==================================================
-> Archivo 'best_model.pth' encontrado en caché.

==================================================
2. DISTRIBUYENDO EL MODELO VÍA gRPC
==================================================
Worker [192.168.98.143:8000] respondió: OK
Worker [192.168.98.144:8000] respondió: OK

==================================================
3. INICIANDO BENCHMARK DE INFERENCIA (RED gRPC)
==================================================

==================================================
 RESULTADOS DE LA COMPARATIVA TÉCNICA (gRPC) 
==================================================
Protocolo de Comunicación:     gRPC (Protobuf)
Tiempo Total (s):              0.23 s
Throughput (img/s):            8574.74
Tasa de Éxito (%):             100.0 %
Latencia RTT Promedio (ms):    222.91 ms
Tiempo T_proc Promedio (ms):   197.80 ms
Pico Máx. RAM Worker (MB):     316.53 MB
CPU Promedio (%):              197.10 %
Payload Promedio por Nodo (MB): 2.99 MB
==================================================


==================================================
 TEST RUN 4 (Prueba de Estrés)
==================================================

==================================================
1. EVALUACIÓN Y ENTRENAMIENTO DEL MODELO IA
==================================================
-> Archivo 'best_model.pth' encontrado en caché.

==================================================
2. DISTRIBUYENDO EL MODELO VÍA gRPC
==================================================
Worker [192.168.98.143:8000] respondió: OK
Worker [192.168.98.144:8000] respondió: OK

==================================================
3. INICIANDO BENCHMARK DE INFERENCIA (RED gRPC)
==================================================

==================================================
 RESULTADOS DE LA COMPARATIVA TÉCNICA (gRPC) 
==================================================
Protocolo de Comunicación:     gRPC (Protobuf)
Tiempo Total (s):              0.22 s
Throughput (img/s):            9191.68
Tasa de Éxito (%):             100.0 %
Latencia RTT Promedio (ms):    207.96 ms
Tiempo T_proc Promedio (ms):   189.81 ms
Pico Máx. RAM Worker (MB):     316.55 MB
CPU Promedio (%):              197.55 %
Payload Promedio por Nodo (MB): 2.99 MB
==================================================


==================================================
 TEST RUN 5 (Prueba de Estrés)
==================================================

==================================================
1. EVALUACIÓN Y ENTRENAMIENTO DEL MODELO IA
==================================================
-> Archivo 'best_model.pth' encontrado en caché.

==================================================
2. DISTRIBUYENDO EL MODELO VÍA gRPC
==================================================
Worker [192.168.98.143:8000] respondió: OK
Worker [192.168.98.144:8000] respondió: OK

==================================================
3. INICIANDO BENCHMARK DE INFERENCIA (RED gRPC)
==================================================

==================================================
 RESULTADOS DE LA COMPARATIVA TÉCNICA (gRPC) 
==================================================
Protocolo de Comunicación:     gRPC (Protobuf)
Tiempo Total (s):              0.22 s
Throughput (img/s):            8956.02
Tasa de Éxito (%):             100.0 %
Latencia RTT Promedio (ms):    211.72 ms
Tiempo T_proc Promedio (ms):   186.36 ms
Pico Máx. RAM Worker (MB):     316.56 MB
CPU Promedio (%):              198.50 %
Payload Promedio por Nodo (MB): 2.99 MB
==================================================
