=== BENCHMARK COMPLETO | INICIO: 29/06/2026 18:09:32 ===

--- MÉTRICAS DE INFRAESTRUCTURA ---
  [OK] T_deploy total: 242.68 segundos
  [OK] Nodo 192.168.98.143 - CPU Reposo: 26.60% | RAM Reposo: 156.5MB / 4.056GB
  [OK] Nodo 192.168.98.143 - Tiempo Real Arranque: 915.34 ms
  [OK] Nodo 192.168.98.144 - CPU Reposo: 16.93% | RAM Reposo: 156.5MB / 4.056GB
  [OK] Nodo 192.168.98.144 - Tiempo Real Arranque: 851.57 ms


==================================================
 TEST RUN 1 (Prueba de Estrés)
==================================================

==================================================
1. EVALUACIÓN Y ENTRENAMIENTO DEL MODELO IA
==================================================
-> Archivo 'best_model.pth' encontrado en caché.

==================================================
2. DISTRIBUYENDO EL MODELO VÍA gRPC
==================================================
Worker [192.168.98.143:8000] respondió: OK
Worker [192.168.98.144:8000] respondió: OK

==================================================
3. INICIANDO BENCHMARK DE INFERENCIA (RED gRPC)
==================================================

==================================================
 RESULTADOS DE LA COMPARATIVA TÉCNICA (gRPC) 
==================================================
Protocolo de Comunicación:     gRPC (Protobuf)
Tiempo Total (s):              0.63 s
Throughput (img/s):            3177.24
Tasa de Éxito (%):             100.0 %
Latencia RTT Promedio (ms):    623.33 ms
Tiempo T_proc Promedio (ms):   574.47 ms
Pico Máx. RAM Worker (MB):     296.15 MB
CPU Promedio (%):              192.40 %
Payload Promedio por Nodo (MB): 2.99 MB
==================================================


==================================================
 TEST RUN 2 (Prueba de Estrés)
==================================================

==================================================
1. EVALUACIÓN Y ENTRENAMIENTO DEL MODELO IA
==================================================
-> Archivo 'best_model.pth' encontrado en caché.

==================================================
2. DISTRIBUYENDO EL MODELO VÍA gRPC
==================================================
Worker [192.168.98.143:8000] respondió: OK
Worker [192.168.98.144:8000] respondió: OK

==================================================
3. INICIANDO BENCHMARK DE INFERENCIA (RED gRPC)
==================================================

==================================================
 RESULTADOS DE LA COMPARATIVA TÉCNICA (gRPC) 
==================================================
Protocolo de Comunicación:     gRPC (Protobuf)
Tiempo Total (s):              0.61 s
Throughput (img/s):            3293.51
Tasa de Éxito (%):             100.0 %
Latencia RTT Promedio (ms):    595.79 ms
Tiempo T_proc Promedio (ms):   554.94 ms
Pico Máx. RAM Worker (MB):     315.51 MB
CPU Promedio (%):              195.50 %
Payload Promedio por Nodo (MB): 2.99 MB
==================================================


==================================================
 TEST RUN 3 (Prueba de Estrés)
==================================================

==================================================
1. EVALUACIÓN Y ENTRENAMIENTO DEL MODELO IA
==================================================
-> Archivo 'best_model.pth' encontrado en caché.

==================================================
2. DISTRIBUYENDO EL MODELO VÍA gRPC
==================================================
Worker [192.168.98.143:8000] respondió: OK
Worker [192.168.98.144:8000] respondió: OK

==================================================
3. INICIANDO BENCHMARK DE INFERENCIA (RED gRPC)
==================================================

==================================================
 RESULTADOS DE LA COMPARATIVA TÉCNICA (gRPC) 
==================================================
Protocolo de Comunicación:     gRPC (Protobuf)
Tiempo Total (s):              0.57 s
Throughput (img/s):            3488.73
Tasa de Éxito (%):             100.0 %
Latencia RTT Promedio (ms):    555.75 ms
Tiempo T_proc Promedio (ms):   528.99 ms
Pico Máx. RAM Worker (MB):     315.68 MB
CPU Promedio (%):              196.60 %
Payload Promedio por Nodo (MB): 2.99 MB
==================================================


==================================================
 TEST RUN 4 (Prueba de Estrés)
==================================================

==================================================
1. EVALUACIÓN Y ENTRENAMIENTO DEL MODELO IA
==================================================
-> Archivo 'best_model.pth' encontrado en caché.

==================================================
2. DISTRIBUYENDO EL MODELO VÍA gRPC
==================================================
Worker [192.168.98.143:8000] respondió: OK
Worker [192.168.98.144:8000] respondió: OK

==================================================
3. INICIANDO BENCHMARK DE INFERENCIA (RED gRPC)
==================================================

==================================================
 RESULTADOS DE LA COMPARATIVA TÉCNICA (gRPC) 
==================================================
Protocolo de Comunicación:     gRPC (Protobuf)
Tiempo Total (s):              0.57 s
Throughput (img/s):            3506.47
Tasa de Éxito (%):             100.0 %
Latencia RTT Promedio (ms):    556.44 ms
Tiempo T_proc Promedio (ms):   532.73 ms
Pico Máx. RAM Worker (MB):     315.68 MB
CPU Promedio (%):              195.25 %
Payload Promedio por Nodo (MB): 2.99 MB
==================================================


==================================================
 TEST RUN 5 (Prueba de Estrés)
==================================================

==================================================
1. EVALUACIÓN Y ENTRENAMIENTO DEL MODELO IA
==================================================
-> Archivo 'best_model.pth' encontrado en caché.

==================================================
2. DISTRIBUYENDO EL MODELO VÍA gRPC
==================================================
Worker [192.168.98.143:8000] respondió: OK
Worker [192.168.98.144:8000] respondió: OK

==================================================
3. INICIANDO BENCHMARK DE INFERENCIA (RED gRPC)
==================================================

==================================================
 RESULTADOS DE LA COMPARATIVA TÉCNICA (gRPC) 
==================================================
Protocolo de Comunicación:     gRPC (Protobuf)
Tiempo Total (s):              0.61 s
Throughput (img/s):            3297.72
Tasa de Éxito (%):             100.0 %
Latencia RTT Promedio (ms):    594.93 ms
Tiempo T_proc Promedio (ms):   547.21 ms
Pico Máx. RAM Worker (MB):     315.73 MB
CPU Promedio (%):              189.15 %
Payload Promedio por Nodo (MB): 2.99 MB
==================================================
