=== BENCHMARK COMPLETO | INICIO: 16/09/2026 14:02:59 ===

--- MÉTRICAS DE INFRAESTRUCTURA ---
  [OK] T_deploy total: 133.33 segundos
  [OK] Nodo 192.168.98.143 - CPU Reposo (Global): 0% | RAM Reposo (Global): 739 MB
  [OK] Nodo 192.168.98.143 - Tiempo Real Arranque: 384.54 ms
  [OK] Nodo 192.168.98.144 - CPU Reposo (Global): 0% | RAM Reposo (Global): 713 MB
  [OK] Nodo 192.168.98.144 - Tiempo Real Arranque: 388.86 ms


==================================================
 TEST RUN 1 (Prueba de Estrés)
==================================================

==================================================
1. EVALUACIÓN Y ENTRENAMIENTO DEL MODELO IA
==================================================
-> Archivo 'best_model.pth' encontrado en caché.

==================================================
2. DISTRIBUYENDO EL MODELO VÍA ZEROMQ
==================================================
Worker [tcp://192.168.98.143:8000] respondió: OK - Modelo cargado
Worker [tcp://192.168.98.144:8000] respondió: OK - Modelo cargado

==================================================
3. INICIANDO BENCHMARK DE INFERENCIA (RED ZEROMQ)
==================================================

==================================================
 RESULTADOS DE LA COMPARATIVA TÉCNICA (ZeroMQ) 
==================================================
Protocolo de Comunicación:     ZeroMQ (Protobuf)
Tiempo Total (s):              0.24 s
Throughput (img/s):            8397.05
Tasa de Éxito (%):             100.0 %
Latencia RTT Promedio (ms):    230.37 ms
Tiempo T_proc Promedio (ms):   214.92 ms
Pico Máx. RAM Worker (MB):     289.53 MB
CPU Promedio (%):              188.40 %
Payload Promedio por Nodo (MB): 2.99 MB
==================================================


==================================================
 TEST RUN 2 (Prueba de Estrés)
==================================================

==================================================
1. EVALUACIÓN Y ENTRENAMIENTO DEL MODELO IA
==================================================
-> Archivo 'best_model.pth' encontrado en caché.

==================================================
2. DISTRIBUYENDO EL MODELO VÍA ZEROMQ
==================================================
Worker [tcp://192.168.98.143:8000] respondió: OK - Modelo cargado
Worker [tcp://192.168.98.144:8000] respondió: OK - Modelo cargado

==================================================
3. INICIANDO BENCHMARK DE INFERENCIA (RED ZEROMQ)
==================================================

==================================================
 RESULTADOS DE LA COMPARATIVA TÉCNICA (ZeroMQ) 
==================================================
Protocolo de Comunicación:     ZeroMQ (Protobuf)
Tiempo Total (s):              0.22 s
Throughput (img/s):            9244.21
Tasa de Éxito (%):             100.0 %
Latencia RTT Promedio (ms):    211.05 ms
Tiempo T_proc Promedio (ms):   199.09 ms
Pico Máx. RAM Worker (MB):     270.13 MB
CPU Promedio (%):              195.95 %
Payload Promedio por Nodo (MB): 2.99 MB
==================================================
