=== BENCHMARK COMPLETO | INICIO: 08/09/2026 16:11:23 ===

--- MÉTRICAS DE INFRAESTRUCTURA ---
  [OK] T_deploy total: 147.09 segundos
  [OK] Nodo 192.168.98.143 - CPU Reposo (Global): 0% | RAM Reposo (Global): 696 MB
  [OK] Nodo 192.168.98.143 - Tiempo Real Arranque: 435.73 ms
  [OK] Nodo 192.168.98.144 - CPU Reposo (Global): 0% | RAM Reposo (Global): 700 MB
  [OK] Nodo 192.168.98.144 - Tiempo Real Arranque: 440.34 ms


==================================================
 TEST RUN 1 (Prueba de Estrés)
==================================================
Traceback (most recent call last):
  File "/home/xji650/workspace/tfg/tfg-systemd-kubernetes/systemd/2-src-protocols/03-zeromq-protobuf/master.py", line 8, in <module>
    from sklearn.metrics import confusion_matrix
ModuleNotFoundError: No module named 'sklearn'


==================================================
 TEST RUN 2 (Prueba de Estrés)
==================================================
Traceback (most recent call last):
  File "/home/xji650/workspace/tfg/tfg-systemd-kubernetes/systemd/2-src-protocols/03-zeromq-protobuf/master.py", line 8, in <module>
    from sklearn.metrics import confusion_matrix
ModuleNotFoundError: No module named 'sklearn'
