=== BENCHMARK COMPLETO | INICIO: 08/09/2026 21:14:29 ===

--- MÉTRICAS DE INFRAESTRUCTURA ---
  [OK] T_deploy total: 150.37 segundos
  [OK] Nodo 192.168.98.143 - CPU Reposo (Global): 0% | RAM Reposo (Global): 698 MB
  [OK] Nodo 192.168.98.143 - Tiempo Real Arranque: 0 ms
  [OK] Nodo 192.168.98.144 - CPU Reposo (Global): 0% | RAM Reposo (Global): 739 MB
  [OK] Nodo 192.168.98.144 - Tiempo Real Arranque: 0 ms


==================================================
 TEST RUN 1 (Prueba de Estrés)
==================================================

==================================================
1. EVALUACIÓN Y ENTRENAMIENTO DEL MODELO IA
==================================================
-> Archivo 'best_model.pth' encontrado en caché.

==================================================
2. DISTRIBUYENDO EL MODELO VÍA ZEROMQ
==================================================
Worker [tcp://192.168.98.143:8000] respondió: OK - Modelo cargado
Worker [tcp://192.168.98.144:8000] respondió: OK - Modelo cargado

==================================================
3. INICIANDO BENCHMARK DE INFERENCIA (RED ZEROMQ)
==================================================

==================================================
 RESULTADOS DE LA COMPARATIVA TÉCNICA (ZeroMQ) 
==================================================
Protocolo de Comunicación:     ZeroMQ (Protobuf)
Tiempo Total (s):              0.26 s
Throughput (img/s):            7655.40
Tasa de Éxito (%):             100.0 %
Latencia RTT Promedio (ms):    259.63 ms
Tiempo T_proc Promedio (ms):   246.13 ms
Pico Máx. RAM Worker (MB):     289.22 MB
CPU Promedio (%):              188.90 %
Payload Promedio por Nodo (MB): 2.99 MB
==================================================


==================================================
 TEST RUN 2 (Prueba de Estrés)
==================================================

==================================================
1. EVALUACIÓN Y ENTRENAMIENTO DEL MODELO IA
==================================================
-> Archivo 'best_model.pth' encontrado en caché.

==================================================
2. DISTRIBUYENDO EL MODELO VÍA ZEROMQ
==================================================
Worker [tcp://192.168.98.143:8000] respondió: OK - Modelo cargado
Worker [tcp://192.168.98.144:8000] respondió: OK - Modelo cargado

==================================================
3. INICIANDO BENCHMARK DE INFERENCIA (RED ZEROMQ)
==================================================

==================================================
 RESULTADOS DE LA COMPARATIVA TÉCNICA (ZeroMQ) 
==================================================
Protocolo de Comunicación:     ZeroMQ (Protobuf)
Tiempo Total (s):              0.22 s
Throughput (img/s):            9069.71
Tasa de Éxito (%):             100.0 %
Latencia RTT Promedio (ms):    216.57 ms
Tiempo T_proc Promedio (ms):   203.82 ms
Pico Máx. RAM Worker (MB):     329.50 MB
CPU Promedio (%):              193.80 %
Payload Promedio por Nodo (MB): 2.99 MB
==================================================
