=== BENCHMARK COMPLETO | INICIO: 08/09/2026 21:34:17 ===

--- MÉTRICAS DE INFRAESTRUCTURA ---
  [OK] T_deploy total: 151.34 segundos
  [OK] Nodo 192.168.98.143 - CPU Reposo (Global): 0% | RAM Reposo (Global): 713 MB
  [OK] Nodo 192.168.98.143 - Tiempo Real Arranque: 0 ms
  [OK] Nodo 192.168.98.144 - CPU Reposo (Global): 0% | RAM Reposo (Global): 717 MB
  [OK] Nodo 192.168.98.144 - Tiempo Real Arranque: 0 ms


==================================================
 TEST RUN 1 (Prueba de Estrés)
==================================================

==================================================
1. EVALUACIÓN Y ENTRENAMIENTO DEL MODELO IA
==================================================
-> Archivo 'best_model.pth' encontrado en caché.

==================================================
2. DISTRIBUYENDO EL MODELO VÍA ZEROMQ
==================================================
Worker [tcp://192.168.98.143:8000] respondió: OK - Modelo cargado
Worker [tcp://192.168.98.144:8000] respondió: OK - Modelo cargado

==================================================
3. INICIANDO BENCHMARK DE INFERENCIA (RED ZEROMQ)
==================================================

==================================================
 RESULTADOS DE LA COMPARATIVA TÉCNICA (ZeroMQ) 
==================================================
Protocolo de Comunicación:     ZeroMQ (Protobuf)
Tiempo Total (s):              0.24 s
Throughput (img/s):            8395.00
Tasa de Éxito (%):             100.0 %
Latencia RTT Promedio (ms):    236.03 ms
Tiempo T_proc Promedio (ms):   221.50 ms
Pico Máx. RAM Worker (MB):     289.37 MB
CPU Promedio (%):              194.10 %
Payload Promedio por Nodo (MB): 2.99 MB
==================================================


==================================================
 TEST RUN 2 (Prueba de Estrés)
==================================================

==================================================
1. EVALUACIÓN Y ENTRENAMIENTO DEL MODELO IA
==================================================
-> Archivo 'best_model.pth' encontrado en caché.

==================================================
2. DISTRIBUYENDO EL MODELO VÍA ZEROMQ
==================================================
Worker [tcp://192.168.98.143:8000] respondió: OK - Modelo cargado
Worker [tcp://192.168.98.144:8000] respondió: OK - Modelo cargado

==================================================
3. INICIANDO BENCHMARK DE INFERENCIA (RED ZEROMQ)
==================================================

==================================================
 RESULTADOS DE LA COMPARATIVA TÉCNICA (ZeroMQ) 
==================================================
Protocolo de Comunicación:     ZeroMQ (Protobuf)
Tiempo Total (s):              0.24 s
Throughput (img/s):            8502.90
Tasa de Éxito (%):             100.0 %
Latencia RTT Promedio (ms):    233.49 ms
Tiempo T_proc Promedio (ms):   218.65 ms
Pico Máx. RAM Worker (MB):     329.65 MB
CPU Promedio (%):              194.30 %
Payload Promedio por Nodo (MB): 2.99 MB
==================================================
