=== BENCHMARK COMPLETO | INICIO: 30/08/2026 04:02:21 ===

--- MÉTRICAS DE INFRAESTRUCTURA ---
  [OK] T_deploy total: 116.85 segundos
  [OK] Nodo 192.168.98.143 - CPU Reposo (Global): 0% | RAM Reposo (Global): 727 MB
  [OK] Nodo 192.168.98.143 - Tiempo Real Arranque: 519.3 ms
  [OK] Nodo 192.168.98.144 - CPU Reposo (Global): 0% | RAM Reposo (Global): 725 MB
  [OK] Nodo 192.168.98.144 - Tiempo Real Arranque: 554.32 ms


==================================================
 TEST RUN 1 (Prueba de Estrés)
==================================================

==================================================
1. EVALUACIÓN Y ENTRENAMIENTO DEL MODELO IA
==================================================
-> Archivo 'best_model.pth' encontrado en caché.

==================================================
2. DISTRIBUYENDO EL MODELO VÍA ZEROMQ
==================================================
Worker [tcp://192.168.98.143:8000] respondió: OK - Modelo cargado
Worker [tcp://192.168.98.144:8000] respondió: OK - Modelo cargado

==================================================
3. INICIANDO BENCHMARK DE INFERENCIA (RED ZEROMQ)
==================================================

==================================================
 RESULTADOS DE LA COMPARATIVA TÉCNICA (ZeroMQ) 
==================================================
Protocolo de Comunicación:     ZeroMQ (Protobuf)
Tiempo Total (s):              0.24 s
Throughput (img/s):            8435.82
Tasa de Éxito (%):             100.0 %
Latencia RTT Promedio (ms):    233.84 ms
Tiempo T_proc Promedio (ms):   214.62 ms
Pico Máx. RAM Worker (MB):     289.21 MB
CPU Promedio (%):              188.70 %
Payload Promedio por Nodo (MB): 2.99 MB
==================================================


==================================================
 TEST RUN 2 (Prueba de Estrés)
==================================================

==================================================
1. EVALUACIÓN Y ENTRENAMIENTO DEL MODELO IA
==================================================
-> Archivo 'best_model.pth' encontrado en caché.

==================================================
2. DISTRIBUYENDO EL MODELO VÍA ZEROMQ
==================================================
Worker [tcp://192.168.98.143:8000] respondió: OK - Modelo cargado
Worker [tcp://192.168.98.144:8000] respondió: OK - Modelo cargado

==================================================
3. INICIANDO BENCHMARK DE INFERENCIA (RED ZEROMQ)
==================================================

==================================================
 RESULTADOS DE LA COMPARATIVA TÉCNICA (ZeroMQ) 
==================================================
Protocolo de Comunicación:     ZeroMQ (Protobuf)
Tiempo Total (s):              0.20 s
Throughput (img/s):            9822.04
Tasa de Éxito (%):             100.0 %
Latencia RTT Promedio (ms):    201.10 ms
Tiempo T_proc Promedio (ms):   190.17 ms
Pico Máx. RAM Worker (MB):     269.80 MB
CPU Promedio (%):              194.60 %
Payload Promedio por Nodo (MB): 2.99 MB
==================================================
