=== BENCHMARK COMPLETO | INICIO: 16/09/2026 15:50:50 ===

--- MÉTRICAS DE INFRAESTRUCTURA ---
  [OK] T_deploy total: 77.67 segundos
  [OK] Nodo 192.168.98.143 - CPU Reposo (Global): 0% | RAM Reposo (Global): 719 MB
  [OK] Nodo 192.168.98.143 - Tiempo Real Arranque: 383.5 ms
  [OK] Nodo 192.168.98.144 - CPU Reposo (Global): 0% | RAM Reposo (Global): 731 MB
  [OK] Nodo 192.168.98.144 - Tiempo Real Arranque: 428.32 ms


==================================================
 TEST RUN 1 (Prueba de Estrés)
==================================================

==================================================
1. EVALUACIÓN Y ENTRENAMIENTO DEL MODELO IA
==================================================
-> Archivo 'best_model.pth' encontrado en caché.

==================================================
2. DISTRIBUYENDO EL MODELO VÍA ZEROMQ
==================================================
Worker [tcp://192.168.98.143:8000] respondió: OK - Modelo cargado
Worker [tcp://192.168.98.144:8000] respondió: OK - Modelo cargado

==================================================
3. INICIANDO BENCHMARK DE INFERENCIA (RED ZEROMQ)
==================================================

==================================================
 RESULTADOS DE LA COMPARATIVA TÉCNICA (ZeroMQ) 
==================================================
Protocolo de Comunicación:     ZeroMQ (Protobuf)
Tiempo Total (s):              0.24 s
Throughput (img/s):            8276.31
Tasa de Éxito (%):             100.0 %
Latencia RTT Promedio (ms):    240.20 ms
Tiempo T_proc Promedio (ms):   226.67 ms
Pico Máx. RAM Worker (MB):     289.40 MB
CPU Promedio (%):              191.90 %
Payload Promedio por Nodo (MB): 2.99 MB
==================================================


==================================================
 TEST RUN 2 (Prueba de Estrés)
==================================================

==================================================
1. EVALUACIÓN Y ENTRENAMIENTO DEL MODELO IA
==================================================
-> Archivo 'best_model.pth' encontrado en caché.

==================================================
2. DISTRIBUYENDO EL MODELO VÍA ZEROMQ
==================================================
Worker [tcp://192.168.98.143:8000] respondió: OK - Modelo cargado
Worker [tcp://192.168.98.144:8000] respondió: OK - Modelo cargado

==================================================
3. INICIANDO BENCHMARK DE INFERENCIA (RED ZEROMQ)
==================================================

==================================================
 RESULTADOS DE LA COMPARATIVA TÉCNICA (ZeroMQ) 
==================================================
Protocolo de Comunicación:     ZeroMQ (Protobuf)
Tiempo Total (s):              0.23 s
Throughput (img/s):            8740.16
Tasa de Éxito (%):             100.0 %
Latencia RTT Promedio (ms):    216.36 ms
Tiempo T_proc Promedio (ms):   200.85 ms
Pico Máx. RAM Worker (MB):     270.00 MB
CPU Promedio (%):              194.35 %
Payload Promedio por Nodo (MB): 2.99 MB
==================================================
