=== MÉTRICAS DE INFRAESTRUCTURA: 01-http-json ===
  [OK] T_deploy total: 20.18 segundos

  ---> EVALUANDO NODO: 192.168.98.143
       [OK] CPU Reposo: 6.16% | RAM Reposo: 32.16MB / 4.056GB
       [OK] Tiempo Real Arranque: 801.16 ms (Total MTTR: 3801.16 ms)

  ---> EVALUANDO NODO: 192.168.98.144
       [OK] CPU Reposo: 3.66% | RAM Reposo: 32.17MB / 4.056GB
       [OK] Tiempo Real Arranque: 819.39 ms (Total MTTR: 3819.39 ms)



=== MÉTRICAS DE INFRAESTRUCTURA: 01-http-json ===
  [OK] T_deploy total: 19.29 segundos

  ---> EVALUANDO NODO: 192.168.98.143
       [OK] CPU Reposo: 5.99% | RAM Reposo: 32.56MB / 4.056GB
       [OK] Tiempo Real Arranque: 848.39 ms (Total MTTR: 3848.39 ms)

  ---> EVALUANDO NODO: 192.168.98.144
       [OK] CPU Reposo: 4.85% | RAM Reposo: 32.17MB / 4.056GB
       [OK] Tiempo Real Arranque: 825.37 ms (Total MTTR: 3825.37 ms)



=== MÉTRICAS DE INFRAESTRUCTURA: 01-http-json ===
  [OK] T_deploy total: 20.58 segundos

  ---> EVALUANDO NODO: 192.168.98.143
       [OK] CPU Reposo: 6.03% | RAM Reposo: 32.17MB / 4.056GB
       [OK] Tiempo Real Arranque: 884.93 ms (Total MTTR: 3884.93 ms)

  ---> EVALUANDO NODO: 192.168.98.144
       [OK] CPU Reposo: 3.68% | RAM Reposo: 32.55MB / 4.056GB
       [OK] Tiempo Real Arranque: 729.18 ms (Total MTTR: 3729.18 ms)



=== MÉTRICAS DE INFRAESTRUCTURA: 01-http-json ===
  [OK] T_deploy total: 36.22 segundos

  ---> EVALUANDO NODO: 192.168.98.143
       [OK] CPU Reposo: 5.96% | RAM Reposo: 32.17MB / 4.056GB
       [OK] Tiempo Real Arranque: 823.84 ms (Total MTTR: 3823.84 ms)

  ---> EVALUANDO NODO: 192.168.98.144
       [OK] CPU Reposo: 3.81% | RAM Reposo: 32.17MB / 4.056GB
       [OK] Tiempo Real Arranque: 861.69 ms (Total MTTR: 3861.69 ms)