=== BENCHMARK COMPLETO | INICIO: 10/06/2026 02:14:42 ===

--- MÉTRICAS DE INFRAESTRUCTURA ---
  [OK] T_deploy total: 19.17 segundos
  [OK] Nodo 192.168.98.143 - CPU Reposo: 6.38% | RAM Reposo: 32.56MB / 4.056GB
  [OK] Nodo 192.168.98.143 - Tiempo Real Arranque: 828.89 ms
  [OK] Nodo 192.168.98.144 - CPU Reposo: 3.82% | RAM Reposo: 32.16MB / 4.056GB
  [OK] Nodo 192.168.98.144 - Tiempo Real Arranque: 793.21 ms


==================================================
 TEST RUN 1 (Prueba de Estrés)
==================================================
WARNING: All log messages before absl::InitializeLog() is called are written to STDERR
I0000 00:00:1781050528.441689  230534 port.cc:153] oneDNN custom operations are on. You may see slightly different numerical results due to floating-point round-off errors from different computation orders. To turn them off, set the environment variable `TF_ENABLE_ONEDNN_OPTS=0`.
I0000 00:00:1781050528.442173  230534 cudart_stub.cc:31] Could not find cuda drivers on your machine, GPU will not be used.
I0000 00:00:1781050528.469303  230534 cpu_feature_guard.cc:227] This TensorFlow binary is optimized to use available CPU instructions in performance-critical operations.
To enable the following instructions: AVX2 AVX_VNNI FMA, in other operations, rebuild TensorFlow with the appropriate compiler flags.
WARNING: All log messages before absl::InitializeLog() is called are written to STDERR
I0000 00:00:1781050529.085866  230534 port.cc:153] oneDNN custom operations are on. You may see slightly different numerical results due to floating-point round-off errors from different computation orders. To turn them off, set the environment variable `TF_ENABLE_ONEDNN_OPTS=0`.
I0000 00:00:1781050529.086157  230534 cudart_stub.cc:31] Could not find cuda drivers on your machine, GPU will not be used.
E0000 00:00:1781050530.837167  230534 cuda_executor.cc:1737] INTERNAL: CUDA Runtime error: Failed call to cudaGetRuntimeVersion: Error loading CUDA libraries. GPU will not be used.: Error loading CUDA libraries. GPU will not be used.
W0000 00:00:1781050530.837504  230580 cuda_executor.cc:1755] Failed to determine cuDNN version (Note that this is expected if the application doesn't link the cuDNN plugin): INTERNAL: cuDNN error: CUDNN_STATUS_INTERNAL_ERROR
W0000 00:00:1781050530.850962  230534 gpu_device.cc:2365] Cannot dlopen some GPU libraries. Please make sure the missing libraries mentioned above are installed properly if you would like to use GPU. Follow the guide at https://www.tensorflow.org/install/gpu for how to download and setup the required libraries for your platform.
Skipping registering GPU devices...
I0000 00:00:1781050530.918393  230677 tf_record_dataset_op.cc:396] The default buffer size is 262144, which is overridden by the user specified `buffer_size` of 8388608
Cargando MNIST...
Lanzando proceso distribuido en 2 nodos...

==================================================
 RESULTADOS DE LA COMPARATIVA TÉCNICA 
==================================================
Protocolo de Comunicación:     HTTP/REST (JSON)
Tiempo Total (s):              17.32 s
Throughput (img/s):            3463.31 img/s
Latencia RTT Promedio (ms):    12140.39 ms
Tiempo T_proc Promedio (ms):   12101.56 ms
Pico Máx. RAM Worker (MB):     2597.37 MB
CPU Promedio (%):              99.20 %
Payload Promedio por Nodo (MB): 121.14 MB
Datos Totales Red (MB):        242.29 MB
Tasa Éxito (%):                100.00 %
==================================================


==================================================
 TEST RUN 2 (Prueba de Estrés)
==================================================
WARNING: All log messages before absl::InitializeLog() is called are written to STDERR
I0000 00:00:1781050574.275189  230916 port.cc:153] oneDNN custom operations are on. You may see slightly different numerical results due to floating-point round-off errors from different computation orders. To turn them off, set the environment variable `TF_ENABLE_ONEDNN_OPTS=0`.
I0000 00:00:1781050574.275693  230916 cudart_stub.cc:31] Could not find cuda drivers on your machine, GPU will not be used.
I0000 00:00:1781050574.303044  230916 cpu_feature_guard.cc:227] This TensorFlow binary is optimized to use available CPU instructions in performance-critical operations.
To enable the following instructions: AVX2 AVX_VNNI FMA, in other operations, rebuild TensorFlow with the appropriate compiler flags.
WARNING: All log messages before absl::InitializeLog() is called are written to STDERR
I0000 00:00:1781050575.009842  230916 port.cc:153] oneDNN custom operations are on. You may see slightly different numerical results due to floating-point round-off errors from different computation orders. To turn them off, set the environment variable `TF_ENABLE_ONEDNN_OPTS=0`.
I0000 00:00:1781050575.010192  230916 cudart_stub.cc:31] Could not find cuda drivers on your machine, GPU will not be used.
E0000 00:00:1781050575.618171  230916 cuda_executor.cc:1737] INTERNAL: CUDA Runtime error: Failed call to cudaGetRuntimeVersion: Error loading CUDA libraries. GPU will not be used.: Error loading CUDA libraries. GPU will not be used.
W0000 00:00:1781050575.618505  230958 cuda_executor.cc:1755] Failed to determine cuDNN version (Note that this is expected if the application doesn't link the cuDNN plugin): INTERNAL: cuDNN error: CUDNN_STATUS_INTERNAL_ERROR
W0000 00:00:1781050575.632998  230916 gpu_device.cc:2365] Cannot dlopen some GPU libraries. Please make sure the missing libraries mentioned above are installed properly if you would like to use GPU. Follow the guide at https://www.tensorflow.org/install/gpu for how to download and setup the required libraries for your platform.
Skipping registering GPU devices...
I0000 00:00:1781050575.706021  231058 tf_record_dataset_op.cc:396] The default buffer size is 262144, which is overridden by the user specified `buffer_size` of 8388608
Cargando MNIST...
Lanzando proceso distribuido en 2 nodos...

==================================================
 RESULTADOS DE LA COMPARATIVA TÉCNICA 
==================================================
Protocolo de Comunicación:     HTTP/REST (JSON)
Tiempo Total (s):              15.94 s
Throughput (img/s):            3763.29 img/s
Latencia RTT Promedio (ms):    10538.11 ms
Tiempo T_proc Promedio (ms):   10360.10 ms
Pico Máx. RAM Worker (MB):     2597.73 MB
CPU Promedio (%):              99.10 %
Payload Promedio por Nodo (MB): 121.14 MB
Datos Totales Red (MB):        242.29 MB
Tasa Éxito (%):                100.00 %
==================================================


==================================================
 TEST RUN 3 (Prueba de Estrés)
==================================================
WARNING: All log messages before absl::InitializeLog() is called are written to STDERR
I0000 00:00:1781050619.061671  231323 port.cc:153] oneDNN custom operations are on. You may see slightly different numerical results due to floating-point round-off errors from different computation orders. To turn them off, set the environment variable `TF_ENABLE_ONEDNN_OPTS=0`.
I0000 00:00:1781050619.062204  231323 cudart_stub.cc:31] Could not find cuda drivers on your machine, GPU will not be used.
I0000 00:00:1781050619.089955  231323 cpu_feature_guard.cc:227] This TensorFlow binary is optimized to use available CPU instructions in performance-critical operations.
To enable the following instructions: AVX2 AVX_VNNI FMA, in other operations, rebuild TensorFlow with the appropriate compiler flags.
WARNING: All log messages before absl::InitializeLog() is called are written to STDERR
I0000 00:00:1781050619.771554  231323 port.cc:153] oneDNN custom operations are on. You may see slightly different numerical results due to floating-point round-off errors from different computation orders. To turn them off, set the environment variable `TF_ENABLE_ONEDNN_OPTS=0`.
I0000 00:00:1781050619.771930  231323 cudart_stub.cc:31] Could not find cuda drivers on your machine, GPU will not be used.
E0000 00:00:1781050620.401597  231323 cuda_executor.cc:1737] INTERNAL: CUDA Runtime error: Failed call to cudaGetRuntimeVersion: Error loading CUDA libraries. GPU will not be used.: Error loading CUDA libraries. GPU will not be used.
W0000 00:00:1781050620.401873  231365 cuda_executor.cc:1755] Failed to determine cuDNN version (Note that this is expected if the application doesn't link the cuDNN plugin): INTERNAL: cuDNN error: CUDNN_STATUS_INTERNAL_ERROR
W0000 00:00:1781050620.416197  231323 gpu_device.cc:2365] Cannot dlopen some GPU libraries. Please make sure the missing libraries mentioned above are installed properly if you would like to use GPU. Follow the guide at https://www.tensorflow.org/install/gpu for how to download and setup the required libraries for your platform.
Skipping registering GPU devices...
I0000 00:00:1781050620.486873  231464 tf_record_dataset_op.cc:396] The default buffer size is 262144, which is overridden by the user specified `buffer_size` of 8388608
Cargando MNIST...
Lanzando proceso distribuido en 2 nodos...

==================================================
 RESULTADOS DE LA COMPARATIVA TÉCNICA 
==================================================
Protocolo de Comunicación:     HTTP/REST (JSON)
Tiempo Total (s):              16.79 s
Throughput (img/s):            3573.51 img/s
Latencia RTT Promedio (ms):    10463.16 ms
Tiempo T_proc Promedio (ms):   10394.42 ms
Pico Máx. RAM Worker (MB):     2597.50 MB
CPU Promedio (%):              99.45 %
Payload Promedio por Nodo (MB): 121.14 MB
Datos Totales Red (MB):        242.29 MB
Tasa Éxito (%):                100.00 %
==================================================


==================================================
 TEST RUN 4 (Prueba de Estrés)
==================================================
WARNING: All log messages before absl::InitializeLog() is called are written to STDERR
I0000 00:00:1781050667.100210  231716 port.cc:153] oneDNN custom operations are on. You may see slightly different numerical results due to floating-point round-off errors from different computation orders. To turn them off, set the environment variable `TF_ENABLE_ONEDNN_OPTS=0`.
I0000 00:00:1781050667.100782  231716 cudart_stub.cc:31] Could not find cuda drivers on your machine, GPU will not be used.
I0000 00:00:1781050667.132854  231716 cpu_feature_guard.cc:227] This TensorFlow binary is optimized to use available CPU instructions in performance-critical operations.
To enable the following instructions: AVX2 AVX_VNNI FMA, in other operations, rebuild TensorFlow with the appropriate compiler flags.
WARNING: All log messages before absl::InitializeLog() is called are written to STDERR
I0000 00:00:1781050667.825916  231716 port.cc:153] oneDNN custom operations are on. You may see slightly different numerical results due to floating-point round-off errors from different computation orders. To turn them off, set the environment variable `TF_ENABLE_ONEDNN_OPTS=0`.
I0000 00:00:1781050667.826393  231716 cudart_stub.cc:31] Could not find cuda drivers on your machine, GPU will not be used.
E0000 00:00:1781050668.457153  231716 cuda_executor.cc:1737] INTERNAL: CUDA Runtime error: Failed call to cudaGetRuntimeVersion: Error loading CUDA libraries. GPU will not be used.: Error loading CUDA libraries. GPU will not be used.
W0000 00:00:1781050668.457408  231766 cuda_executor.cc:1755] Failed to determine cuDNN version (Note that this is expected if the application doesn't link the cuDNN plugin): INTERNAL: cuDNN error: CUDNN_STATUS_INTERNAL_ERROR
W0000 00:00:1781050668.471351  231716 gpu_device.cc:2365] Cannot dlopen some GPU libraries. Please make sure the missing libraries mentioned above are installed properly if you would like to use GPU. Follow the guide at https://www.tensorflow.org/install/gpu for how to download and setup the required libraries for your platform.
Skipping registering GPU devices...
I0000 00:00:1781050668.537471  231864 tf_record_dataset_op.cc:396] The default buffer size is 262144, which is overridden by the user specified `buffer_size` of 8388608
Cargando MNIST...
Lanzando proceso distribuido en 2 nodos...

==================================================
 RESULTADOS DE LA COMPARATIVA TÉCNICA 
==================================================
Protocolo de Comunicación:     HTTP/REST (JSON)
Tiempo Total (s):              16.20 s
Throughput (img/s):            3702.57 img/s
Latencia RTT Promedio (ms):    10543.78 ms
Tiempo T_proc Promedio (ms):   10329.33 ms
Pico Máx. RAM Worker (MB):     2597.30 MB
CPU Promedio (%):              99.25 %
Payload Promedio por Nodo (MB): 121.14 MB
Datos Totales Red (MB):        242.29 MB
Tasa Éxito (%):                100.00 %
==================================================


==================================================
 TEST RUN 5 (Prueba de Estrés)
==================================================
WARNING: All log messages before absl::InitializeLog() is called are written to STDERR
I0000 00:00:1781050712.119424  232090 port.cc:153] oneDNN custom operations are on. You may see slightly different numerical results due to floating-point round-off errors from different computation orders. To turn them off, set the environment variable `TF_ENABLE_ONEDNN_OPTS=0`.
I0000 00:00:1781050712.120004  232090 cudart_stub.cc:31] Could not find cuda drivers on your machine, GPU will not be used.
I0000 00:00:1781050712.150264  232090 cpu_feature_guard.cc:227] This TensorFlow binary is optimized to use available CPU instructions in performance-critical operations.
To enable the following instructions: AVX2 AVX_VNNI FMA, in other operations, rebuild TensorFlow with the appropriate compiler flags.
WARNING: All log messages before absl::InitializeLog() is called are written to STDERR
I0000 00:00:1781050712.876282  232090 port.cc:153] oneDNN custom operations are on. You may see slightly different numerical results due to floating-point round-off errors from different computation orders. To turn them off, set the environment variable `TF_ENABLE_ONEDNN_OPTS=0`.
I0000 00:00:1781050712.876578  232090 cudart_stub.cc:31] Could not find cuda drivers on your machine, GPU will not be used.
E0000 00:00:1781050713.480153  232090 cuda_executor.cc:1737] INTERNAL: CUDA Runtime error: Failed call to cudaGetRuntimeVersion: Error loading CUDA libraries. GPU will not be used.: Error loading CUDA libraries. GPU will not be used.
W0000 00:00:1781050713.480396  232132 cuda_executor.cc:1755] Failed to determine cuDNN version (Note that this is expected if the application doesn't link the cuDNN plugin): INTERNAL: cuDNN error: CUDNN_STATUS_INTERNAL_ERROR
W0000 00:00:1781050713.495199  232090 gpu_device.cc:2365] Cannot dlopen some GPU libraries. Please make sure the missing libraries mentioned above are installed properly if you would like to use GPU. Follow the guide at https://www.tensorflow.org/install/gpu for how to download and setup the required libraries for your platform.
Skipping registering GPU devices...
I0000 00:00:1781050713.567709  232232 tf_record_dataset_op.cc:396] The default buffer size is 262144, which is overridden by the user specified `buffer_size` of 8388608
Cargando MNIST...
Lanzando proceso distribuido en 2 nodos...

==================================================
 RESULTADOS DE LA COMPARATIVA TÉCNICA 
==================================================
Protocolo de Comunicación:     HTTP/REST (JSON)
Tiempo Total (s):              16.13 s
Throughput (img/s):            3720.61 img/s
Latencia RTT Promedio (ms):    10555.44 ms
Tiempo T_proc Promedio (ms):   10511.04 ms
Pico Máx. RAM Worker (MB):     2597.42 MB
CPU Promedio (%):              99.45 %
Payload Promedio por Nodo (MB): 121.14 MB
Datos Totales Red (MB):        242.29 MB
Tasa Éxito (%):                100.00 %
==================================================
