WARNING: All log messages before absl::InitializeLog() is called are written to STDERR
I0000 00:00:1781030021.244140   63380 port.cc:153] oneDNN custom operations are on. You may see slightly different numerical results due to floating-point round-off errors from different computation orders. To turn them off, set the environment variable `TF_ENABLE_ONEDNN_OPTS=0`.
I0000 00:00:1781030021.244914   63380 cudart_stub.cc:31] Could not find cuda drivers on your machine, GPU will not be used.
I0000 00:00:1781030021.294597   63380 cpu_feature_guard.cc:227] This TensorFlow binary is optimized to use available CPU instructions in performance-critical operations.
To enable the following instructions: AVX2 AVX_VNNI FMA, in other operations, rebuild TensorFlow with the appropriate compiler flags.
WARNING: All log messages before absl::InitializeLog() is called are written to STDERR
I0000 00:00:1781030022.043614   63380 port.cc:153] oneDNN custom operations are on. You may see slightly different numerical results due to floating-point round-off errors from different computation orders. To turn them off, set the environment variable `TF_ENABLE_ONEDNN_OPTS=0`.
I0000 00:00:1781030022.044025   63380 cudart_stub.cc:31] Could not find cuda drivers on your machine, GPU will not be used.
E0000 00:00:1781030022.652262   63380 cuda_executor.cc:1737] INTERNAL: CUDA Runtime error: Failed call to cudaGetRuntimeVersion: Error loading CUDA libraries. GPU will not be used.: Error loading CUDA libraries. GPU will not be used.
W0000 00:00:1781030022.652515   63422 cuda_executor.cc:1755] Failed to determine cuDNN version (Note that this is expected if the application doesn't link the cuDNN plugin): INTERNAL: cuDNN error: CUDNN_STATUS_INTERNAL_ERROR
W0000 00:00:1781030022.668645   63380 gpu_device.cc:2365] Cannot dlopen some GPU libraries. Please make sure the missing libraries mentioned above are installed properly if you would like to use GPU. Follow the guide at https://www.tensorflow.org/install/gpu for how to download and setup the required libraries for your platform.
Skipping registering GPU devices...
I0000 00:00:1781030022.751747   63522 tf_record_dataset_op.cc:396] The default buffer size is 262144, which is overridden by the user specified `buffer_size` of 8388608
Cargando MNIST...
Lanzando proceso distribuido en 2 nodos...

==================================================
 RESULTADOS DE LA COMPARATIVA TÉCNICA 
==================================================
Protocolo de Comunicación:     HTTP/REST (JSON)
Tiempo Total (s):              15.52 s
Throughput (img/s):            3864.78 img/s
Latencia RTT Promedio (ms):    10093.09 ms
Tiempo T_proc Promedio (ms):   10471.15 ms
Pico Máx. RAM Worker (MB):     2597.44 MB
CPU Promedio (%):              99.25 %
Payload Promedio por Nodo (MB): 121.14 MB
Datos Totales Red (MB):        242.29 MB
Tasa Éxito (%):                100.00 %
==================================================


==================================================
 NUEVA EJECUCIÓN DEL TEST (Prueba de Estrés - sleep 3s)
==================================================
WARNING: All log messages before absl::InitializeLog() is called are written to STDERR
I0000 00:00:1781033482.017789   96911 port.cc:153] oneDNN custom operations are on. You may see slightly different numerical results due to floating-point round-off errors from different computation orders. To turn them off, set the environment variable `TF_ENABLE_ONEDNN_OPTS=0`.
I0000 00:00:1781033482.018259   96911 cudart_stub.cc:31] Could not find cuda drivers on your machine, GPU will not be used.
I0000 00:00:1781033482.046630   96911 cpu_feature_guard.cc:227] This TensorFlow binary is optimized to use available CPU instructions in performance-critical operations.
To enable the following instructions: AVX2 AVX_VNNI FMA, in other operations, rebuild TensorFlow with the appropriate compiler flags.
WARNING: All log messages before absl::InitializeLog() is called are written to STDERR
I0000 00:00:1781033482.704745   96911 port.cc:153] oneDNN custom operations are on. You may see slightly different numerical results due to floating-point round-off errors from different computation orders. To turn them off, set the environment variable `TF_ENABLE_ONEDNN_OPTS=0`.
I0000 00:00:1781033482.705057   96911 cudart_stub.cc:31] Could not find cuda drivers on your machine, GPU will not be used.
E0000 00:00:1781033483.299593   96911 cuda_executor.cc:1737] INTERNAL: CUDA Runtime error: Failed call to cudaGetRuntimeVersion: Error loading CUDA libraries. GPU will not be used.: Error loading CUDA libraries. GPU will not be used.
W0000 00:00:1781033483.299897   96953 cuda_executor.cc:1755] Failed to determine cuDNN version (Note that this is expected if the application doesn't link the cuDNN plugin): INTERNAL: cuDNN error: CUDNN_STATUS_INTERNAL_ERROR
W0000 00:00:1781033483.314467   96911 gpu_device.cc:2365] Cannot dlopen some GPU libraries. Please make sure the missing libraries mentioned above are installed properly if you would like to use GPU. Follow the guide at https://www.tensorflow.org/install/gpu for how to download and setup the required libraries for your platform.
Skipping registering GPU devices...
I0000 00:00:1781033483.378894   97054 tf_record_dataset_op.cc:396] The default buffer size is 262144, which is overridden by the user specified `buffer_size` of 8388608
Cargando MNIST...
Lanzando proceso distribuido en 2 nodos...

==================================================
 RESULTADOS DE LA COMPARATIVA TÉCNICA 
==================================================
Protocolo de Comunicación:     HTTP/REST (JSON)
Tiempo Total (s):              15.29 s
Throughput (img/s):            3923.45 img/s
Latencia RTT Promedio (ms):    9660.46 ms
Tiempo T_proc Promedio (ms):   9932.27 ms
Pico Máx. RAM Worker (MB):     2599.69 MB
CPU Promedio (%):              99.45 %
Payload Promedio por Nodo (MB): 121.14 MB
Datos Totales Red (MB):        242.29 MB
Tasa Éxito (%):                100.00 %
==================================================


==================================================
 NUEVA EJECUCIÓN DEL TEST 
==================================================
WARNING: All log messages before absl::InitializeLog() is called are written to STDERR
I0000 00:00:1781034611.433444  112598 port.cc:153] oneDNN custom operations are on. You may see slightly different numerical results due to floating-point round-off errors from different computation orders. To turn them off, set the environment variable `TF_ENABLE_ONEDNN_OPTS=0`.
I0000 00:00:1781034611.433986  112598 cudart_stub.cc:31] Could not find cuda drivers on your machine, GPU will not be used.
I0000 00:00:1781034611.460610  112598 cpu_feature_guard.cc:227] This TensorFlow binary is optimized to use available CPU instructions in performance-critical operations.
To enable the following instructions: AVX2 AVX_VNNI FMA, in other operations, rebuild TensorFlow with the appropriate compiler flags.
WARNING: All log messages before absl::InitializeLog() is called are written to STDERR
I0000 00:00:1781034612.107789  112598 port.cc:153] oneDNN custom operations are on. You may see slightly different numerical results due to floating-point round-off errors from different computation orders. To turn them off, set the environment variable `TF_ENABLE_ONEDNN_OPTS=0`.
I0000 00:00:1781034612.108102  112598 cudart_stub.cc:31] Could not find cuda drivers on your machine, GPU will not be used.
E0000 00:00:1781034613.818433  112598 cuda_executor.cc:1737] INTERNAL: CUDA Runtime error: Failed call to cudaGetRuntimeVersion: Error loading CUDA libraries. GPU will not be used.: Error loading CUDA libraries. GPU will not be used.
W0000 00:00:1781034613.818746  112640 cuda_executor.cc:1755] Failed to determine cuDNN version (Note that this is expected if the application doesn't link the cuDNN plugin): INTERNAL: cuDNN error: CUDNN_STATUS_INTERNAL_ERROR
W0000 00:00:1781034613.832990  112598 gpu_device.cc:2365] Cannot dlopen some GPU libraries. Please make sure the missing libraries mentioned above are installed properly if you would like to use GPU. Follow the guide at https://www.tensorflow.org/install/gpu for how to download and setup the required libraries for your platform.
Skipping registering GPU devices...
I0000 00:00:1781034613.900373  112740 tf_record_dataset_op.cc:396] The default buffer size is 262144, which is overridden by the user specified `buffer_size` of 8388608
Cargando MNIST...
Lanzando proceso distribuido en 2 nodos...

==================================================
 RESULTADOS DE LA COMPARATIVA TÉCNICA 
==================================================
Protocolo de Comunicación:     HTTP/REST (JSON)
Tiempo Total (s):              14.53 s
Throughput (img/s):            4130.35 img/s
Latencia RTT Promedio (ms):    9644.59 ms
Tiempo T_proc Promedio (ms):   9909.79 ms
Pico Máx. RAM Worker (MB):     2597.97 MB
CPU Promedio (%):              99.50 %
Payload Promedio por Nodo (MB): 121.14 MB
Datos Totales Red (MB):        242.29 MB
Tasa Éxito (%):                100.00 %
==================================================


==================================================
 NUEVA EJECUCIÓN DEL TEST 
==================================================
WARNING: All log messages before absl::InitializeLog() is called are written to STDERR
I0000 00:00:1781036474.277377  130699 port.cc:153] oneDNN custom operations are on. You may see slightly different numerical results due to floating-point round-off errors from different computation orders. To turn them off, set the environment variable `TF_ENABLE_ONEDNN_OPTS=0`.
I0000 00:00:1781036474.278070  130699 cudart_stub.cc:31] Could not find cuda drivers on your machine, GPU will not be used.
I0000 00:00:1781036474.325517  130699 cpu_feature_guard.cc:227] This TensorFlow binary is optimized to use available CPU instructions in performance-critical operations.
To enable the following instructions: AVX2 AVX_VNNI FMA, in other operations, rebuild TensorFlow with the appropriate compiler flags.
WARNING: All log messages before absl::InitializeLog() is called are written to STDERR
I0000 00:00:1781036475.025287  130699 port.cc:153] oneDNN custom operations are on. You may see slightly different numerical results due to floating-point round-off errors from different computation orders. To turn them off, set the environment variable `TF_ENABLE_ONEDNN_OPTS=0`.
I0000 00:00:1781036475.025754  130699 cudart_stub.cc:31] Could not find cuda drivers on your machine, GPU will not be used.
E0000 00:00:1781036475.660223  130699 cuda_executor.cc:1737] INTERNAL: CUDA Runtime error: Failed call to cudaGetRuntimeVersion: Error loading CUDA libraries. GPU will not be used.: Error loading CUDA libraries. GPU will not be used.
W0000 00:00:1781036475.660477  130741 cuda_executor.cc:1755] Failed to determine cuDNN version (Note that this is expected if the application doesn't link the cuDNN plugin): INTERNAL: cuDNN error: CUDNN_STATUS_INTERNAL_ERROR
W0000 00:00:1781036475.676811  130699 gpu_device.cc:2365] Cannot dlopen some GPU libraries. Please make sure the missing libraries mentioned above are installed properly if you would like to use GPU. Follow the guide at https://www.tensorflow.org/install/gpu for how to download and setup the required libraries for your platform.
Skipping registering GPU devices...
I0000 00:00:1781036475.753321  130841 tf_record_dataset_op.cc:396] The default buffer size is 262144, which is overridden by the user specified `buffer_size` of 8388608
Cargando MNIST...
Lanzando proceso distribuido en 2 nodos...

==================================================
 RESULTADOS DE LA COMPARATIVA TÉCNICA 
==================================================
Protocolo de Comunicación:     HTTP/REST (JSON)
Tiempo Total (s):              15.60 s
Throughput (img/s):            3844.97 img/s
Latencia RTT Promedio (ms):    10095.37 ms
Tiempo T_proc Promedio (ms):   10329.84 ms
Pico Máx. RAM Worker (MB):     2597.80 MB
CPU Promedio (%):              99.35 %
Payload Promedio por Nodo (MB): 121.14 MB
Datos Totales Red (MB):        242.29 MB
Tasa Éxito (%):                100.00 %
==================================================
