=== BENCHMARK COMPLETO | INICIO: 04/07/2026 21:43:57 ===

--- MÉTRICAS DE INFRAESTRUCTURA ---
  [OK] T_deploy total: 138.95 segundos
  [OK] Nodo 192.168.98.143 - CPU Reposo (Global): 0% | RAM Reposo (Global): 716 MB
  [OK] Nodo 192.168.98.143 - Tiempo Real Arranque: 462.76 ms
  [OK] Nodo 192.168.98.144 - CPU Reposo (Global): 0% | RAM Reposo (Global): 713 MB
  [OK] Nodo 192.168.98.144 - Tiempo Real Arranque: 514.81 ms


==================================================
 TEST RUN 1 (Prueba de Estrés)
==================================================

==================================================
1. EVALUACIÓN Y ENTRENAMIENTO DEL MODELO IA
==================================================
-> Archivo 'best_model.pth' encontrado en caché.

==================================================
2. DISTRIBUYENDO EL MODELO VÍA ZEROMQ
==================================================
Worker [tcp://192.168.98.143:8000] respondió: OK - Modelo cargado
Worker [tcp://192.168.98.144:8000] respondió: OK - Modelo cargado

==================================================
3. INICIANDO BENCHMARK DE INFERENCIA (RED ZEROMQ)
==================================================

==================================================
 RESULTADOS DE LA COMPARATIVA TÉCNICA (ZeroMQ) 
==================================================
Protocolo de Comunicación:     ZeroMQ (Protobuf)
Tiempo Total (s):              0.22 s
Throughput (img/s):            9088.67
Tasa de Éxito (%):             100.0 %
Latencia RTT Promedio (ms):    217.99 ms
Tiempo T_proc Promedio (ms):   199.53 ms
Pico Máx. RAM Worker (MB):     288.89 MB
CPU Promedio (%):              195.45 %
Payload Promedio por Nodo (MB): 2.99 MB
==================================================


==================================================
 TEST RUN 2 (Prueba de Estrés)
==================================================

==================================================
1. EVALUACIÓN Y ENTRENAMIENTO DEL MODELO IA
==================================================
-> Archivo 'best_model.pth' encontrado en caché.

==================================================
2. DISTRIBUYENDO EL MODELO VÍA ZEROMQ
==================================================
Worker [tcp://192.168.98.143:8000] respondió: OK - Modelo cargado
Worker [tcp://192.168.98.144:8000] respondió: OK - Modelo cargado

==================================================
3. INICIANDO BENCHMARK DE INFERENCIA (RED ZEROMQ)
==================================================

==================================================
 RESULTADOS DE LA COMPARATIVA TÉCNICA (ZeroMQ) 
==================================================
Protocolo de Comunicación:     ZeroMQ (Protobuf)
Tiempo Total (s):              0.20 s
Throughput (img/s):            9950.01
Tasa de Éxito (%):             100.0 %
Latencia RTT Promedio (ms):    198.78 ms
Tiempo T_proc Promedio (ms):   186.94 ms
Pico Máx. RAM Worker (MB):     269.48 MB
CPU Promedio (%):              197.85 %
Payload Promedio por Nodo (MB): 2.99 MB
==================================================


==================================================
 TEST RUN 3 (Prueba de Estrés)
==================================================

==================================================
1. EVALUACIÓN Y ENTRENAMIENTO DEL MODELO IA
==================================================
-> Archivo 'best_model.pth' encontrado en caché.

==================================================
2. DISTRIBUYENDO EL MODELO VÍA ZEROMQ
==================================================
Worker [tcp://192.168.98.143:8000] respondió: OK - Modelo cargado
Worker [tcp://192.168.98.144:8000] respondió: OK - Modelo cargado

==================================================
3. INICIANDO BENCHMARK DE INFERENCIA (RED ZEROMQ)
==================================================

==================================================
 RESULTADOS DE LA COMPARATIVA TÉCNICA (ZeroMQ) 
==================================================
Protocolo de Comunicación:     ZeroMQ (Protobuf)
Tiempo Total (s):              0.21 s
Throughput (img/s):            9733.74
Tasa de Éxito (%):             100.0 %
Latencia RTT Promedio (ms):    204.00 ms
Tiempo T_proc Promedio (ms):   192.59 ms
Pico Máx. RAM Worker (MB):     272.11 MB
CPU Promedio (%):              199.75 %
Payload Promedio por Nodo (MB): 2.99 MB
==================================================


==================================================
 TEST RUN 4 (Prueba de Estrés)
==================================================

==================================================
1. EVALUACIÓN Y ENTRENAMIENTO DEL MODELO IA
==================================================
-> Archivo 'best_model.pth' encontrado en caché.

==================================================
2. DISTRIBUYENDO EL MODELO VÍA ZEROMQ
==================================================
Worker [tcp://192.168.98.143:8000] respondió: OK - Modelo cargado
Worker [tcp://192.168.98.144:8000] respondió: OK - Modelo cargado

==================================================
3. INICIANDO BENCHMARK DE INFERENCIA (RED ZEROMQ)
==================================================

==================================================
 RESULTADOS DE LA COMPARATIVA TÉCNICA (ZeroMQ) 
==================================================
Protocolo de Comunicación:     ZeroMQ (Protobuf)
Tiempo Total (s):              0.21 s
Throughput (img/s):            9525.87
Tasa de Éxito (%):             100.0 %
Latencia RTT Promedio (ms):    207.31 ms
Tiempo T_proc Promedio (ms):   191.98 ms
Pico Máx. RAM Worker (MB):     272.12 MB
CPU Promedio (%):              200.50 %
Payload Promedio por Nodo (MB): 2.99 MB
==================================================


==================================================
 TEST RUN 5 (Prueba de Estrés)
==================================================

==================================================
1. EVALUACIÓN Y ENTRENAMIENTO DEL MODELO IA
==================================================
-> Archivo 'best_model.pth' encontrado en caché.

==================================================
2. DISTRIBUYENDO EL MODELO VÍA ZEROMQ
==================================================
Worker [tcp://192.168.98.143:8000] respondió: OK - Modelo cargado
Worker [tcp://192.168.98.144:8000] respondió: OK - Modelo cargado

==================================================
3. INICIANDO BENCHMARK DE INFERENCIA (RED ZEROMQ)
==================================================

==================================================
 RESULTADOS DE LA COMPARATIVA TÉCNICA (ZeroMQ) 
==================================================
Protocolo de Comunicación:     ZeroMQ (Protobuf)
Tiempo Total (s):              0.21 s
Throughput (img/s):            9482.54
Tasa de Éxito (%):             100.0 %
Latencia RTT Promedio (ms):    209.44 ms
Tiempo T_proc Promedio (ms):   192.88 ms
Pico Máx. RAM Worker (MB):     272.12 MB
CPU Promedio (%):              202.20 %
Payload Promedio por Nodo (MB): 2.99 MB
==================================================
