=== BENCHMARK COMPLETO | INICIO: 29/06/2026 18:14:34 ===

--- MÉTRICAS DE INFRAESTRUCTURA ---
  [OK] T_deploy total: 235.41 segundos
  [OK] Nodo 192.168.98.143 - CPU Reposo: 27.42% | RAM Reposo: 154.2MB / 4.056GB
  [OK] Nodo 192.168.98.143 - Tiempo Real Arranque: 976.23 ms
  [OK] Nodo 192.168.98.144 - CPU Reposo: 16.67% | RAM Reposo: 154.2MB / 4.056GB
  [OK] Nodo 192.168.98.144 - Tiempo Real Arranque: 888.65 ms


==================================================
 TEST RUN 1 (Prueba de Estrés)
==================================================

==================================================
1. EVALUACIÓN Y ENTRENAMIENTO DEL MODELO IA
==================================================
-> Archivo 'best_model.pth' encontrado en caché.

==================================================
2. DISTRIBUYENDO EL MODELO VÍA ZEROMQ
==================================================
Worker [tcp://192.168.98.143:8000] respondió: OK - Modelo cargado
Worker [tcp://192.168.98.144:8000] respondió: OK - Modelo cargado

==================================================
3. INICIANDO BENCHMARK DE INFERENCIA (RED ZEROMQ)
==================================================

==================================================
 RESULTADOS DE LA COMPARATIVA TÉCNICA (ZeroMQ) 
==================================================
Protocolo de Comunicación:     ZeroMQ (Protobuf)
Tiempo Total (s):              0.60 s
Throughput (img/s):            3323.49
Tasa de Éxito (%):             100.0 %
Latencia RTT Promedio (ms):    595.81 ms
Tiempo T_proc Promedio (ms):   575.44 ms
Pico Máx. RAM Worker (MB):     288.93 MB
CPU Promedio (%):              193.75 %
Payload Promedio por Nodo (MB): 2.99 MB
==================================================


==================================================
 TEST RUN 2 (Prueba de Estrés)
==================================================

==================================================
1. EVALUACIÓN Y ENTRENAMIENTO DEL MODELO IA
==================================================
-> Archivo 'best_model.pth' encontrado en caché.

==================================================
2. DISTRIBUYENDO EL MODELO VÍA ZEROMQ
==================================================
Worker [tcp://192.168.98.143:8000] respondió: OK - Modelo cargado
Worker [tcp://192.168.98.144:8000] respondió: OK - Modelo cargado

==================================================
3. INICIANDO BENCHMARK DE INFERENCIA (RED ZEROMQ)
==================================================

==================================================
 RESULTADOS DE LA COMPARATIVA TÉCNICA (ZeroMQ) 
==================================================
Protocolo de Comunicación:     ZeroMQ (Protobuf)
Tiempo Total (s):              0.55 s
Throughput (img/s):            3648.83
Tasa de Éxito (%):             100.0 %
Latencia RTT Promedio (ms):    545.07 ms
Tiempo T_proc Promedio (ms):   519.65 ms
Pico Máx. RAM Worker (MB):     269.52 MB
CPU Promedio (%):              193.40 %
Payload Promedio por Nodo (MB): 2.99 MB
==================================================


==================================================
 TEST RUN 3 (Prueba de Estrés)
==================================================

==================================================
1. EVALUACIÓN Y ENTRENAMIENTO DEL MODELO IA
==================================================
-> Archivo 'best_model.pth' encontrado en caché.

==================================================
2. DISTRIBUYENDO EL MODELO VÍA ZEROMQ
==================================================
Worker [tcp://192.168.98.143:8000] respondió: OK - Modelo cargado
Worker [tcp://192.168.98.144:8000] respondió: OK - Modelo cargado

==================================================
3. INICIANDO BENCHMARK DE INFERENCIA (RED ZEROMQ)
==================================================

==================================================
 RESULTADOS DE LA COMPARATIVA TÉCNICA (ZeroMQ) 
==================================================
Protocolo de Comunicación:     ZeroMQ (Protobuf)
Tiempo Total (s):              0.57 s
Throughput (img/s):            3517.14
Tasa de Éxito (%):             100.0 %
Latencia RTT Promedio (ms):    564.72 ms
Tiempo T_proc Promedio (ms):   531.73 ms
Pico Máx. RAM Worker (MB):     269.52 MB
CPU Promedio (%):              193.65 %
Payload Promedio por Nodo (MB): 2.99 MB
==================================================


==================================================
 TEST RUN 4 (Prueba de Estrés)
==================================================

==================================================
1. EVALUACIÓN Y ENTRENAMIENTO DEL MODELO IA
==================================================
-> Archivo 'best_model.pth' encontrado en caché.

==================================================
2. DISTRIBUYENDO EL MODELO VÍA ZEROMQ
==================================================
Worker [tcp://192.168.98.143:8000] respondió: OK - Modelo cargado
Worker [tcp://192.168.98.144:8000] respondió: OK - Modelo cargado

==================================================
3. INICIANDO BENCHMARK DE INFERENCIA (RED ZEROMQ)
==================================================

==================================================
 RESULTADOS DE LA COMPARATIVA TÉCNICA (ZeroMQ) 
==================================================
Protocolo de Comunicación:     ZeroMQ (Protobuf)
Tiempo Total (s):              0.56 s
Throughput (img/s):            3597.40
Tasa de Éxito (%):             100.0 %
Latencia RTT Promedio (ms):    549.79 ms
Tiempo T_proc Promedio (ms):   531.42 ms
Pico Máx. RAM Worker (MB):     269.53 MB
CPU Promedio (%):              193.85 %
Payload Promedio por Nodo (MB): 2.99 MB
==================================================


==================================================
 TEST RUN 5 (Prueba de Estrés)
==================================================

==================================================
1. EVALUACIÓN Y ENTRENAMIENTO DEL MODELO IA
==================================================
-> Archivo 'best_model.pth' encontrado en caché.

==================================================
2. DISTRIBUYENDO EL MODELO VÍA ZEROMQ
==================================================
Worker [tcp://192.168.98.143:8000] respondió: OK - Modelo cargado
Worker [tcp://192.168.98.144:8000] respondió: OK - Modelo cargado

==================================================
3. INICIANDO BENCHMARK DE INFERENCIA (RED ZEROMQ)
==================================================

==================================================
 RESULTADOS DE LA COMPARATIVA TÉCNICA (ZeroMQ) 
==================================================
Protocolo de Comunicación:     ZeroMQ (Protobuf)
Tiempo Total (s):              0.58 s
Throughput (img/s):            3476.81
Tasa de Éxito (%):             100.0 %
Latencia RTT Promedio (ms):    568.57 ms
Tiempo T_proc Promedio (ms):   544.84 ms
Pico Máx. RAM Worker (MB):     269.53 MB
CPU Promedio (%):              195.45 %
Payload Promedio por Nodo (MB): 2.99 MB
==================================================
