=== MÉTRICAS DE INFRAESTRUCTURA: 02-grpc-protobuf ===
  [OK] T_deploy total: 35.43 segundos

  ---> EVALUANDO NODO: 192.168.98.143
       [OK] CPU Reposo: 5.55% | RAM Reposo: 23.85MB / 4.056GB
       [OK] Tiempo Real Arranque: 900.73 ms (Total MTTR: 3900.73 ms)

  ---> EVALUANDO NODO: 192.168.98.144
       [OK] CPU Reposo: 3.74% | RAM Reposo: 23.85MB / 4.056GB
       [OK] Tiempo Real Arranque: 921.69 ms (Total MTTR: 3921.69 ms)

=== MÉTRICAS DE INFRAESTRUCTURA: 02-grpc-protobuf ===
  [OK] T_deploy total: 51.2 segundos

  ---> EVALUANDO NODO: 192.168.98.143
       [OK] CPU Reposo: 5.32% | RAM Reposo: 23.85MB / 4.056GB
       [OK] Tiempo Real Arranque: 882.15 ms (Total MTTR: 3882.15 ms)

  ---> EVALUANDO NODO: 192.168.98.144
       [OK] CPU Reposo: 4.59% | RAM Reposo: 23.85MB / 4.056GB
       [OK] Tiempo Real Arranque: 936.82 ms (Total MTTR: 3936.82 ms)


=== MÉTRICAS DE INFRAESTRUCTURA: 02-grpc-protobuf ===
  [OK] T_deploy total: 36.93 segundos

  ---> EVALUANDO NODO: 192.168.98.143
       [OK] CPU Reposo: 5.60% | RAM Reposo: 23.85MB / 4.056GB
       [OK] Tiempo Real Arranque: 845.19 ms (Total MTTR: 3845.19 ms)

  ---> EVALUANDO NODO: 192.168.98.144
       [OK] CPU Reposo: 3.73% | RAM Reposo: 23.86MB / 4.056GB
       [OK] Tiempo Real Arranque: 861.79 ms (Total MTTR: 3861.79 ms)


=== MÉTRICAS DE INFRAESTRUCTURA: 02-grpc-protobuf ===
  [OK] T_deploy total: 39.03 segundos

  ---> EVALUANDO NODO: 192.168.98.143
       [OK] CPU Reposo: 5.55% | RAM Reposo: 23.85MB / 4.056GB
       [OK] Tiempo Real Arranque: 850.94 ms (Total MTTR: 3850.94 ms)

  ---> EVALUANDO NODO: 192.168.98.144
       [OK] CPU Reposo: 3.61% | RAM Reposo: 23.85MB / 4.056GB
       [OK] Tiempo Real Arranque: 878.3 ms (Total MTTR: 3878.3 ms)
