=== BENCHMARK COMPLETO | INICIO: 16/09/2026 14:21:39 ===

--- MÉTRICAS DE INFRAESTRUCTURA ---
  [OK] T_deploy total: 181.54 segundos
  [OK] Nodo 192.168.98.143 - CPU Reposo (Global): 0% | RAM Reposo (Global): 733 MB
  [OK] Nodo 192.168.98.143 - Tiempo Real Arranque: 428.33 ms
  [OK] Nodo 192.168.98.144 - CPU Reposo (Global): 0% | RAM Reposo (Global): 705 MB
  [OK] Nodo 192.168.98.144 - Tiempo Real Arranque: 385.06 ms


==================================================
 TEST RUN 1 (Prueba de Estrés)
==================================================

==================================================
1. EVALUACIÓN Y ENTRENAMIENTO DEL MODELO IA
==================================================
-> Archivo 'best_model.pth' encontrado en caché.

==================================================
2. DISTRIBUYENDO EL MODELO VÍA gRPC
==================================================
Worker [192.168.98.143:8000] respondió: OK
Worker [192.168.98.144:8000] respondió: OK

==================================================
3. INICIANDO BENCHMARK DE INFERENCIA (RED gRPC)
==================================================

==================================================
 RESULTADOS DE LA COMPARATIVA TÉCNICA (gRPC) 
==================================================
Protocolo de Comunicación:     gRPC (Protobuf)
Tiempo Total (s):              0.24 s
Throughput (img/s):            8269.04
Tasa de Éxito (%):             100.0 %
Latencia RTT Promedio (ms):    231.30 ms
Tiempo T_proc Promedio (ms):   203.95 ms
Pico Máx. RAM Worker (MB):     297.05 MB
CPU Promedio (%):              198.70 %
Payload Promedio por Nodo (MB): 2.99 MB
==================================================


==================================================
 TEST RUN 2 (Prueba de Estrés)
==================================================

==================================================
1. EVALUACIÓN Y ENTRENAMIENTO DEL MODELO IA
==================================================
-> Archivo 'best_model.pth' encontrado en caché.

==================================================
2. DISTRIBUYENDO EL MODELO VÍA gRPC
==================================================
Worker [192.168.98.143:8000] respondió: OK
Worker [192.168.98.144:8000] respondió: OK

==================================================
3. INICIANDO BENCHMARK DE INFERENCIA (RED gRPC)
==================================================

==================================================
 RESULTADOS DE LA COMPARATIVA TÉCNICA (gRPC) 
==================================================
Protocolo de Comunicación:     gRPC (Protobuf)
Tiempo Total (s):              0.22 s
Throughput (img/s):            8951.49
Tasa de Éxito (%):             100.0 %
Latencia RTT Promedio (ms):    218.23 ms
Tiempo T_proc Promedio (ms):   201.57 ms
Pico Máx. RAM Worker (MB):     316.54 MB
CPU Promedio (%):              198.40 %
Payload Promedio por Nodo (MB): 2.99 MB
==================================================
