=== BENCHMARK COMPLETO | INICIO: 04/07/2026 20:53:12 ===

--- MÉTRICAS DE INFRAESTRUCTURA ---
  [OK] T_deploy total: 125.1 segundos
  [OK] Nodo 192.168.98.143 - CPU Reposo (Global): 1% | RAM Reposo (Global): 726 MB
  [OK] Nodo 192.168.98.143 - Tiempo Real Arranque: 499.23 ms
  [OK] Nodo 192.168.98.144 - CPU Reposo (Global): 0% | RAM Reposo (Global): 745 MB
  [OK] Nodo 192.168.98.144 - Tiempo Real Arranque: 540.93 ms


==================================================
 TEST RUN 1 (Prueba de Estrés)
==================================================

==================================================
1. EVALUACIÓN Y ENTRENAMIENTO DEL MODELO IA
==================================================
-> Archivo 'best_model.pth' encontrado en caché.

==================================================
2. DISTRIBUYENDO EL MODELO VÍA gRPC
==================================================
Worker [192.168.98.143:8000] respondió: OK
Worker [192.168.98.144:8000] respondió: OK

==================================================
3. INICIANDO BENCHMARK DE INFERENCIA (RED gRPC)
==================================================

==================================================
 RESULTADOS DE LA COMPARATIVA TÉCNICA (gRPC) 
==================================================
Protocolo de Comunicación:     gRPC (Protobuf)
Tiempo Total (s):              0.25 s
Throughput (img/s):            8068.08
Tasa de Éxito (%):             100.0 %
Latencia RTT Promedio (ms):    233.63 ms
Tiempo T_proc Promedio (ms):   210.45 ms
Pico Máx. RAM Worker (MB):     296.24 MB
CPU Promedio (%):              192.50 %
Payload Promedio por Nodo (MB): 2.99 MB
==================================================


==================================================
 TEST RUN 2 (Prueba de Estrés)
==================================================

==================================================
1. EVALUACIÓN Y ENTRENAMIENTO DEL MODELO IA
==================================================
-> Archivo 'best_model.pth' encontrado en caché.

==================================================
2. DISTRIBUYENDO EL MODELO VÍA gRPC
==================================================
Worker [192.168.98.143:8000] respondió: OK
Worker [192.168.98.144:8000] respondió: OK

==================================================
3. INICIANDO BENCHMARK DE INFERENCIA (RED gRPC)
==================================================

==================================================
 RESULTADOS DE LA COMPARATIVA TÉCNICA (gRPC) 
==================================================
Protocolo de Comunicación:     gRPC (Protobuf)
Tiempo Total (s):              0.24 s
Throughput (img/s):            8254.91
Tasa de Éxito (%):             100.0 %
Latencia RTT Promedio (ms):    229.72 ms
Tiempo T_proc Promedio (ms):   206.48 ms
Pico Máx. RAM Worker (MB):     316.23 MB
CPU Promedio (%):              198.55 %
Payload Promedio por Nodo (MB): 2.99 MB
==================================================


==================================================
 TEST RUN 3 (Prueba de Estrés)
==================================================

==================================================
1. EVALUACIÓN Y ENTRENAMIENTO DEL MODELO IA
==================================================
-> Archivo 'best_model.pth' encontrado en caché.

==================================================
2. DISTRIBUYENDO EL MODELO VÍA gRPC
==================================================
Worker [192.168.98.143:8000] respondió: OK
Worker [192.168.98.144:8000] respondió: OK

==================================================
3. INICIANDO BENCHMARK DE INFERENCIA (RED gRPC)
==================================================

==================================================
 RESULTADOS DE LA COMPARATIVA TÉCNICA (gRPC) 
==================================================
Protocolo de Comunicación:     gRPC (Protobuf)
Tiempo Total (s):              0.22 s
Throughput (img/s):            8981.27
Tasa de Éxito (%):             100.0 %
Latencia RTT Promedio (ms):    214.35 ms
Tiempo T_proc Promedio (ms):   196.31 ms
Pico Máx. RAM Worker (MB):     316.59 MB
CPU Promedio (%):              201.20 %
Payload Promedio por Nodo (MB): 2.99 MB
==================================================


==================================================
 TEST RUN 4 (Prueba de Estrés)
==================================================

==================================================
1. EVALUACIÓN Y ENTRENAMIENTO DEL MODELO IA
==================================================
-> Archivo 'best_model.pth' encontrado en caché.

==================================================
2. DISTRIBUYENDO EL MODELO VÍA gRPC
==================================================
Worker [192.168.98.143:8000] respondió: OK
Worker [192.168.98.144:8000] respondió: OK

==================================================
3. INICIANDO BENCHMARK DE INFERENCIA (RED gRPC)
==================================================

==================================================
 RESULTADOS DE LA COMPARATIVA TÉCNICA (gRPC) 
==================================================
Protocolo de Comunicación:     gRPC (Protobuf)
Tiempo Total (s):              0.23 s
Throughput (img/s):            8683.34
Tasa de Éxito (%):             100.0 %
Latencia RTT Promedio (ms):    221.29 ms
Tiempo T_proc Promedio (ms):   194.18 ms
Pico Máx. RAM Worker (MB):     316.59 MB
CPU Promedio (%):              200.80 %
Payload Promedio por Nodo (MB): 2.99 MB
==================================================


==================================================
 TEST RUN 5 (Prueba de Estrés)
==================================================

==================================================
1. EVALUACIÓN Y ENTRENAMIENTO DEL MODELO IA
==================================================
-> Archivo 'best_model.pth' encontrado en caché.

==================================================
2. DISTRIBUYENDO EL MODELO VÍA gRPC
==================================================
Worker [192.168.98.143:8000] respondió: OK
Worker [192.168.98.144:8000] respondió: OK

==================================================
3. INICIANDO BENCHMARK DE INFERENCIA (RED gRPC)
==================================================

==================================================
 RESULTADOS DE LA COMPARATIVA TÉCNICA (gRPC) 
==================================================
Protocolo de Comunicación:     gRPC (Protobuf)
Tiempo Total (s):              0.24 s
Throughput (img/s):            8337.29
Tasa de Éxito (%):             100.0 %
Latencia RTT Promedio (ms):    221.59 ms
Tiempo T_proc Promedio (ms):   190.05 ms
Pico Máx. RAM Worker (MB):     316.59 MB
CPU Promedio (%):              199.85 %
Payload Promedio por Nodo (MB): 2.99 MB
==================================================
