=== BENCHMARK COMPLETO | INICIO: 08/09/2026 21:10:21 ===

--- MÉTRICAS DE INFRAESTRUCTURA ---
  [OK] T_deploy total: 214.41 segundos
  [OK] Nodo 192.168.98.143 - CPU Reposo (Global): 0% | RAM Reposo (Global): 722 MB
  [OK] Nodo 192.168.98.143 - Tiempo Real Arranque: 0 ms
  [OK] Nodo 192.168.98.144 - CPU Reposo (Global): 0% | RAM Reposo (Global): 746 MB
  [OK] Nodo 192.168.98.144 - Tiempo Real Arranque: 0 ms


==================================================
 TEST RUN 1 (Prueba de Estrés)
==================================================

==================================================
1. EVALUACIÓN Y ENTRENAMIENTO DEL MODELO IA
==================================================
-> Archivo 'best_model.pth' encontrado en caché.

==================================================
2. DISTRIBUYENDO EL MODELO VÍA gRPC
==================================================
Worker [192.168.98.143:8000] respondió: OK
Worker [192.168.98.144:8000] respondió: OK

==================================================
3. INICIANDO BENCHMARK DE INFERENCIA (RED gRPC)
==================================================

==================================================
 RESULTADOS DE LA COMPARATIVA TÉCNICA (gRPC) 
==================================================
Protocolo de Comunicación:     gRPC (Protobuf)
Tiempo Total (s):              0.25 s
Throughput (img/s):            7947.63
Tasa de Éxito (%):             100.0 %
Latencia RTT Promedio (ms):    239.23 ms
Tiempo T_proc Promedio (ms):   218.88 ms
Pico Máx. RAM Worker (MB):     296.48 MB
CPU Promedio (%):              189.60 %
Payload Promedio por Nodo (MB): 2.99 MB
==================================================


==================================================
 TEST RUN 2 (Prueba de Estrés)
==================================================

==================================================
1. EVALUACIÓN Y ENTRENAMIENTO DEL MODELO IA
==================================================
-> Archivo 'best_model.pth' encontrado en caché.

==================================================
2. DISTRIBUYENDO EL MODELO VÍA gRPC
==================================================
Worker [192.168.98.143:8000] respondió: OK
Worker [192.168.98.144:8000] respondió: OK

==================================================
3. INICIANDO BENCHMARK DE INFERENCIA (RED gRPC)
==================================================

==================================================
 RESULTADOS DE LA COMPARATIVA TÉCNICA (gRPC) 
==================================================
Protocolo de Comunicación:     gRPC (Protobuf)
Tiempo Total (s):              0.22 s
Throughput (img/s):            9063.19
Tasa de Éxito (%):             100.0 %
Latencia RTT Promedio (ms):    215.52 ms
Tiempo T_proc Promedio (ms):   196.69 ms
Pico Máx. RAM Worker (MB):     315.61 MB
CPU Promedio (%):              198.20 %
Payload Promedio por Nodo (MB): 2.99 MB
==================================================
