=== BENCHMARK COMPLETO | INICIO: 16/09/2026 13:58:20 ===

--- MÉTRICAS DE INFRAESTRUCTURA ---
  [OK] T_deploy total: 247.11 segundos
  [OK] Nodo 192.168.98.143 - CPU Reposo (Global): 0% | RAM Reposo (Global): 701 MB
  [OK] Nodo 192.168.98.143 - Tiempo Real Arranque: 432.14 ms
  [OK] Nodo 192.168.98.144 - CPU Reposo (Global): 0% | RAM Reposo (Global): 694 MB
  [OK] Nodo 192.168.98.144 - Tiempo Real Arranque: 407.71 ms


==================================================
 TEST RUN 1 (Prueba de Estrés)
==================================================

==================================================
1. EVALUACIÓN Y ENTRENAMIENTO DEL MODELO IA
==================================================
-> Archivo 'best_model.pth' encontrado en caché.

==================================================
2. DISTRIBUYENDO EL MODELO VÍA gRPC
==================================================
Worker [192.168.98.143:8000] respondió: OK
Worker [192.168.98.144:8000] respondió: OK

==================================================
3. INICIANDO BENCHMARK DE INFERENCIA (RED gRPC)
==================================================

==================================================
 RESULTADOS DE LA COMPARATIVA TÉCNICA (gRPC) 
==================================================
Protocolo de Comunicación:     gRPC (Protobuf)
Tiempo Total (s):              0.25 s
Throughput (img/s):            8004.98
Tasa de Éxito (%):             100.0 %
Latencia RTT Promedio (ms):    230.19 ms
Tiempo T_proc Promedio (ms):   205.19 ms
Pico Máx. RAM Worker (MB):     296.27 MB
CPU Promedio (%):              192.80 %
Payload Promedio por Nodo (MB): 2.99 MB
==================================================


==================================================
 TEST RUN 2 (Prueba de Estrés)
==================================================

==================================================
1. EVALUACIÓN Y ENTRENAMIENTO DEL MODELO IA
==================================================
-> Archivo 'best_model.pth' encontrado en caché.

==================================================
2. DISTRIBUYENDO EL MODELO VÍA gRPC
==================================================
Worker [192.168.98.143:8000] respondió: OK
Worker [192.168.98.144:8000] respondió: OK

==================================================
3. INICIANDO BENCHMARK DE INFERENCIA (RED gRPC)
==================================================

==================================================
 RESULTADOS DE LA COMPARATIVA TÉCNICA (gRPC) 
==================================================
Protocolo de Comunicación:     gRPC (Protobuf)
Tiempo Total (s):              0.23 s
Throughput (img/s):            8863.33
Tasa de Éxito (%):             100.0 %
Latencia RTT Promedio (ms):    218.24 ms
Tiempo T_proc Promedio (ms):   198.41 ms
Pico Máx. RAM Worker (MB):     316.00 MB
CPU Promedio (%):              196.60 %
Payload Promedio por Nodo (MB): 2.99 MB
==================================================
