=== BENCHMARK COMPLETO | INICIO: 30/08/2026 03:59:44 ===

--- MÉTRICAS DE INFRAESTRUCTURA ---
  [OK] T_deploy total: 117.69 segundos
  [OK] Nodo 192.168.98.143 - CPU Reposo (Global): 1% | RAM Reposo (Global): 726 MB
  [OK] Nodo 192.168.98.143 - Tiempo Real Arranque: 484.03 ms
  [OK] Nodo 192.168.98.144 - CPU Reposo (Global): 0% | RAM Reposo (Global): 746 MB
  [OK] Nodo 192.168.98.144 - Tiempo Real Arranque: 507.26 ms


==================================================
 TEST RUN 1 (Prueba de Estrés)
==================================================

==================================================
1. EVALUACIÓN Y ENTRENAMIENTO DEL MODELO IA
==================================================
-> Archivo 'best_model.pth' encontrado en caché.

==================================================
2. DISTRIBUYENDO EL MODELO VÍA gRPC
==================================================
Worker [192.168.98.143:8000] respondió: OK
Worker [192.168.98.144:8000] respondió: OK

==================================================
3. INICIANDO BENCHMARK DE INFERENCIA (RED gRPC)
==================================================

==================================================
 RESULTADOS DE LA COMPARATIVA TÉCNICA (gRPC) 
==================================================
Protocolo de Comunicación:     gRPC (Protobuf)
Tiempo Total (s):              0.24 s
Throughput (img/s):            8371.36
Tasa de Éxito (%):             100.0 %
Latencia RTT Promedio (ms):    230.67 ms
Tiempo T_proc Promedio (ms):   207.43 ms
Pico Máx. RAM Worker (MB):     296.46 MB
CPU Promedio (%):              190.35 %
Payload Promedio por Nodo (MB): 2.99 MB
==================================================


==================================================
 TEST RUN 2 (Prueba de Estrés)
==================================================

==================================================
1. EVALUACIÓN Y ENTRENAMIENTO DEL MODELO IA
==================================================
-> Archivo 'best_model.pth' encontrado en caché.

==================================================
2. DISTRIBUYENDO EL MODELO VÍA gRPC
==================================================
Worker [192.168.98.143:8000] respondió: OK
Worker [192.168.98.144:8000] respondió: OK

==================================================
3. INICIANDO BENCHMARK DE INFERENCIA (RED gRPC)
==================================================

==================================================
 RESULTADOS DE LA COMPARATIVA TÉCNICA (gRPC) 
==================================================
Protocolo de Comunicación:     gRPC (Protobuf)
Tiempo Total (s):              0.22 s
Throughput (img/s):            8996.76
Tasa de Éxito (%):             100.0 %
Latencia RTT Promedio (ms):    217.53 ms
Tiempo T_proc Promedio (ms):   193.66 ms
Pico Máx. RAM Worker (MB):     315.82 MB
CPU Promedio (%):              201.40 %
Payload Promedio por Nodo (MB): 2.99 MB
==================================================
