=== BENCHMARK COMPLETO | INICIO: 16/09/2026 15:47:05 ===

--- MÉTRICAS DE INFRAESTRUCTURA ---
  [OK] T_deploy total: 193.82 segundos
  [OK] Nodo 192.168.98.143 - CPU Reposo (Global): 0% | RAM Reposo (Global): 729 MB
  [OK] Nodo 192.168.98.143 - Tiempo Real Arranque: 375.28 ms
  [OK] Nodo 192.168.98.144 - CPU Reposo (Global): 0% | RAM Reposo (Global): 711 MB
  [OK] Nodo 192.168.98.144 - Tiempo Real Arranque: 381.57 ms


==================================================
 TEST RUN 1 (Prueba de Estrés)
==================================================

==================================================
1. EVALUACIÓN Y ENTRENAMIENTO DEL MODELO IA
==================================================
-> Archivo 'best_model.pth' encontrado en caché.

==================================================
2. DISTRIBUYENDO EL MODELO VÍA gRPC
==================================================
Worker [192.168.98.143:8000] respondió: OK
Worker [192.168.98.144:8000] respondió: OK

==================================================
3. INICIANDO BENCHMARK DE INFERENCIA (RED gRPC)
==================================================

==================================================
 RESULTADOS DE LA COMPARATIVA TÉCNICA (gRPC) 
==================================================
Protocolo de Comunicación:     gRPC (Protobuf)
Tiempo Total (s):              0.24 s
Throughput (img/s):            8250.18
Tasa de Éxito (%):             100.0 %
Latencia RTT Promedio (ms):    233.48 ms
Tiempo T_proc Promedio (ms):   212.85 ms
Pico Máx. RAM Worker (MB):     296.50 MB
CPU Promedio (%):              192.60 %
Payload Promedio por Nodo (MB): 2.99 MB
==================================================


==================================================
 TEST RUN 2 (Prueba de Estrés)
==================================================

==================================================
1. EVALUACIÓN Y ENTRENAMIENTO DEL MODELO IA
==================================================
-> Archivo 'best_model.pth' encontrado en caché.

==================================================
2. DISTRIBUYENDO EL MODELO VÍA gRPC
==================================================
Worker [192.168.98.143:8000] respondió: OK
Worker [192.168.98.144:8000] respondió: OK

==================================================
3. INICIANDO BENCHMARK DE INFERENCIA (RED gRPC)
==================================================

==================================================
 RESULTADOS DE LA COMPARATIVA TÉCNICA (gRPC) 
==================================================
Protocolo de Comunicación:     gRPC (Protobuf)
Tiempo Total (s):              0.23 s
Throughput (img/s):            8866.24
Tasa de Éxito (%):             100.0 %
Latencia RTT Promedio (ms):    221.13 ms
Tiempo T_proc Promedio (ms):   203.41 ms
Pico Máx. RAM Worker (MB):     316.04 MB
CPU Promedio (%):              194.15 %
Payload Promedio por Nodo (MB): 2.99 MB
==================================================
