=== BENCHMARK COMPLETO | INICIO: 04/07/2026 21:57:59 ===

--- MÉTRICAS DE INFRAESTRUCTURA ---
  [OK] T_deploy total: 208.59 segundos
  [OK] Nodo 192.168.98.143 - CPU Reposo (Global): 0% | RAM Reposo (Global): 746 MB
  [OK] Nodo 192.168.98.143 - Tiempo Real Arranque: 486.11 ms
  [OK] Nodo 192.168.98.144 - CPU Reposo (Global): 1% | RAM Reposo (Global): 742 MB
  [OK] Nodo 192.168.98.144 - Tiempo Real Arranque: 460.25 ms


==================================================
 TEST RUN 1 (Prueba de Estrés)
==================================================

==================================================
1. EVALUACIÓN Y ENTRENAMIENTO DEL MODELO IA
==================================================
-> Archivo 'best_model.pth' encontrado en caché.

==================================================
2. DISTRIBUYENDO EL MODELO VÍA gRPC
==================================================
Worker [192.168.98.143:8000] respondió: OK
Worker [192.168.98.144:8000] respondió: OK

==================================================
3. INICIANDO BENCHMARK DE INFERENCIA (RED gRPC)
==================================================

==================================================
 RESULTADOS DE LA COMPARATIVA TÉCNICA (gRPC) 
==================================================
Protocolo de Comunicación:     gRPC (Protobuf)
Tiempo Total (s):              0.23 s
Throughput (img/s):            8543.66
Tasa de Éxito (%):             100.0 %
Latencia RTT Promedio (ms):    227.45 ms
Tiempo T_proc Promedio (ms):   198.48 ms
Pico Máx. RAM Worker (MB):     295.94 MB
CPU Promedio (%):              199.00 %
Payload Promedio por Nodo (MB): 2.99 MB
==================================================


==================================================
 TEST RUN 2 (Prueba de Estrés)
==================================================

==================================================
1. EVALUACIÓN Y ENTRENAMIENTO DEL MODELO IA
==================================================
-> Archivo 'best_model.pth' encontrado en caché.

==================================================
2. DISTRIBUYENDO EL MODELO VÍA gRPC
==================================================
Worker [192.168.98.143:8000] respondió: OK
Worker [192.168.98.144:8000] respondió: OK

==================================================
3. INICIANDO BENCHMARK DE INFERENCIA (RED gRPC)
==================================================

==================================================
 RESULTADOS DE LA COMPARATIVA TÉCNICA (gRPC) 
==================================================
Protocolo de Comunicación:     gRPC (Protobuf)
Tiempo Total (s):              0.23 s
Throughput (img/s):            8581.30
Tasa de Éxito (%):             100.0 %
Latencia RTT Promedio (ms):    223.60 ms
Tiempo T_proc Promedio (ms):   198.78 ms
Pico Máx. RAM Worker (MB):     315.84 MB
CPU Promedio (%):              193.70 %
Payload Promedio por Nodo (MB): 2.99 MB
==================================================


==================================================
 TEST RUN 3 (Prueba de Estrés)
==================================================

==================================================
1. EVALUACIÓN Y ENTRENAMIENTO DEL MODELO IA
==================================================
-> Archivo 'best_model.pth' encontrado en caché.

==================================================
2. DISTRIBUYENDO EL MODELO VÍA gRPC
==================================================
Worker [192.168.98.143:8000] respondió: OK
Worker [192.168.98.144:8000] respondió: OK

==================================================
3. INICIANDO BENCHMARK DE INFERENCIA (RED gRPC)
==================================================

==================================================
 RESULTADOS DE LA COMPARATIVA TÉCNICA (gRPC) 
==================================================
Protocolo de Comunicación:     gRPC (Protobuf)
Tiempo Total (s):              0.23 s
Throughput (img/s):            8845.45
Tasa de Éxito (%):             100.0 %
Latencia RTT Promedio (ms):    214.74 ms
Tiempo T_proc Promedio (ms):   193.73 ms
Pico Máx. RAM Worker (MB):     317.12 MB
CPU Promedio (%):              198.75 %
Payload Promedio por Nodo (MB): 2.99 MB
==================================================


==================================================
 TEST RUN 4 (Prueba de Estrés)
==================================================

==================================================
1. EVALUACIÓN Y ENTRENAMIENTO DEL MODELO IA
==================================================
-> Archivo 'best_model.pth' encontrado en caché.

==================================================
2. DISTRIBUYENDO EL MODELO VÍA gRPC
==================================================
Worker [192.168.98.143:8000] respondió: OK
Worker [192.168.98.144:8000] respondió: OK

==================================================
3. INICIANDO BENCHMARK DE INFERENCIA (RED gRPC)
==================================================

==================================================
 RESULTADOS DE LA COMPARATIVA TÉCNICA (gRPC) 
==================================================
Protocolo de Comunicación:     gRPC (Protobuf)
Tiempo Total (s):              0.24 s
Throughput (img/s):            8240.13
Tasa de Éxito (%):             100.0 %
Latencia RTT Promedio (ms):    237.60 ms
Tiempo T_proc Promedio (ms):   198.23 ms
Pico Máx. RAM Worker (MB):     317.13 MB
CPU Promedio (%):              199.30 %
Payload Promedio por Nodo (MB): 2.99 MB
==================================================


==================================================
 TEST RUN 5 (Prueba de Estrés)
==================================================

==================================================
1. EVALUACIÓN Y ENTRENAMIENTO DEL MODELO IA
==================================================
-> Archivo 'best_model.pth' encontrado en caché.

==================================================
2. DISTRIBUYENDO EL MODELO VÍA gRPC
==================================================
Worker [192.168.98.143:8000] respondió: OK
Worker [192.168.98.144:8000] respondió: OK

==================================================
3. INICIANDO BENCHMARK DE INFERENCIA (RED gRPC)
==================================================

==================================================
 RESULTADOS DE LA COMPARATIVA TÉCNICA (gRPC) 
==================================================
Protocolo de Comunicación:     gRPC (Protobuf)
Tiempo Total (s):              0.23 s
Throughput (img/s):            8625.63
Tasa de Éxito (%):             100.0 %
Latencia RTT Promedio (ms):    224.62 ms
Tiempo T_proc Promedio (ms):   196.86 ms
Pico Máx. RAM Worker (MB):     317.13 MB
CPU Promedio (%):              195.55 %
Payload Promedio por Nodo (MB): 2.99 MB
==================================================
