=== BENCHMARK COMPLETO | INICIO: 04/07/2026 22:45:16 ===

--- MÉTRICAS DE INFRAESTRUCTURA ---
  [OK] T_deploy total: 89.66 segundos
  [OK] Nodo node-b - CPU Reposo (Global): 0% | RAM Reposo (Global): 840 MB
  [OK] Nodo node-b - Tiempo Real Arranque: 1471.41 ms
  [OK] Nodo node-a - CPU Reposo (Global): 1% | RAM Reposo (Global): 857 MB
  [OK] Nodo node-a - Tiempo Real Arranque: 1484.13 ms


==================================================
 TEST RUN 1 (Prueba de Estrés)
==================================================

==================================================
1. EVALUACIÓN Y ENTRENAMIENTO DEL MODELO IA
==================================================
-> Archivo 'best_model.pth' encontrado en caché.

==================================================
2. DISTRIBUYENDO EL MODELO VÍA gRPC
==================================================
Worker [192.168.98.143:30000] respondió: OK
Worker [192.168.98.144:30000] respondió: OK

==================================================
3. INICIANDO BENCHMARK DE INFERENCIA (RED gRPC)
==================================================

==================================================
 RESULTADOS DE LA COMPARATIVA TÉCNICA (gRPC) 
==================================================
Protocolo de Comunicación:     gRPC (Protobuf)
Tiempo Total (s):              0.26 s
Throughput (img/s):            7603.87
Tasa de Éxito (%):             100.0 %
Latencia RTT Promedio (ms):    258.38 ms
Tiempo T_proc Promedio (ms):   233.11 ms
Pico Máx. RAM Worker (MB):     294.15 MB
CPU Promedio (%):              186.60 %
Payload Promedio por Nodo (MB): 2.99 MB
==================================================


==================================================
 TEST RUN 2 (Prueba de Estrés)
==================================================

==================================================
1. EVALUACIÓN Y ENTRENAMIENTO DEL MODELO IA
==================================================
-> Archivo 'best_model.pth' encontrado en caché.

==================================================
2. DISTRIBUYENDO EL MODELO VÍA gRPC
==================================================
Worker [192.168.98.143:30000] respondió: OK
Worker [192.168.98.144:30000] respondió: OK

==================================================
3. INICIANDO BENCHMARK DE INFERENCIA (RED gRPC)
==================================================

==================================================
 RESULTADOS DE LA COMPARATIVA TÉCNICA (gRPC) 
==================================================
Protocolo de Comunicación:     gRPC (Protobuf)
Tiempo Total (s):              0.43 s
Throughput (img/s):            4667.08
Tasa de Éxito (%):             100.0 %
Latencia RTT Promedio (ms):    418.83 ms
Tiempo T_proc Promedio (ms):   378.64 ms
Pico Máx. RAM Worker (MB):     463.18 MB
CPU Promedio (%):              171.50 %
Payload Promedio por Nodo (MB): 2.99 MB
==================================================


==================================================
 TEST RUN 3 (Prueba de Estrés)
==================================================

==================================================
1. EVALUACIÓN Y ENTRENAMIENTO DEL MODELO IA
==================================================
-> Archivo 'best_model.pth' encontrado en caché.

==================================================
2. DISTRIBUYENDO EL MODELO VÍA gRPC
==================================================
Worker [192.168.98.143:30000] respondió: OK
Worker [192.168.98.144:30000] respondió: OK

==================================================
3. INICIANDO BENCHMARK DE INFERENCIA (RED gRPC)
==================================================

==================================================
 RESULTADOS DE LA COMPARATIVA TÉCNICA (gRPC) 
==================================================
Protocolo de Comunicación:     gRPC (Protobuf)
Tiempo Total (s):              0.22 s
Throughput (img/s):            9048.08
Tasa de Éxito (%):             100.0 %
Latencia RTT Promedio (ms):    213.39 ms
Tiempo T_proc Promedio (ms):   193.64 ms
Pico Máx. RAM Worker (MB):     375.62 MB
CPU Promedio (%):              191.00 %
Payload Promedio por Nodo (MB): 2.99 MB
==================================================


==================================================
 TEST RUN 4 (Prueba de Estrés)
==================================================

==================================================
1. EVALUACIÓN Y ENTRENAMIENTO DEL MODELO IA
==================================================
-> Archivo 'best_model.pth' encontrado en caché.

==================================================
2. DISTRIBUYENDO EL MODELO VÍA gRPC
==================================================
Worker [192.168.98.143:30000] respondió: OK
Worker [192.168.98.144:30000] respondió: OK

==================================================
3. INICIANDO BENCHMARK DE INFERENCIA (RED gRPC)
==================================================

==================================================
 RESULTADOS DE LA COMPARATIVA TÉCNICA (gRPC) 
==================================================
Protocolo de Comunicación:     gRPC (Protobuf)
Tiempo Total (s):              0.26 s
Throughput (img/s):            7700.88
Tasa de Éxito (%):             100.0 %
Latencia RTT Promedio (ms):    245.15 ms
Tiempo T_proc Promedio (ms):   197.63 ms
Pico Máx. RAM Worker (MB):     399.42 MB
CPU Promedio (%):              194.75 %
Payload Promedio por Nodo (MB): 2.99 MB
==================================================


==================================================
 TEST RUN 5 (Prueba de Estrés)
==================================================

==================================================
1. EVALUACIÓN Y ENTRENAMIENTO DEL MODELO IA
==================================================
-> Archivo 'best_model.pth' encontrado en caché.

==================================================
2. DISTRIBUYENDO EL MODELO VÍA gRPC
==================================================
Worker [192.168.98.143:30000] respondió: OK
Worker [192.168.98.144:30000] respondió: OK

==================================================
3. INICIANDO BENCHMARK DE INFERENCIA (RED gRPC)
==================================================

==================================================
 RESULTADOS DE LA COMPARATIVA TÉCNICA (gRPC) 
==================================================
Protocolo de Comunicación:     gRPC (Protobuf)
Tiempo Total (s):              0.23 s
Throughput (img/s):            8637.68
Tasa de Éxito (%):             100.0 %
Latencia RTT Promedio (ms):    220.35 ms
Tiempo T_proc Promedio (ms):   198.09 ms
Pico Máx. RAM Worker (MB):     399.42 MB
CPU Promedio (%):              191.85 %
Payload Promedio por Nodo (MB): 2.99 MB
==================================================
