=== BENCHMARK COMPLETO | INICIO: 04/07/2026 22:21:57 ===

--- MÉTRICAS DE INFRAESTRUCTURA ---
  [OK] T_deploy total: 203.66 segundos
  [OK] Nodo node-b - CPU Reposo (Global): 0% | RAM Reposo (Global): 829 MB
  [OK] Nodo node-b - Tiempo Real Arranque: 2251.84 ms
  [OK] Nodo node-a - CPU Reposo (Global): 1% | RAM Reposo (Global): 840 MB
  [OK] Nodo node-a - Tiempo Real Arranque: 1255.65 ms


==================================================
 TEST RUN 1 (Prueba de Estrés)
==================================================

==================================================
1. EVALUACIÓN Y ENTRENAMIENTO DEL MODELO IA
==================================================
-> Archivo 'best_model.pth' encontrado en caché.

==================================================
2. DISTRIBUYENDO EL MODELO VÍA gRPC
==================================================
Worker [192.168.98.143:30000] respondió: OK
Worker [192.168.98.144:30000] respondió: OK

==================================================
3. INICIANDO BENCHMARK DE INFERENCIA (RED gRPC)
==================================================

==================================================
 RESULTADOS DE LA COMPARATIVA TÉCNICA (gRPC) 
==================================================
Protocolo de Comunicación:     gRPC (Protobuf)
Tiempo Total (s):              0.37 s
Throughput (img/s):            5360.74
Tasa de Éxito (%):             100.0 %
Latencia RTT Promedio (ms):    323.90 ms
Tiempo T_proc Promedio (ms):   253.09 ms
Pico Máx. RAM Worker (MB):     294.70 MB
CPU Promedio (%):              189.65 %
Payload Promedio por Nodo (MB): 2.99 MB
==================================================


==================================================
 TEST RUN 2 (Prueba de Estrés)
==================================================

==================================================
1. EVALUACIÓN Y ENTRENAMIENTO DEL MODELO IA
==================================================
-> Archivo 'best_model.pth' encontrado en caché.

==================================================
2. DISTRIBUYENDO EL MODELO VÍA gRPC
==================================================
Worker [192.168.98.143:30000] respondió: OK
Worker [192.168.98.144:30000] respondió: OK

==================================================
3. INICIANDO BENCHMARK DE INFERENCIA (RED gRPC)
==================================================

==================================================
 RESULTADOS DE LA COMPARATIVA TÉCNICA (gRPC) 
==================================================
Protocolo de Comunicación:     gRPC (Protobuf)
Tiempo Total (s):              0.41 s
Throughput (img/s):            4905.94
Tasa de Éxito (%):             100.0 %
Latencia RTT Promedio (ms):    368.00 ms
Tiempo T_proc Promedio (ms):   301.28 ms
Pico Máx. RAM Worker (MB):     399.36 MB
CPU Promedio (%):              193.20 %
Payload Promedio por Nodo (MB): 2.99 MB
==================================================


==================================================
 TEST RUN 3 (Prueba de Estrés)
==================================================

==================================================
1. EVALUACIÓN Y ENTRENAMIENTO DEL MODELO IA
==================================================
-> Archivo 'best_model.pth' encontrado en caché.

==================================================
2. DISTRIBUYENDO EL MODELO VÍA gRPC
==================================================
Worker [192.168.98.143:30000] respondió: OK
Worker [192.168.98.144:30000] respondió: OK

==================================================
3. INICIANDO BENCHMARK DE INFERENCIA (RED gRPC)
==================================================

==================================================
 RESULTADOS DE LA COMPARATIVA TÉCNICA (gRPC) 
==================================================
Protocolo de Comunicación:     gRPC (Protobuf)
Tiempo Total (s):              0.36 s
Throughput (img/s):            5602.99
Tasa de Éxito (%):             100.0 %
Latencia RTT Promedio (ms):    292.01 ms
Tiempo T_proc Promedio (ms):   201.30 ms
Pico Máx. RAM Worker (MB):     375.56 MB
CPU Promedio (%):              191.30 %
Payload Promedio por Nodo (MB): 2.99 MB
==================================================


==================================================
 TEST RUN 4 (Prueba de Estrés)
==================================================

==================================================
1. EVALUACIÓN Y ENTRENAMIENTO DEL MODELO IA
==================================================
-> Archivo 'best_model.pth' encontrado en caché.

==================================================
2. DISTRIBUYENDO EL MODELO VÍA gRPC
==================================================
Worker [192.168.98.143:30000] respondió: OK
Worker [192.168.98.144:30000] respondió: OK

==================================================
3. INICIANDO BENCHMARK DE INFERENCIA (RED gRPC)
==================================================

==================================================
 RESULTADOS DE LA COMPARATIVA TÉCNICA (gRPC) 
==================================================
Protocolo de Comunicación:     gRPC (Protobuf)
Tiempo Total (s):              0.40 s
Throughput (img/s):            4974.24
Tasa de Éxito (%):             100.0 %
Latencia RTT Promedio (ms):    397.94 ms
Tiempo T_proc Promedio (ms):   375.41 ms
Pico Máx. RAM Worker (MB):     404.62 MB
CPU Promedio (%):              203.10 %
Payload Promedio por Nodo (MB): 2.99 MB
==================================================


==================================================
 TEST RUN 5 (Prueba de Estrés)
==================================================

==================================================
1. EVALUACIÓN Y ENTRENAMIENTO DEL MODELO IA
==================================================
-> Archivo 'best_model.pth' encontrado en caché.

==================================================
2. DISTRIBUYENDO EL MODELO VÍA gRPC
==================================================
Worker [192.168.98.143:30000] respondió: OK
Worker [192.168.98.144:30000] respondió: OK

==================================================
3. INICIANDO BENCHMARK DE INFERENCIA (RED gRPC)
==================================================

==================================================
 RESULTADOS DE LA COMPARATIVA TÉCNICA (gRPC) 
==================================================
Protocolo de Comunicación:     gRPC (Protobuf)
Tiempo Total (s):              0.22 s
Throughput (img/s):            8968.07
Tasa de Éxito (%):             100.0 %
Latencia RTT Promedio (ms):    215.53 ms
Tiempo T_proc Promedio (ms):   196.72 ms
Pico Máx. RAM Worker (MB):     380.70 MB
CPU Promedio (%):              195.65 %
Payload Promedio por Nodo (MB): 2.99 MB
==================================================
