=== BENCHMARK COMPLETO | INICIO: 04/07/2026 17:26:10 ===

--- MÉTRICAS DE INFRAESTRUCTURA ---
  [OK] T_deploy total: 83.52 segundos
  [WARN] Métricas no disponibles para worker-mnist-lk2cg.
  [OK] Nodo node-a - CPU Reposo: 0.0% | RAM Reposo: 0.0
  [OK] Nodo node-a - Tiempo Real Arranque: 1533.36 ms
  [WARN] Métricas no disponibles para worker-mnist-pfqkr.
  [OK] Nodo node-b - CPU Reposo: 0.0% | RAM Reposo: 0.0
  [OK] Nodo node-b - Tiempo Real Arranque: 1319.46 ms


==================================================
 TEST RUN 1 (Prueba de Estrés)
==================================================

==================================================
1. EVALUACIÓN Y ENTRENAMIENTO DEL MODELO IA
==================================================
-> Descargando y preparando dataset MNIST (80% Train / 20% Val)...
Downloading http://yann.lecun.com/exdb/mnist/train-images-idx3-ubyte.gz
Failed to download (trying next):
HTTP Error 404: Not Found

Downloading https://ossci-datasets.s3.amazonaws.com/mnist/train-images-idx3-ubyte.gz
Downloading https://ossci-datasets.s3.amazonaws.com/mnist/train-images-idx3-ubyte.gz to ./data/MNIST/raw/train-images-idx3-ubyte.gz
  0%|          | 0/9912422 [00:00<?, ?it/s] 71%|███████   | 7045120/9912422 [00:00<00:00, 66836097.68it/s]100%|██████████| 9912422/9912422 [00:00<00:00, 26779345.99it/s]
Extracting ./data/MNIST/raw/train-images-idx3-ubyte.gz to ./data/MNIST/raw

Downloading http://yann.lecun.com/exdb/mnist/train-labels-idx1-ubyte.gz
Failed to download (trying next):
HTTP Error 404: Not Found

Downloading https://ossci-datasets.s3.amazonaws.com/mnist/train-labels-idx1-ubyte.gz
Downloading https://ossci-datasets.s3.amazonaws.com/mnist/train-labels-idx1-ubyte.gz to ./data/MNIST/raw/train-labels-idx1-ubyte.gz
  0%|          | 0/28881 [00:00<?, ?it/s]100%|██████████| 28881/28881 [00:00<00:00, 292319.39it/s]
Extracting ./data/MNIST/raw/train-labels-idx1-ubyte.gz to ./data/MNIST/raw

Downloading http://yann.lecun.com/exdb/mnist/t10k-images-idx3-ubyte.gz
Failed to download (trying next):
HTTP Error 404: Not Found

Downloading https://ossci-datasets.s3.amazonaws.com/mnist/t10k-images-idx3-ubyte.gz
Downloading https://ossci-datasets.s3.amazonaws.com/mnist/t10k-images-idx3-ubyte.gz to ./data/MNIST/raw/t10k-images-idx3-ubyte.gz
  0%|          | 0/1648877 [00:00<?, ?it/s]  2%|▏         | 32768/1648877 [00:00<00:05, 316630.74it/s]  6%|▌         | 98304/1648877 [00:00<00:03, 491692.47it/s] 12%|█▏        | 196608/1648877 [00:00<00:02, 689726.64it/s] 24%|██▍       | 393216/1648877 [00:00<00:01, 1149696.67it/s] 48%|████▊     | 786432/1648877 [00:00<00:00, 2082292.40it/s] 78%|███████▊  | 1277952/1648877 [00:00<00:00, 2600303.82it/s]100%|██████████| 1648877/1648877 [00:00<00:00, 2432695.79it/s]
Extracting ./data/MNIST/raw/t10k-images-idx3-ubyte.gz to ./data/MNIST/raw

Downloading http://yann.lecun.com/exdb/mnist/t10k-labels-idx1-ubyte.gz
Failed to download (trying next):
HTTP Error 404: Not Found

Downloading https://ossci-datasets.s3.amazonaws.com/mnist/t10k-labels-idx1-ubyte.gz
Downloading https://ossci-datasets.s3.amazonaws.com/mnist/t10k-labels-idx1-ubyte.gz to ./data/MNIST/raw/t10k-labels-idx1-ubyte.gz
  0%|          | 0/4542 [00:00<?, ?it/s]100%|██████████| 4542/4542 [00:00<00:00, 14976830.79it/s]
Extracting ./data/MNIST/raw/t10k-labels-idx1-ubyte.gz to ./data/MNIST/raw

-> Entrenando modelo...
-> Evaluando modelo con datos de validación...

--- MÉTRICAS DEL MODELO (IA) ---
Precisión (Validation Accuracy): 98.22%
Tiempo de entrenamiento:         7.79 s
Peso del artefacto (.pth):       1.61 MB
-> Gráficas generadas y guardadas en la carpeta 'assets/'.


==================================================
2. DISTRIBUYENDO EL MODELO VÍA gRPC
==================================================
Worker [192.168.98.143:30000] respondió: OK
Worker [192.168.98.144:30000] respondió: OK

==================================================
3. INICIANDO BENCHMARK DE INFERENCIA (RED gRPC)
==================================================

==================================================
 RESULTADOS DE LA COMPARATIVA TÉCNICA (gRPC) 
==================================================
Protocolo de Comunicación:     gRPC (Protobuf)
Tiempo Total (s):              0.31 s
Throughput (img/s):            6533.34
Tasa de Éxito (%):             100.0 %
Latencia RTT Promedio (ms):    299.14 ms
Tiempo T_proc Promedio (ms):   262.93 ms
Pico Máx. RAM Worker (MB):     293.74 MB
CPU Promedio (%):              176.85 %
Payload Promedio por Nodo (MB): 2.99 MB
==================================================


==================================================
 TEST RUN 2 (Prueba de Estrés)
==================================================

==================================================
1. EVALUACIÓN Y ENTRENAMIENTO DEL MODELO IA
==================================================
-> Archivo 'best_model.pth' encontrado en caché.

==================================================
2. DISTRIBUYENDO EL MODELO VÍA gRPC
==================================================
Worker [192.168.98.143:30000] respondió: OK
Worker [192.168.98.144:30000] respondió: OK

==================================================
3. INICIANDO BENCHMARK DE INFERENCIA (RED gRPC)
==================================================

==================================================
 RESULTADOS DE LA COMPARATIVA TÉCNICA (gRPC) 
==================================================
Protocolo de Comunicación:     gRPC (Protobuf)
Tiempo Total (s):              0.43 s
Throughput (img/s):            4601.05
Tasa de Éxito (%):             100.0 %
Latencia RTT Promedio (ms):    429.17 ms
Tiempo T_proc Promedio (ms):   382.09 ms
Pico Máx. RAM Worker (MB):     400.42 MB
CPU Promedio (%):              266.00 %
Payload Promedio por Nodo (MB): 2.99 MB
==================================================


==================================================
 TEST RUN 3 (Prueba de Estrés)
==================================================

==================================================
1. EVALUACIÓN Y ENTRENAMIENTO DEL MODELO IA
==================================================
-> Archivo 'best_model.pth' encontrado en caché.

==================================================
2. DISTRIBUYENDO EL MODELO VÍA gRPC
==================================================
Worker [192.168.98.143:30000] respondió: OK
Worker [192.168.98.144:30000] respondió: OK

==================================================
3. INICIANDO BENCHMARK DE INFERENCIA (RED gRPC)
==================================================

==================================================
 RESULTADOS DE LA COMPARATIVA TÉCNICA (gRPC) 
==================================================
Protocolo de Comunicación:     gRPC (Protobuf)
Tiempo Total (s):              0.27 s
Throughput (img/s):            7514.21
Tasa de Éxito (%):             100.0 %
Latencia RTT Promedio (ms):    258.77 ms
Tiempo T_proc Promedio (ms):   208.52 ms
Pico Máx. RAM Worker (MB):     378.45 MB
CPU Promedio (%):              191.90 %
Payload Promedio por Nodo (MB): 2.99 MB
==================================================


==================================================
 TEST RUN 4 (Prueba de Estrés)
==================================================

==================================================
1. EVALUACIÓN Y ENTRENAMIENTO DEL MODELO IA
==================================================
-> Archivo 'best_model.pth' encontrado en caché.

==================================================
2. DISTRIBUYENDO EL MODELO VÍA gRPC
==================================================
Worker [192.168.98.143:30000] respondió: OK
Worker [192.168.98.144:30000] respondió: OK

==================================================
3. INICIANDO BENCHMARK DE INFERENCIA (RED gRPC)
==================================================

==================================================
 RESULTADOS DE LA COMPARATIVA TÉCNICA (gRPC) 
==================================================
Protocolo de Comunicación:     gRPC (Protobuf)
Tiempo Total (s):              0.40 s
Throughput (img/s):            4955.98
Tasa de Éxito (%):             100.0 %
Latencia RTT Promedio (ms):    388.57 ms
Tiempo T_proc Promedio (ms):   345.76 ms
Pico Máx. RAM Worker (MB):     425.18 MB
CPU Promedio (%):              186.90 %
Payload Promedio por Nodo (MB): 2.99 MB
==================================================


==================================================
 TEST RUN 5 (Prueba de Estrés)
==================================================

==================================================
1. EVALUACIÓN Y ENTRENAMIENTO DEL MODELO IA
==================================================
-> Archivo 'best_model.pth' encontrado en caché.

==================================================
2. DISTRIBUYENDO EL MODELO VÍA gRPC
==================================================
Worker [192.168.98.143:30000] respondió: OK
Worker [192.168.98.144:30000] respondió: OK

==================================================
3. INICIANDO BENCHMARK DE INFERENCIA (RED gRPC)
==================================================

==================================================
 RESULTADOS DE LA COMPARATIVA TÉCNICA (gRPC) 
==================================================
Protocolo de Comunicación:     gRPC (Protobuf)
Tiempo Total (s):              0.24 s
Throughput (img/s):            8260.21
Tasa de Éxito (%):             100.0 %
Latencia RTT Promedio (ms):    236.64 ms
Tiempo T_proc Promedio (ms):   193.51 ms
Pico Máx. RAM Worker (MB):     402.25 MB
CPU Promedio (%):              186.05 %
Payload Promedio por Nodo (MB): 2.99 MB
==================================================
