=== BENCHMARK COMPLETO | INICIO: 08/09/2026 22:15:25 ===

--- MÉTRICAS DE INFRAESTRUCTURA ---
  [OK] T_deploy total: 77.83 segundos
  [OK] Nodo node-a - CPU Reposo (Global): 0% | RAM Reposo (Global): 790 MB
  [OK] Nodo node-a - Tiempo Real Arranque: 1356.08 ms
  [OK] Nodo node-b - CPU Reposo (Global): 0% | RAM Reposo (Global): 798 MB
  [OK] Nodo node-b - Tiempo Real Arranque: 1294.4 ms


==================================================
 TEST RUN 1 (Prueba de Estrés)
==================================================

==================================================
1. EVALUACIÓN Y ENTRENAMIENTO DEL MODELO IA
==================================================
-> Archivo 'best_model.pth' encontrado en caché.

==================================================
2. DISTRIBUYENDO EL MODELO VÍA ZEROMQ
==================================================
Worker [tcp://192.168.98.143:30000] respondió: OK - Modelo cargado
Worker [tcp://192.168.98.144:30000] respondió: OK - Modelo cargado

==================================================
3. INICIANDO BENCHMARK DE INFERENCIA (RED ZEROMQ)
==================================================

==================================================
 RESULTADOS DE LA COMPARATIVA TÉCNICA (ZeroMQ) 
==================================================
Protocolo de Comunicación:     ZeroMQ (Protobuf)
Tiempo Total (s):              0.26 s
Throughput (img/s):            7826.81
Tasa de Éxito (%):             100.0 %
Latencia RTT Promedio (ms):    252.54 ms
Tiempo T_proc Promedio (ms):   235.72 ms
Pico Máx. RAM Worker (MB):     286.96 MB
CPU Promedio (%):              184.50 %
Payload Promedio por Nodo (MB): 2.99 MB
==================================================


==================================================
 TEST RUN 2 (Prueba de Estrés)
==================================================

==================================================
1. EVALUACIÓN Y ENTRENAMIENTO DEL MODELO IA
==================================================
-> Archivo 'best_model.pth' encontrado en caché.

==================================================
2. DISTRIBUYENDO EL MODELO VÍA ZEROMQ
==================================================
Worker [tcp://192.168.98.143:30000] respondió: OK - Modelo cargado
Worker [tcp://192.168.98.144:30000] respondió: OK - Modelo cargado

==================================================
3. INICIANDO BENCHMARK DE INFERENCIA (RED ZEROMQ)
==================================================

==================================================
 RESULTADOS DE LA COMPARATIVA TÉCNICA (ZeroMQ) 
==================================================
Protocolo de Comunicación:     ZeroMQ (Protobuf)
Tiempo Total (s):              0.23 s
Throughput (img/s):            8630.70
Tasa de Éxito (%):             100.0 %
Latencia RTT Promedio (ms):    230.40 ms
Tiempo T_proc Promedio (ms):   199.67 ms
Pico Máx. RAM Worker (MB):     267.56 MB
CPU Promedio (%):              197.90 %
Payload Promedio por Nodo (MB): 2.99 MB
==================================================
