=== BENCHMARK COMPLETO | INICIO: 16/09/2026 16:21:49 ===

--- MÉTRICAS DE INFRAESTRUCTURA ---
  [OK] T_deploy total: 73.83 segundos
  [OK] Nodo node-a - CPU Reposo (Global): 1% | RAM Reposo (Global): 796 MB
  [OK] Nodo node-a - Tiempo Real Arranque: 1812.44 ms
  [OK] Nodo node-b - CPU Reposo (Global): 1% | RAM Reposo (Global): 823 MB
  [OK] Nodo node-b - Tiempo Real Arranque: 658.65 ms


==================================================
 TEST RUN 1 (Prueba de Estrés)
==================================================

==================================================
1. EVALUACIÓN Y ENTRENAMIENTO DEL MODELO IA
==================================================
-> Archivo 'best_model.pth' encontrado en caché.

==================================================
2. DISTRIBUYENDO EL MODELO VÍA ZEROMQ
==================================================
Worker [tcp://192.168.98.143:30000] respondió: OK - Modelo cargado
Worker [tcp://192.168.98.144:30000] respondió: OK - Modelo cargado

==================================================
3. INICIANDO BENCHMARK DE INFERENCIA (RED ZEROMQ)
==================================================

==================================================
 RESULTADOS DE LA COMPARATIVA TÉCNICA (ZeroMQ) 
==================================================
Protocolo de Comunicación:     ZeroMQ (Protobuf)
Tiempo Total (s):              0.44 s
Throughput (img/s):            4589.20
Tasa de Éxito (%):             100.0 %
Latencia RTT Promedio (ms):    342.41 ms
Tiempo T_proc Promedio (ms):   205.49 ms
Pico Máx. RAM Worker (MB):     289.95 MB
CPU Promedio (%):              179.15 %
Payload Promedio por Nodo (MB): 2.99 MB
==================================================


==================================================
 TEST RUN 2 (Prueba de Estrés)
==================================================

==================================================
1. EVALUACIÓN Y ENTRENAMIENTO DEL MODELO IA
==================================================
-> Archivo 'best_model.pth' encontrado en caché.

==================================================
2. DISTRIBUYENDO EL MODELO VÍA ZEROMQ
==================================================
Worker [tcp://192.168.98.143:30000] respondió: OK - Modelo cargado
Worker [tcp://192.168.98.144:30000] respondió: OK - Modelo cargado

==================================================
3. INICIANDO BENCHMARK DE INFERENCIA (RED ZEROMQ)
==================================================

==================================================
 RESULTADOS DE LA COMPARATIVA TÉCNICA (ZeroMQ) 
==================================================
Protocolo de Comunicación:     ZeroMQ (Protobuf)
Tiempo Total (s):              0.39 s
Throughput (img/s):            5103.22
Tasa de Éxito (%):             100.0 %
Latencia RTT Promedio (ms):    298.38 ms
Tiempo T_proc Promedio (ms):   187.22 ms
Pico Máx. RAM Worker (MB):     270.55 MB
CPU Promedio (%):              200.25 %
Payload Promedio por Nodo (MB): 2.99 MB
==================================================
