=== BENCHMARK COMPLETO | INICIO: 16/09/2026 16:07:43 ===

--- MÉTRICAS DE INFRAESTRUCTURA ---
  [OK] T_deploy total: 75.44 segundos
  [OK] Nodo node-a - CPU Reposo (Global): 1% | RAM Reposo (Global): 852 MB
  [OK] Nodo node-a - Tiempo Real Arranque: 1659.84 ms
  [OK] Nodo node-b - CPU Reposo (Global): 1% | RAM Reposo (Global): 845 MB
  [OK] Nodo node-b - Tiempo Real Arranque: 2500.6 ms


==================================================
 TEST RUN 1 (Prueba de Estrés)
==================================================

==================================================
1. EVALUACIÓN Y ENTRENAMIENTO DEL MODELO IA
==================================================
-> Archivo 'best_model.pth' encontrado en caché.

==================================================
2. DISTRIBUYENDO EL MODELO VÍA ZEROMQ
==================================================
Worker [tcp://192.168.98.143:30000] respondió: OK - Modelo cargado
Worker [tcp://192.168.98.144:30000] respondió: OK - Modelo cargado

==================================================
3. INICIANDO BENCHMARK DE INFERENCIA (RED ZEROMQ)
==================================================

==================================================
 RESULTADOS DE LA COMPARATIVA TÉCNICA (ZeroMQ) 
==================================================
Protocolo de Comunicación:     ZeroMQ (Protobuf)
Tiempo Total (s):              0.26 s
Throughput (img/s):            7551.68
Tasa de Éxito (%):             100.0 %
Latencia RTT Promedio (ms):    257.72 ms
Tiempo T_proc Promedio (ms):   242.38 ms
Pico Máx. RAM Worker (MB):     288.06 MB
CPU Promedio (%):              177.35 %
Payload Promedio por Nodo (MB): 2.99 MB
==================================================


==================================================
 TEST RUN 2 (Prueba de Estrés)
==================================================

==================================================
1. EVALUACIÓN Y ENTRENAMIENTO DEL MODELO IA
==================================================
-> Archivo 'best_model.pth' encontrado en caché.

==================================================
2. DISTRIBUYENDO EL MODELO VÍA ZEROMQ
==================================================
Worker [tcp://192.168.98.143:30000] respondió: OK - Modelo cargado
Worker [tcp://192.168.98.144:30000] respondió: OK - Modelo cargado

==================================================
3. INICIANDO BENCHMARK DE INFERENCIA (RED ZEROMQ)
==================================================

==================================================
 RESULTADOS DE LA COMPARATIVA TÉCNICA (ZeroMQ) 
==================================================
Protocolo de Comunicación:     ZeroMQ (Protobuf)
Tiempo Total (s):              0.20 s
Throughput (img/s):            9874.67
Tasa de Éxito (%):             100.0 %
Latencia RTT Promedio (ms):    200.59 ms
Tiempo T_proc Promedio (ms):   188.98 ms
Pico Máx. RAM Worker (MB):     323.62 MB
CPU Promedio (%):              198.40 %
Payload Promedio por Nodo (MB): 2.99 MB
==================================================
