=== BENCHMARK COMPLETO | INICIO: 16/09/2026 14:57:17 ===

--- MÉTRICAS DE INFRAESTRUCTURA ---
  [OK] T_deploy total: 121.23 segundos
  [OK] Nodo node-a - CPU Reposo (Global): 1% | RAM Reposo (Global): 802 MB
  [OK] Nodo node-a - Tiempo Real Arranque: 1329.87 ms
  [OK] Nodo node-b - CPU Reposo (Global): 0% | RAM Reposo (Global): 812 MB
  [OK] Nodo node-b - Tiempo Real Arranque: 1710.91 ms


==================================================
 TEST RUN 1 (Prueba de Estrés)
==================================================

==================================================
1. EVALUACIÓN Y ENTRENAMIENTO DEL MODELO IA
==================================================
-> Archivo 'best_model.pth' encontrado en caché.

==================================================
2. DISTRIBUYENDO EL MODELO VÍA ZEROMQ
==================================================
Worker [tcp://192.168.98.143:30000] respondió: OK - Modelo cargado
Worker [tcp://192.168.98.144:30000] respondió: OK - Modelo cargado

==================================================
3. INICIANDO BENCHMARK DE INFERENCIA (RED ZEROMQ)
==================================================

==================================================
 RESULTADOS DE LA COMPARATIVA TÉCNICA (ZeroMQ) 
==================================================
Protocolo de Comunicación:     ZeroMQ (Protobuf)
Tiempo Total (s):              0.48 s
Throughput (img/s):            4180.71
Tasa de Éxito (%):             100.0 %
Latencia RTT Promedio (ms):    448.88 ms
Tiempo T_proc Promedio (ms):   408.35 ms
Pico Máx. RAM Worker (MB):     287.05 MB
CPU Promedio (%):              161.40 %
Payload Promedio por Nodo (MB): 2.99 MB
==================================================


==================================================
 TEST RUN 2 (Prueba de Estrés)
==================================================

==================================================
1. EVALUACIÓN Y ENTRENAMIENTO DEL MODELO IA
==================================================
-> Archivo 'best_model.pth' encontrado en caché.

==================================================
2. DISTRIBUYENDO EL MODELO VÍA ZEROMQ
==================================================
Worker [tcp://192.168.98.143:30000] respondió: OK - Modelo cargado
Worker [tcp://192.168.98.144:30000] respondió: OK - Modelo cargado

==================================================
3. INICIANDO BENCHMARK DE INFERENCIA (RED ZEROMQ)
==================================================

==================================================
 RESULTADOS DE LA COMPARATIVA TÉCNICA (ZeroMQ) 
==================================================
Protocolo de Comunicación:     ZeroMQ (Protobuf)
Tiempo Total (s):              0.32 s
Throughput (img/s):            6312.08
Tasa de Éxito (%):             100.0 %
Latencia RTT Promedio (ms):    273.71 ms
Tiempo T_proc Promedio (ms):   233.59 ms
Pico Máx. RAM Worker (MB):     267.64 MB
CPU Promedio (%):              187.30 %
Payload Promedio por Nodo (MB): 2.99 MB
==================================================
