=== BENCHMARK COMPLETO | INICIO: 08/09/2026 22:28:01 ===

--- MÉTRICAS DE INFRAESTRUCTURA ---
  [OK] T_deploy total: 87.58 segundos
  [OK] Nodo node-a - CPU Reposo (Global): 0% | RAM Reposo (Global): 813 MB
  [OK] Nodo node-a - Tiempo Real Arranque: 1638.17 ms
  [OK] Nodo node-b - CPU Reposo (Global): 0% | RAM Reposo (Global): 806 MB
  [OK] Nodo node-b - Tiempo Real Arranque: 1594.55 ms


==================================================
 TEST RUN 1 (Prueba de Estrés)
==================================================

==================================================
1. EVALUACIÓN Y ENTRENAMIENTO DEL MODELO IA
==================================================
-> Archivo 'best_model.pth' encontrado en caché.

==================================================
2. DISTRIBUYENDO EL MODELO VÍA ZEROMQ
==================================================
Worker [tcp://192.168.98.143:30000] respondió: OK - Modelo cargado
Worker [tcp://192.168.98.144:30000] respondió: OK - Modelo cargado

==================================================
3. INICIANDO BENCHMARK DE INFERENCIA (RED ZEROMQ)
==================================================

==================================================
 RESULTADOS DE LA COMPARATIVA TÉCNICA (ZeroMQ) 
==================================================
Protocolo de Comunicación:     ZeroMQ (Protobuf)
Tiempo Total (s):              0.42 s
Throughput (img/s):            4740.05
Tasa de Éxito (%):             100.0 %
Latencia RTT Promedio (ms):    327.64 ms
Tiempo T_proc Promedio (ms):   200.82 ms
Pico Máx. RAM Worker (MB):     289.76 MB
CPU Promedio (%):              189.55 %
Payload Promedio por Nodo (MB): 2.99 MB
==================================================


==================================================
 TEST RUN 2 (Prueba de Estrés)
==================================================

==================================================
1. EVALUACIÓN Y ENTRENAMIENTO DEL MODELO IA
==================================================
-> Archivo 'best_model.pth' encontrado en caché.

==================================================
2. DISTRIBUYENDO EL MODELO VÍA ZEROMQ
==================================================
Worker [tcp://192.168.98.143:30000] respondió: OK - Modelo cargado
Worker [tcp://192.168.98.144:30000] respondió: OK - Modelo cargado

==================================================
3. INICIANDO BENCHMARK DE INFERENCIA (RED ZEROMQ)
==================================================

==================================================
 RESULTADOS DE LA COMPARATIVA TÉCNICA (ZeroMQ) 
==================================================
Protocolo de Comunicación:     ZeroMQ (Protobuf)
Tiempo Total (s):              0.42 s
Throughput (img/s):            4810.61
Tasa de Éxito (%):             100.0 %
Latencia RTT Promedio (ms):    323.95 ms
Tiempo T_proc Promedio (ms):   199.68 ms
Pico Máx. RAM Worker (MB):     325.79 MB
CPU Promedio (%):              193.35 %
Payload Promedio por Nodo (MB): 2.99 MB
==================================================
