=== BENCHMARK COMPLETO | INICIO: 04/07/2026 23:15:00 ===

--- MÉTRICAS DE INFRAESTRUCTURA ---
  [OK] T_deploy total: 92.77 segundos
  [OK] Nodo node-b - CPU Reposo (Global): 1% | RAM Reposo (Global): 884 MB
  [OK] Nodo node-b - Tiempo Real Arranque: 1339.36 ms
  [OK] Nodo node-a - CPU Reposo (Global): 1% | RAM Reposo (Global): 867 MB
  [OK] Nodo node-a - Tiempo Real Arranque: 1525.48 ms


==================================================
 TEST RUN 1 (Prueba de Estrés)
==================================================

==================================================
1. EVALUACIÓN Y ENTRENAMIENTO DEL MODELO IA
==================================================
-> Archivo 'best_model.pth' encontrado en caché.

==================================================
2. DISTRIBUYENDO EL MODELO VÍA ZEROMQ
==================================================
Worker [tcp://192.168.98.143:30000] respondió: OK - Modelo cargado
Worker [tcp://192.168.98.144:30000] respondió: OK - Modelo cargado

==================================================
3. INICIANDO BENCHMARK DE INFERENCIA (RED ZEROMQ)
==================================================

==================================================
 RESULTADOS DE LA COMPARATIVA TÉCNICA (ZeroMQ) 
==================================================
Protocolo de Comunicación:     ZeroMQ (Protobuf)
Tiempo Total (s):              0.24 s
Throughput (img/s):            8484.37
Tasa de Éxito (%):             100.0 %
Latencia RTT Promedio (ms):    227.15 ms
Tiempo T_proc Promedio (ms):   209.62 ms
Pico Máx. RAM Worker (MB):     287.74 MB
CPU Promedio (%):              195.65 %
Payload Promedio por Nodo (MB): 2.99 MB
==================================================


==================================================
 TEST RUN 2 (Prueba de Estrés)
==================================================

==================================================
1. EVALUACIÓN Y ENTRENAMIENTO DEL MODELO IA
==================================================
-> Archivo 'best_model.pth' encontrado en caché.

==================================================
2. DISTRIBUYENDO EL MODELO VÍA ZEROMQ
==================================================
Worker [tcp://192.168.98.143:30000] respondió: OK - Modelo cargado
Worker [tcp://192.168.98.144:30000] respondió: OK - Modelo cargado

==================================================
3. INICIANDO BENCHMARK DE INFERENCIA (RED ZEROMQ)
==================================================

==================================================
 RESULTADOS DE LA COMPARATIVA TÉCNICA (ZeroMQ) 
==================================================
Protocolo de Comunicación:     ZeroMQ (Protobuf)
Tiempo Total (s):              0.24 s
Throughput (img/s):            8194.76
Tasa de Éxito (%):             100.0 %
Latencia RTT Promedio (ms):    229.28 ms
Tiempo T_proc Promedio (ms):   190.44 ms
Pico Máx. RAM Worker (MB):     326.41 MB
CPU Promedio (%):              199.50 %
Payload Promedio por Nodo (MB): 2.99 MB
==================================================


==================================================
 TEST RUN 3 (Prueba de Estrés)
==================================================

==================================================
1. EVALUACIÓN Y ENTRENAMIENTO DEL MODELO IA
==================================================
-> Archivo 'best_model.pth' encontrado en caché.

==================================================
2. DISTRIBUYENDO EL MODELO VÍA ZEROMQ
==================================================
Worker [tcp://192.168.98.143:30000] respondió: OK - Modelo cargado
Worker [tcp://192.168.98.144:30000] respondió: OK - Modelo cargado

==================================================
3. INICIANDO BENCHMARK DE INFERENCIA (RED ZEROMQ)
==================================================

==================================================
 RESULTADOS DE LA COMPARATIVA TÉCNICA (ZeroMQ) 
==================================================
Protocolo de Comunicación:     ZeroMQ (Protobuf)
Tiempo Total (s):              0.21 s
Throughput (img/s):            9741.50
Tasa de Éxito (%):             100.0 %
Latencia RTT Promedio (ms):    203.03 ms
Tiempo T_proc Promedio (ms):   188.76 ms
Pico Máx. RAM Worker (MB):     290.65 MB
CPU Promedio (%):              195.95 %
Payload Promedio por Nodo (MB): 2.99 MB
==================================================


==================================================
 TEST RUN 4 (Prueba de Estrés)
==================================================

==================================================
1. EVALUACIÓN Y ENTRENAMIENTO DEL MODELO IA
==================================================
-> Archivo 'best_model.pth' encontrado en caché.

==================================================
2. DISTRIBUYENDO EL MODELO VÍA ZEROMQ
==================================================
Worker [tcp://192.168.98.143:30000] respondió: OK - Modelo cargado
Worker [tcp://192.168.98.144:30000] respondió: OK - Modelo cargado

==================================================
3. INICIANDO BENCHMARK DE INFERENCIA (RED ZEROMQ)
==================================================

==================================================
 RESULTADOS DE LA COMPARATIVA TÉCNICA (ZeroMQ) 
==================================================
Protocolo de Comunicación:     ZeroMQ (Protobuf)
Tiempo Total (s):              0.39 s
Throughput (img/s):            5143.69
Tasa de Éxito (%):             100.0 %
Latencia RTT Promedio (ms):    295.59 ms
Tiempo T_proc Promedio (ms):   186.51 ms
Pico Máx. RAM Worker (MB):     266.96 MB
CPU Promedio (%):              195.65 %
Payload Promedio por Nodo (MB): 2.99 MB
==================================================


==================================================
 TEST RUN 5 (Prueba de Estrés)
==================================================

==================================================
1. EVALUACIÓN Y ENTRENAMIENTO DEL MODELO IA
==================================================
-> Archivo 'best_model.pth' encontrado en caché.

==================================================
2. DISTRIBUYENDO EL MODELO VÍA ZEROMQ
==================================================
Worker [tcp://192.168.98.143:30000] respondió: OK - Modelo cargado
Worker [tcp://192.168.98.144:30000] respondió: OK - Modelo cargado

==================================================
3. INICIANDO BENCHMARK DE INFERENCIA (RED ZEROMQ)
==================================================

==================================================
 RESULTADOS DE LA COMPARATIVA TÉCNICA (ZeroMQ) 
==================================================
Protocolo de Comunicación:     ZeroMQ (Protobuf)
Tiempo Total (s):              0.22 s
Throughput (img/s):            9076.82
Tasa de Éxito (%):             100.0 %
Latencia RTT Promedio (ms):    219.04 ms
Tiempo T_proc Promedio (ms):   200.08 ms
Pico Máx. RAM Worker (MB):     266.97 MB
CPU Promedio (%):              199.90 %
Payload Promedio por Nodo (MB): 2.99 MB
==================================================
