=== BENCHMARK COMPLETO | INICIO: 08/09/2026 22:01:09 ===

--- MÉTRICAS DE INFRAESTRUCTURA ---
  [OK] T_deploy total: 97.3 segundos
  [OK] Nodo node-a - CPU Reposo (Global): 0% | RAM Reposo (Global): 825 MB
  [OK] Nodo node-a - Tiempo Real Arranque: 2205.59 ms
  [OK] Nodo node-b - CPU Reposo (Global): 0% | RAM Reposo (Global): 850 MB
  [OK] Nodo node-b - Tiempo Real Arranque: 2405.93 ms


==================================================
 TEST RUN 1 (Prueba de Estrés)
==================================================

==================================================
1. EVALUACIÓN Y ENTRENAMIENTO DEL MODELO IA
==================================================
-> Archivo 'best_model.pth' encontrado en caché.

==================================================
2. DISTRIBUYENDO EL MODELO VÍA ZEROMQ
==================================================
Worker [tcp://192.168.98.143:30000] respondió: OK - Modelo cargado
Worker [tcp://192.168.98.144:30000] respondió: OK - Modelo cargado

==================================================
3. INICIANDO BENCHMARK DE INFERENCIA (RED ZEROMQ)
==================================================

==================================================
 RESULTADOS DE LA COMPARATIVA TÉCNICA (ZeroMQ) 
==================================================
Protocolo de Comunicación:     ZeroMQ (Protobuf)
Tiempo Total (s):              0.27 s
Throughput (img/s):            7487.23
Tasa de Éxito (%):             100.0 %
Latencia RTT Promedio (ms):    261.56 ms
Tiempo T_proc Promedio (ms):   247.03 ms
Pico Máx. RAM Worker (MB):     289.72 MB
CPU Promedio (%):              182.25 %
Payload Promedio por Nodo (MB): 2.99 MB
==================================================


==================================================
 TEST RUN 2 (Prueba de Estrés)
==================================================

==================================================
1. EVALUACIÓN Y ENTRENAMIENTO DEL MODELO IA
==================================================
-> Archivo 'best_model.pth' encontrado en caché.

==================================================
2. DISTRIBUYENDO EL MODELO VÍA ZEROMQ
==================================================
Worker [tcp://192.168.98.143:30000] respondió: OK - Modelo cargado
Worker [tcp://192.168.98.144:30000] respondió: OK - Modelo cargado

==================================================
3. INICIANDO BENCHMARK DE INFERENCIA (RED ZEROMQ)
==================================================

==================================================
 RESULTADOS DE LA COMPARATIVA TÉCNICA (ZeroMQ) 
==================================================
Protocolo de Comunicación:     ZeroMQ (Protobuf)
Tiempo Total (s):              0.28 s
Throughput (img/s):            7113.49
Tasa de Éxito (%):             100.0 %
Latencia RTT Promedio (ms):    258.98 ms
Tiempo T_proc Promedio (ms):   206.40 ms
Pico Máx. RAM Worker (MB):     268.70 MB
CPU Promedio (%):              198.60 %
Payload Promedio por Nodo (MB): 2.99 MB
==================================================
