=== BENCHMARK COMPLETO | INICIO: 30/08/2026 04:29:27 ===

--- MÉTRICAS DE INFRAESTRUCTURA ---
  [OK] T_deploy total: 79.56 segundos
  [OK] Nodo node-a - CPU Reposo (Global): 0% | RAM Reposo (Global): 842 MB
  [OK] Nodo node-a - Tiempo Real Arranque: 1010.26 ms
  [OK] Nodo node-b - CPU Reposo (Global): 1% | RAM Reposo (Global): 841 MB
  [OK] Nodo node-b - Tiempo Real Arranque: 1134.22 ms


==================================================
 TEST RUN 1 (Prueba de Estrés)
==================================================

==================================================
1. EVALUACIÓN Y ENTRENAMIENTO DEL MODELO IA
==================================================
-> Archivo 'best_model.pth' encontrado en caché.

==================================================
2. DISTRIBUYENDO EL MODELO VÍA ZEROMQ
==================================================
Worker [tcp://192.168.98.143:30000] respondió: OK - Modelo cargado
Worker [tcp://192.168.98.144:30000] respondió: OK - Modelo cargado

==================================================
3. INICIANDO BENCHMARK DE INFERENCIA (RED ZEROMQ)
==================================================

==================================================
 RESULTADOS DE LA COMPARATIVA TÉCNICA (ZeroMQ) 
==================================================
Protocolo de Comunicación:     ZeroMQ (Protobuf)
Tiempo Total (s):              0.25 s
Throughput (img/s):            7867.89
Tasa de Éxito (%):             100.0 %
Latencia RTT Promedio (ms):    251.90 ms
Tiempo T_proc Promedio (ms):   228.52 ms
Pico Máx. RAM Worker (MB):     286.83 MB
CPU Promedio (%):              188.20 %
Payload Promedio por Nodo (MB): 2.99 MB
==================================================


==================================================
 TEST RUN 2 (Prueba de Estrés)
==================================================

==================================================
1. EVALUACIÓN Y ENTRENAMIENTO DEL MODELO IA
==================================================
-> Archivo 'best_model.pth' encontrado en caché.

==================================================
2. DISTRIBUYENDO EL MODELO VÍA ZEROMQ
==================================================
Worker [tcp://192.168.98.143:30000] respondió: OK - Modelo cargado
Worker [tcp://192.168.98.144:30000] respondió: OK - Modelo cargado

==================================================
3. INICIANDO BENCHMARK DE INFERENCIA (RED ZEROMQ)
==================================================

==================================================
 RESULTADOS DE LA COMPARATIVA TÉCNICA (ZeroMQ) 
==================================================
Protocolo de Comunicación:     ZeroMQ (Protobuf)
Tiempo Total (s):              0.39 s
Throughput (img/s):            5084.11
Tasa de Éxito (%):             100.0 %
Latencia RTT Promedio (ms):    297.41 ms
Tiempo T_proc Promedio (ms):   189.41 ms
Pico Máx. RAM Worker (MB):     270.44 MB
CPU Promedio (%):              195.30 %
Payload Promedio por Nodo (MB): 2.99 MB
==================================================
