=== BENCHMARK COMPLETO | INICIO: 08/09/2026 17:16:52 ===

--- MÉTRICAS DE INFRAESTRUCTURA ---
  [OK] T_deploy total: 104.0 segundos
  [OK] Nodo node-a - CPU Reposo (Global): 0% | RAM Reposo (Global): 810 MB
  [OK] Nodo node-a - Tiempo Real Arranque: 812.61 ms
  [OK] Nodo node-b - CPU Reposo (Global): 0% | RAM Reposo (Global): 825 MB
  [OK] Nodo node-b - Tiempo Real Arranque: 1487.24 ms


==================================================
 TEST RUN 1 (Prueba de Estrés)
==================================================
Traceback (most recent call last):
  File "/home/xji650/workspace/tfg/tfg-systemd-kubernetes/kubernetes/2-src-protocols/03-zeromq-protobuf/master.py", line 8, in <module>
    from sklearn.metrics import confusion_matrix
ModuleNotFoundError: No module named 'sklearn'


==================================================
 TEST RUN 2 (Prueba de Estrés)
==================================================
Traceback (most recent call last):
  File "/home/xji650/workspace/tfg/tfg-systemd-kubernetes/kubernetes/2-src-protocols/03-zeromq-protobuf/master.py", line 8, in <module>
    from sklearn.metrics import confusion_matrix
ModuleNotFoundError: No module named 'sklearn'
